test_coordinated_explicit_denial (__main__.SoftFoodIndependentTests.test_coordinated_explicit_denial) ... 
  test_coordinated_explicit_denial (__main__.SoftFoodIndependentTests.test_coordinated_explicit_denial) (group='coordinated_explicit_denial', index=0) ... FAIL
test_independent_affirmative_occurrences (__main__.SoftFoodIndependentTests.test_independent_affirmative_occurrences) ... ok
test_multiword_local_denial (__main__.SoftFoodIndependentTests.test_multiword_local_denial) ... 
  test_multiword_local_denial (__main__.SoftFoodIndependentTests.test_multiword_local_denial) (group='multiword_local_denial', index=0) ... FAIL
  test_multiword_local_denial (__main__.SoftFoodIndependentTests.test_multiword_local_denial) (group='multiword_local_denial', index=1) ... FAIL
test_native_scripted_fixture_plan (__main__.SoftFoodIndependentTests.test_native_scripted_fixture_plan) ... 
  test_native_scripted_fixture_plan (__main__.SoftFoodIndependentTests.test_native_scripted_fixture_plan) (field='identity_and_transport') ... FAIL
  test_native_scripted_fixture_plan (__main__.SoftFoodIndependentTests.test_native_scripted_fixture_plan) (field='honest_unknown_and_positive_labels') ... FAIL
test_non_denial_controls (__main__.SoftFoodIndependentTests.test_non_denial_controls) ... ok
test_unknown_and_outing_policy (__main__.SoftFoodIndependentTests.test_unknown_and_outing_policy) ... 
  test_unknown_and_outing_policy (__main__.SoftFoodIndependentTests.test_unknown_and_outing_policy) (group='unknown_and_outing_policy', index=0) ... FAIL

======================================================================
FAIL: test_coordinated_explicit_denial (__main__.SoftFoodIndependentTests.test_coordinated_explicit_denial) (group='coordinated_explicit_denial', index=0)
----------------------------------------------------------------------
Traceback (most recent call last):
  File "/tmp/tastetable-soft-peer-cf5799f6d38b-zw1slszb/independent_soft_food_v1.py", line 113, in check_group
    self.assertEqual(verdict.checks[0].status, case["status"])
AssertionError: 'pass' != 'fail'
- pass
+ fail


======================================================================
FAIL: test_multiword_local_denial (__main__.SoftFoodIndependentTests.test_multiword_local_denial) (group='multiword_local_denial', index=0)
----------------------------------------------------------------------
Traceback (most recent call last):
  File "/tmp/tastetable-soft-peer-cf5799f6d38b-zw1slszb/independent_soft_food_v1.py", line 113, in check_group
    self.assertEqual(verdict.checks[0].status, case["status"])
AssertionError: 'pass' != 'fail'
- pass
+ fail


======================================================================
FAIL: test_multiword_local_denial (__main__.SoftFoodIndependentTests.test_multiword_local_denial) (group='multiword_local_denial', index=1)
----------------------------------------------------------------------
Traceback (most recent call last):
  File "/tmp/tastetable-soft-peer-cf5799f6d38b-zw1slszb/independent_soft_food_v1.py", line 113, in check_group
    self.assertEqual(verdict.checks[0].status, case["status"])
AssertionError: 'pass' != 'fail'
- pass
+ fail


======================================================================
FAIL: test_native_scripted_fixture_plan (__main__.SoftFoodIndependentTests.test_native_scripted_fixture_plan) (field='identity_and_transport')
----------------------------------------------------------------------
Traceback (most recent call last):
  File "/tmp/tastetable-soft-peer-cf5799f6d38b-zw1slszb/independent_soft_food_v1.py", line 175, in test_native_scripted_fixture_plan
    self.assertEqual(set(meals), set(expected["expected_meals"]))
AssertionError: Items in the first set but not the second:
'PEER-COORD'
'PEER-MULTI'
Items in the second set but not the first:
'PEER-UNKNOWN'
'PEER-PLAIN'

======================================================================
FAIL: test_native_scripted_fixture_plan (__main__.SoftFoodIndependentTests.test_native_scripted_fixture_plan) (field='honest_unknown_and_positive_labels')
----------------------------------------------------------------------
Traceback (most recent call last):
  File "/tmp/tastetable-soft-peer-cf5799f6d38b-zw1slszb/independent_soft_food_v1.py", line 178, in test_native_scripted_fixture_plan
    self.assertIn("PEER-UNKNOWN", meals)
AssertionError: 'PEER-UNKNOWN' not found in {'PEER-COORD': {'day': 'Monday', 'kind': 'restaurant', 'entity_id': 'PEER-COORD', 'name': 'Fictional PEER-COORD', 'affinity': 0.99, 'fallback': False, 'why': 'Qloo affinity 0.99 for audiences who like Synthetic Chamber Group (tag match: Diner). Checks: Soft foods: pass (soft options listed: no soup or gnocchi).'}, 'PEER-MULTI': {'day': 'Wednesday', 'kind': 'restaurant', 'entity_id': 'PEER-MULTI', 'name': 'Fictional PEER-MULTI', 'affinity': 0.98, 'fallback': False, 'why': 'Qloo affinity 0.98 for audiences who like Synthetic Chamber Group (tag match: Diner). Checks: Soft foods: pass (soft options listed: gnocchi dishes are not offered).'}, 'PEER-SAME': {'day': 'Friday', 'kind': 'restaurant', 'entity_id': 'PEER-SAME', 'name': 'Fictional PEER-SAME', 'affinity': 0.94, 'fallback': False, 'why': 'Qloo affinity 0.94 for audiences who like Synthetic Chamber Group (tag match: Diner). Checks: Soft foods: pass (soft options listed: no soup; soup available).'}, 'PEER-MIXED': {'day': 'Sunday', 'kind': 'restaurant', 'entity_id': 'PEER-MIXED', 'name': 'Fictional PEER-MIXED', 'affinity': 0.9, 'fallback': False, 'why': 'Qloo affinity 0.90 for audiences who like Synthetic Chamber Group (tag match: Diner). Checks: Soft foods: pass (soft options listed: no soup; polenta).'}}

======================================================================
FAIL: test_unknown_and_outing_policy (__main__.SoftFoodIndependentTests.test_unknown_and_outing_policy) (group='unknown_and_outing_policy', index=0)
----------------------------------------------------------------------
Traceback (most recent call last):
  File "/tmp/tastetable-soft-peer-cf5799f6d38b-zw1slszb/independent_soft_food_v1.py", line 113, in check_group
    self.assertEqual(verdict.checks[0].status, case["status"])
AssertionError: 'pass' != 'unknown'
- pass
+ unknown


----------------------------------------------------------------------
Ran 6 tests in 0.003s

FAILED (failures=6)
