2026-10-08T19:43:57.6249558Z Current runner version: '2.337.0'
2026-10-08T19:43:57.6320810Z ##[group]Runner Image Provisioner
2026-10-08T19:43:57.6322196Z Hosted Compute Agent
2026-10-08T19:43:57.6323354Z Version: 20261002.596
2026-10-08T19:43:57.6324526Z Commit: c3d12f3313a95f25162a1503be624f3b0617f8c0
2026-10-08T19:43:57.6325951Z Build Date: 2026-10-02T22:28:27Z
2026-10-08T19:43:57.6327283Z Worker ID: {42f62919-2fd2-4ed9-b792-7b22069e717d}
2026-10-08T19:43:57.6328869Z Region: eastus2
2026-10-08T19:43:57.6330005Z Cloud: Azure
2026-10-08T19:43:57.6331002Z ##[endgroup]
2026-10-08T19:43:57.6333498Z ##[group]Operating System
2026-10-08T19:43:57.6334723Z Ubuntu
2026-10-08T19:43:57.6335668Z 24.04.5
2026-10-08T19:43:57.6336712Z LTS
2026-10-08T19:43:57.6337609Z ##[endgroup]
2026-10-08T19:43:57.6338995Z ##[group]Runner Image
2026-10-08T19:43:57.6340137Z Image: ubuntu-24.04
2026-10-08T19:43:57.6341185Z Version: 20261004.327.1
2026-10-08T19:43:57.6343542Z Included Software: https://github.com/actions/runner-images/blob/ubuntu24/20261004.327/images/ubuntu/Ubuntu2404-Readme.md
2026-10-08T19:43:57.6346541Z Image Release: https://github.com/actions/runner-images/releases/tag/ubuntu24%2F20261004.327
2026-10-08T19:43:57.6348717Z ##[endgroup]
2026-10-08T19:43:57.6350983Z ##[group]GITHUB_TOKEN Permissions
2026-10-08T19:43:57.6354025Z Contents: read
2026-10-08T19:43:57.6355296Z Metadata: read
2026-10-08T19:43:57.6356269Z ##[endgroup]
2026-10-08T19:43:57.6359648Z Secret source: Actions
2026-10-08T19:43:57.6361202Z Cache mode: write
2026-10-08T19:43:57.6362467Z Prepare workflow directory
2026-10-08T19:43:57.6858100Z Prepare all required actions
2026-10-08T19:43:57.6931060Z Getting action download info
2026-10-08T19:43:57.8473115Z Download action repository 'actions/checkout@3d3c42e5aac5ba805825da76410c181273ba90b1' (SHA:3d3c42e5aac5ba805825da76410c181273ba90b1)
2026-10-08T19:43:57.9693956Z Download action repository 'actions/setup-python@5fda3b95a4ea91299a34e894583c3862153e4b97' (SHA:5fda3b95a4ea91299a34e894583c3862153e4b97)
2026-10-08T19:43:58.1923477Z Complete job name: test
2026-10-08T19:43:58.2877560Z ##[group]Run actions/checkout@3d3c42e5aac5ba805825da76410c181273ba90b1
2026-10-08T19:43:58.2878874Z with:
2026-10-08T19:43:58.2879373Z   repository: Jacob-Met/tastetable
2026-10-08T19:43:58.2883439Z   token: ***
2026-10-08T19:43:58.2883882Z   ssh-strict: true
2026-10-08T19:43:58.2884323Z   ssh-user: git
2026-10-08T19:43:58.2884769Z   persist-credentials: true
2026-10-08T19:43:58.2885252Z   clean: true
2026-10-08T19:43:58.2885702Z   sparse-checkout-cone-mode: true
2026-10-08T19:43:58.2886218Z   fetch-depth: 1
2026-10-08T19:43:58.2886645Z   fetch-tags: false
2026-10-08T19:43:58.2887089Z   show-progress: true
2026-10-08T19:43:58.2887535Z   lfs: false
2026-10-08T19:43:58.2888132Z   submodules: false
2026-10-08T19:43:58.2888588Z   set-safe-directory: true
2026-10-08T19:43:58.2889108Z   allow-unsafe-pr-checkout: false
2026-10-08T19:43:58.2889884Z ##[endgroup]
2026-10-08T19:43:58.3916073Z Syncing repository: Jacob-Met/tastetable
2026-10-08T19:43:58.3918588Z ##[group]Getting Git version info
2026-10-08T19:43:58.3919402Z Working directory is '/home/runner/work/tastetable/tastetable'
2026-10-08T19:43:58.3921264Z [command]/usr/bin/git version
2026-10-08T19:43:58.4028949Z git version 2.55.0
2026-10-08T19:43:58.4055753Z ##[endgroup]
2026-10-08T19:43:58.4068111Z Temporarily overriding HOME='/home/runner/work/_temp/74b10cd4-b60a-44cc-bccc-b831925d5ed6' before making global git config changes
2026-10-08T19:43:58.4070792Z Adding repository directory to the temporary git global config as a safe directory
2026-10-08T19:43:58.4074933Z [command]/usr/bin/git config --global --add safe.directory /home/runner/work/tastetable/tastetable
2026-10-08T19:43:58.4133501Z Deleting the contents of '/home/runner/work/tastetable/tastetable'
2026-10-08T19:43:58.4138052Z ##[group]Determining repository object format
2026-10-08T19:43:58.4139874Z ##[endgroup]
2026-10-08T19:43:58.4141155Z ##[group]Initializing the repository
2026-10-08T19:43:58.4145063Z [command]/usr/bin/git init /home/runner/work/tastetable/tastetable
2026-10-08T19:43:58.4284046Z hint: Using 'master' as the name for the initial branch. This default branch name
2026-10-08T19:43:58.4285237Z hint: will change to "main" in Git 3.0. To configure the initial branch name
2026-10-08T19:43:58.4286162Z hint: to use in all of your new repositories, which will suppress this warning,
2026-10-08T19:43:58.4286909Z hint: call:
2026-10-08T19:43:58.4287315Z hint:
2026-10-08T19:43:58.4288152Z hint: 	git config --global init.defaultBranch <name>
2026-10-08T19:43:58.4288798Z hint:
2026-10-08T19:43:58.4289399Z hint: Names commonly chosen instead of 'master' are 'main', 'trunk' and
2026-10-08T19:43:58.4290340Z hint: 'development'. The just-created branch can be renamed via this command:
2026-10-08T19:43:58.4291071Z hint:
2026-10-08T19:43:58.4291490Z hint: 	git branch -m <name>
2026-10-08T19:43:58.4292361Z hint:
2026-10-08T19:43:58.4293707Z hint: Disable this message with "git config set advice.defaultBranchName false"
2026-10-08T19:43:58.4301057Z Initialized empty Git repository in /home/runner/work/tastetable/tastetable/.git/
2026-10-08T19:43:58.4313036Z [command]/usr/bin/git remote add origin https://github.com/Jacob-Met/tastetable
2026-10-08T19:43:58.4369534Z ##[endgroup]
2026-10-08T19:43:58.4372082Z ##[group]Disabling automatic garbage collection
2026-10-08T19:43:58.4375595Z [command]/usr/bin/git config --local gc.auto 0
2026-10-08T19:43:58.4415019Z ##[endgroup]
2026-10-08T19:43:58.4416874Z ##[group]Setting up auth
2026-10-08T19:43:58.4418072Z Removing SSH command configuration
2026-10-08T19:43:58.4422022Z [command]/usr/bin/git config --local --name-only --get-regexp core\.sshCommand
2026-10-08T19:43:58.4461978Z [command]/usr/bin/git submodule foreach --recursive sh -c "git config --local --name-only --get-regexp 'core\.sshCommand' && git config --local --unset-all 'core.sshCommand' || :"
2026-10-08T19:43:58.4857027Z Removing HTTP extra header
2026-10-08T19:43:58.4862811Z [command]/usr/bin/git config --local --name-only --get-regexp http\.https\:\/\/github\.com\/\.extraheader
2026-10-08T19:43:58.4898616Z [command]/usr/bin/git submodule foreach --recursive sh -c "git config --local --name-only --get-regexp 'http\.https\:\/\/github\.com\/\.extraheader' && git config --local --unset-all 'http.https://github.com/.extraheader' || :"
2026-10-08T19:43:58.5123688Z Removing includeIf entries pointing to credentials config files
2026-10-08T19:43:58.5128965Z [command]/usr/bin/git config --local --name-only --get-regexp ^includeIf\.gitdir:
2026-10-08T19:43:58.5163197Z [command]/usr/bin/git submodule foreach --recursive git config --local --show-origin --name-only --get-regexp remote.origin.url
2026-10-08T19:43:58.5390366Z [command]/usr/bin/git config --file /home/runner/work/_temp/git-credentials-321741ee-81a1-4ec0-a176-554c2e1e3024.config http.https://github.com/.extraheader AUTHORIZATION: basic ***
2026-10-08T19:43:58.5430244Z [command]/usr/bin/git config --local includeIf.gitdir:/home/runner/work/tastetable/tastetable/.git.path /home/runner/work/_temp/git-credentials-321741ee-81a1-4ec0-a176-554c2e1e3024.config
2026-10-08T19:43:58.5466709Z [command]/usr/bin/git config --local includeIf.gitdir:/home/runner/work/tastetable/tastetable/.git/worktrees/*.path /home/runner/work/_temp/git-credentials-321741ee-81a1-4ec0-a176-554c2e1e3024.config
2026-10-08T19:43:58.5509562Z [command]/usr/bin/git config --local includeIf.gitdir:/github/workspace/.git.path /github/runner_temp/git-credentials-321741ee-81a1-4ec0-a176-554c2e1e3024.config
2026-10-08T19:43:58.5548709Z [command]/usr/bin/git config --local includeIf.gitdir:/github/workspace/.git/worktrees/*.path /github/runner_temp/git-credentials-321741ee-81a1-4ec0-a176-554c2e1e3024.config
2026-10-08T19:43:58.5579568Z ##[endgroup]
2026-10-08T19:43:58.5580507Z ##[group]Fetching the repository
2026-10-08T19:43:58.5586034Z [command]/usr/bin/git -c protocol.version=2 fetch --no-tags --prune --no-recurse-submodules --depth=1 origin +975754c987db9c5c462368ca3ba55ffed0515e8a:refs/remotes/pull/46/merge
2026-10-08T19:44:00.1062666Z From https://github.com/Jacob-Met/tastetable
2026-10-08T19:44:00.1064391Z  * [new ref]         975754c987db9c5c462368ca3ba55ffed0515e8a -> pull/46/merge
2026-10-08T19:44:00.1089727Z ##[endgroup]
2026-10-08T19:44:00.1109617Z ##[group]Determining the checkout info
2026-10-08T19:44:00.1119580Z ##[endgroup]
2026-10-08T19:44:00.1129362Z [command]/usr/bin/git sparse-checkout disable
2026-10-08T19:44:00.1141731Z [command]/usr/bin/git config --local --unset-all extensions.worktreeConfig
2026-10-08T19:44:00.1180542Z ##[group]Checking out the ref
2026-10-08T19:44:00.1188270Z [command]/usr/bin/git checkout --progress --force refs/remotes/pull/46/merge
2026-10-08T19:44:00.2099752Z Note: switching to 'refs/remotes/pull/46/merge'.
2026-10-08T19:44:00.2101113Z 
2026-10-08T19:44:00.2102101Z You are in 'detached HEAD' state. You can look around, make experimental
2026-10-08T19:44:00.2104270Z changes and commit them, and you can discard any commits you make in this
2026-10-08T19:44:00.2106363Z state without impacting any branches by switching back to a branch.
2026-10-08T19:44:00.2107655Z 
2026-10-08T19:44:00.2108835Z If you want to create a new branch to retain commits you create, you may
2026-10-08T19:44:00.2110893Z do so (now or later) by using -c with the switch command. Example:
2026-10-08T19:44:00.2112088Z 
2026-10-08T19:44:00.2112609Z   git switch -c <new-branch-name>
2026-10-08T19:44:00.2113217Z 
2026-10-08T19:44:00.2113599Z Or undo this operation with:
2026-10-08T19:44:00.2114135Z 
2026-10-08T19:44:00.2114453Z   git switch -
2026-10-08T19:44:00.2114883Z 
2026-10-08T19:44:00.2115633Z Turn off this advice by setting config variable advice.detachedHead to false
2026-10-08T19:44:00.2117180Z 
2026-10-08T19:44:00.2118832Z HEAD is now at 975754c Merge d12c0e3326d6596e46fa4a47ad9026971c28fc83 into 0f1316eed24611345e722a9938db8ce03c181404
2026-10-08T19:44:00.2123045Z ##[endgroup]
2026-10-08T19:44:00.2169216Z [command]/usr/bin/git log -1 --format=%H
2026-10-08T19:44:00.2200003Z 975754c987db9c5c462368ca3ba55ffed0515e8a
2026-10-08T19:44:00.2680702Z ##[group]Run actions/setup-python@5fda3b95a4ea91299a34e894583c3862153e4b97
2026-10-08T19:44:00.2682361Z with:
2026-10-08T19:44:00.2683259Z   python-version: 3.12
2026-10-08T19:44:00.2684261Z   check-latest: false
2026-10-08T19:44:00.2694146Z   token: ***
2026-10-08T19:44:00.2695110Z   update-environment: true
2026-10-08T19:44:00.2696191Z   allow-prereleases: false
2026-10-08T19:44:00.2697263Z   freethreaded: false
2026-10-08T19:44:00.2698459Z ##[endgroup]
2026-10-08T19:44:00.3940604Z ##[group]Installed versions
2026-10-08T19:44:00.4596735Z Successfully set up CPython (3.12.15)
2026-10-08T19:44:00.4599770Z ##[endgroup]
2026-10-08T19:44:00.4817276Z ##[group]Run pip install -r requirements.txt
2026-10-08T19:44:00.4819633Z [36;1mpip install -r requirements.txt[0m
2026-10-08T19:44:00.5195988Z shell: /usr/bin/bash -e {0}
2026-10-08T19:44:00.5197138Z env:
2026-10-08T19:44:00.5198467Z   pythonLocation: /opt/hostedtoolcache/Python/3.12.15/x64
2026-10-08T19:44:00.5200223Z   PKG_CONFIG_PATH: /opt/hostedtoolcache/Python/3.12.15/x64/lib/pkgconfig
2026-10-08T19:44:00.5201949Z   Python_ROOT_DIR: /opt/hostedtoolcache/Python/3.12.15/x64
2026-10-08T19:44:00.5203467Z   Python2_ROOT_DIR: /opt/hostedtoolcache/Python/3.12.15/x64
2026-10-08T19:44:00.5204994Z   Python3_ROOT_DIR: /opt/hostedtoolcache/Python/3.12.15/x64
2026-10-08T19:44:00.5206577Z   LD_LIBRARY_PATH: /opt/hostedtoolcache/Python/3.12.15/x64/lib
2026-10-08T19:44:00.5208050Z ##[endgroup]
2026-10-08T19:44:03.5115857Z Collecting fastapi>=0.110 (from -r requirements.txt (line 1))
2026-10-08T19:44:03.5722194Z   Downloading fastapi-0.143.0-py3-none-any.whl.metadata (26 kB)
2026-10-08T19:44:03.6144193Z Collecting uvicorn>=0.29 (from -r requirements.txt (line 2))
2026-10-08T19:44:03.6216426Z   Downloading uvicorn-0.54.0-py3-none-any.whl.metadata (6.6 kB)
2026-10-08T19:44:03.6431797Z Collecting httpx>=0.27 (from -r requirements.txt (line 3))
2026-10-08T19:44:03.6502262Z   Downloading httpx-0.28.1-py3-none-any.whl.metadata (7.1 kB)
2026-10-08T19:44:03.6831234Z Collecting pytest>=8 (from -r requirements.txt (line 4))
2026-10-08T19:44:03.6933675Z   Downloading pytest-9.1.1-py3-none-any.whl.metadata (7.6 kB)
2026-10-08T19:44:03.7343456Z Collecting starlette>=0.46.0 (from fastapi>=0.110->-r requirements.txt (line 1))
2026-10-08T19:44:03.7414839Z   Downloading starlette-1.7.0-py3-none-any.whl.metadata (6.6 kB)
2026-10-08T19:44:03.8611425Z Collecting pydantic>=2.9.0 (from fastapi>=0.110->-r requirements.txt (line 1))
2026-10-08T19:44:03.8687338Z   Downloading pydantic-2.14.0-py3-none-any.whl.metadata (131 kB)
2026-10-08T19:44:03.9095559Z Collecting typing-extensions>=4.8.0 (from fastapi>=0.110->-r requirements.txt (line 1))
2026-10-08T19:44:03.9183320Z   Downloading typing_extensions-4.16.0-py3-none-any.whl.metadata (3.3 kB)
2026-10-08T19:44:03.9336468Z Collecting typing-inspection>=0.4.2 (from fastapi>=0.110->-r requirements.txt (line 1))
2026-10-08T19:44:03.9411507Z   Downloading typing_inspection-0.4.4-py3-none-any.whl.metadata (2.6 kB)
2026-10-08T19:44:03.9550138Z Collecting annotated-doc>=0.0.2 (from fastapi>=0.110->-r requirements.txt (line 1))
2026-10-08T19:44:03.9619973Z   Downloading annotated_doc-0.0.5-py3-none-any.whl.metadata (6.5 kB)
2026-10-08T19:44:03.9835105Z Collecting opentelemetry-api>=1.44.0 (from fastapi>=0.110->-r requirements.txt (line 1))
2026-10-08T19:44:03.9907644Z   Downloading opentelemetry_api-1.45.1-py3-none-any.whl.metadata (1.4 kB)
2026-10-08T19:44:04.0105370Z Collecting click>=7.0 (from uvicorn>=0.29->-r requirements.txt (line 2))
2026-10-08T19:44:04.0216992Z   Downloading click-8.5.0-py3-none-any.whl.metadata (2.6 kB)
2026-10-08T19:44:04.0367444Z Collecting h11>=0.8 (from uvicorn>=0.29->-r requirements.txt (line 2))
2026-10-08T19:44:04.0557583Z   Downloading h11-0.16.0-py3-none-any.whl.metadata (8.3 kB)
2026-10-08T19:44:04.0813484Z Collecting anyio (from httpx>=0.27->-r requirements.txt (line 3))
2026-10-08T19:44:04.0889254Z   Downloading anyio-4.15.1-py3-none-any.whl.metadata (4.7 kB)
2026-10-08T19:44:04.1203175Z Collecting certifi (from httpx>=0.27->-r requirements.txt (line 3))
2026-10-08T19:44:04.1276154Z   Downloading certifi-2026.7.22-py3-none-any.whl.metadata (2.5 kB)
2026-10-08T19:44:04.1493541Z Collecting httpcore==1.* (from httpx>=0.27->-r requirements.txt (line 3))
2026-10-08T19:44:04.1564330Z   Downloading httpcore-1.0.9-py3-none-any.whl.metadata (21 kB)
2026-10-08T19:44:04.1764711Z Collecting idna (from httpx>=0.27->-r requirements.txt (line 3))
2026-10-08T19:44:04.1856544Z   Downloading idna-3.20-py3-none-any.whl.metadata (7.2 kB)
2026-10-08T19:44:04.2041330Z Collecting iniconfig>=1.0.1 (from pytest>=8->-r requirements.txt (line 4))
2026-10-08T19:44:04.2112017Z   Downloading iniconfig-2.3.1-py3-none-any.whl.metadata (2.8 kB)
2026-10-08T19:44:04.2300298Z Collecting packaging>=22 (from pytest>=8->-r requirements.txt (line 4))
2026-10-08T19:44:04.2389485Z   Downloading packaging-26.3-py3-none-any.whl.metadata (3.5 kB)
2026-10-08T19:44:04.2543327Z Collecting pluggy<2,>=1.5 (from pytest>=8->-r requirements.txt (line 4))
2026-10-08T19:44:04.2613068Z   Downloading pluggy-1.6.0-py3-none-any.whl.metadata (4.8 kB)
2026-10-08T19:44:04.2835858Z Collecting pygments>=2.7.2 (from pytest>=8->-r requirements.txt (line 4))
2026-10-08T19:44:04.2906916Z   Downloading pygments-2.21.0-py3-none-any.whl.metadata (2.5 kB)
2026-10-08T19:44:04.3097066Z Collecting annotated-types>=0.6.0 (from pydantic>=2.9.0->fastapi>=0.110->-r requirements.txt (line 1))
2026-10-08T19:44:04.3170641Z   Downloading annotated_types-0.8.0-py3-none-any.whl.metadata (15 kB)
2026-10-08T19:44:05.0086865Z Collecting pydantic-core==2.50.0 (from pydantic>=2.9.0->fastapi>=0.110->-r requirements.txt (line 1))
2026-10-08T19:44:05.0161352Z   Downloading pydantic_core-2.50.0-cp312-cp312-manylinux_2_17_x86_64.manylinux2014_x86_64.whl.metadata (6.5 kB)
2026-10-08T19:44:05.0361219Z Downloading fastapi-0.143.0-py3-none-any.whl (144 kB)
2026-10-08T19:44:05.0556987Z Downloading uvicorn-0.54.0-py3-none-any.whl (87 kB)
2026-10-08T19:44:05.0720323Z Downloading httpx-0.28.1-py3-none-any.whl (73 kB)
2026-10-08T19:44:05.0842970Z Downloading httpcore-1.0.9-py3-none-any.whl (78 kB)
2026-10-08T19:44:05.0995567Z Downloading pytest-9.1.1-py3-none-any.whl (386 kB)
2026-10-08T19:44:05.1305882Z Downloading pluggy-1.6.0-py3-none-any.whl (20 kB)
2026-10-08T19:44:05.1398247Z Downloading annotated_doc-0.0.5-py3-none-any.whl (5.3 kB)
2026-10-08T19:44:05.1494265Z Downloading click-8.5.0-py3-none-any.whl (125 kB)
2026-10-08T19:44:05.1641163Z Downloading h11-0.16.0-py3-none-any.whl (37 kB)
2026-10-08T19:44:05.1736326Z Downloading iniconfig-2.3.1-py3-none-any.whl (7.6 kB)
2026-10-08T19:44:05.1827181Z Downloading opentelemetry_api-1.45.1-py3-none-any.whl (60 kB)
2026-10-08T19:44:05.1935481Z Downloading packaging-26.3-py3-none-any.whl (129 kB)
2026-10-08T19:44:05.2075914Z Downloading pydantic-2.14.0-py3-none-any.whl (487 kB)
2026-10-08T19:44:05.2360242Z Downloading pydantic_core-2.50.0-cp312-cp312-manylinux_2_17_x86_64.manylinux2014_x86_64.whl (2.2 MB)
2026-10-08T19:44:05.3035836Z    ━━━━━━━━━━━━━━━━━━━━━━━━━━━━━━━━━━━━━━━━ 2.2/2.2 MB 33.6 MB/s  0:00:00
2026-10-08T19:44:05.3107381Z Downloading annotated_types-0.8.0-py3-none-any.whl (13 kB)
2026-10-08T19:44:05.3204285Z Downloading pygments-2.21.0-py3-none-any.whl (1.3 MB)
2026-10-08T19:44:05.3484205Z    ━━━━━━━━━━━━━━━━━━━━━━━━━━━━━━━━━━━━━━━━ 1.3/1.3 MB 46.9 MB/s  0:00:00
2026-10-08T19:44:05.3554621Z Downloading starlette-1.7.0-py3-none-any.whl (78 kB)
2026-10-08T19:44:05.3651664Z Downloading anyio-4.15.1-py3-none-any.whl (132 kB)
2026-10-08T19:44:05.3743915Z Downloading idna-3.20-py3-none-any.whl (69 kB)
2026-10-08T19:44:05.3838165Z Downloading typing_extensions-4.16.0-py3-none-any.whl (45 kB)
2026-10-08T19:44:05.3931816Z Downloading typing_inspection-0.4.4-py3-none-any.whl (14 kB)
2026-10-08T19:44:05.4025008Z Downloading certifi-2026.7.22-py3-none-any.whl (136 kB)
2026-10-08T19:44:05.6255736Z Installing collected packages: typing-extensions, pygments, pluggy, packaging, iniconfig, idna, h11, click, certifi, annotated-types, annotated-doc, uvicorn, typing-inspection, pytest, pydantic-core, opentelemetry-api, httpcore, anyio, starlette, pydantic, httpx, fastapi
2026-10-08T19:44:07.8924906Z 
2026-10-08T19:44:07.8951378Z Successfully installed annotated-doc-0.0.5 annotated-types-0.8.0 anyio-4.15.1 certifi-2026.7.22 click-8.5.0 fastapi-0.143.0 h11-0.16.0 httpcore-1.0.9 httpx-0.28.1 idna-3.20 iniconfig-2.3.1 opentelemetry-api-1.45.1 packaging-26.3 pluggy-1.6.0 pydantic-2.14.0 pydantic-core-2.50.0 pygments-2.21.0 pytest-9.1.1 starlette-1.7.0 typing-extensions-4.16.0 typing-inspection-0.4.4 uvicorn-0.54.0
2026-10-08T19:44:07.9745218Z ##[group]Run python -m pytest -q
2026-10-08T19:44:07.9745554Z [36;1mpython -m pytest -q[0m
2026-10-08T19:44:07.9812303Z shell: /usr/bin/bash -e {0}
2026-10-08T19:44:07.9812558Z env:
2026-10-08T19:44:07.9812830Z   pythonLocation: /opt/hostedtoolcache/Python/3.12.15/x64
2026-10-08T19:44:07.9813283Z   PKG_CONFIG_PATH: /opt/hostedtoolcache/Python/3.12.15/x64/lib/pkgconfig
2026-10-08T19:44:07.9813714Z   Python_ROOT_DIR: /opt/hostedtoolcache/Python/3.12.15/x64
2026-10-08T19:44:07.9814104Z   Python2_ROOT_DIR: /opt/hostedtoolcache/Python/3.12.15/x64
2026-10-08T19:44:07.9814503Z   Python3_ROOT_DIR: /opt/hostedtoolcache/Python/3.12.15/x64
2026-10-08T19:44:07.9814892Z   LD_LIBRARY_PATH: /opt/hostedtoolcache/Python/3.12.15/x64/lib
2026-10-08T19:44:07.9815214Z ##[endgroup]
2026-10-08T19:44:10.0724093Z ............................................. [ 18%]
2026-10-08T19:44:25.3371831Z ...............................................................TASTETABLE_INDEPENDENT_SOURCE {"case": "tests/test_saved_week_calendar_receiving_ultra.py::test_native_codec_writer_controls_and_manual_occurrences[False]", "sha256": {"static/calendar.js": "09dfe98a95da6c7fd0b7ee531c3ec4cf9ae5697dc730fab6cffdd07d8bd94b3b", "static/week_file.mjs": "914291b97250a97f6e09f47e6fed58b607b3b1ed9e4c60e3242ff39546913614", "static/week_plan.mjs": "e739adc10d9ae9ba1cb82c6d800c453e8f7bec53e343e0685adeabe98e6f4809", "tests/fixtures/saved-week-response.json": "5e7b785c0a02a999647e52a0229b0b649c82bbca131ca0f8db50f99c270d992f", "tools/saved_week_to_calendar.mjs": "a1e5bd2283db04629249b80aec9d21ff3c08a1a4b848bde23b0872f6a387da80"}, "unchanged": true}
2026-10-08T19:44:25.3834448Z .TASTETABLE_INDEPENDENT_SOURCE {"case": "tests/test_saved_week_calendar_receiving_ultra.py::test_native_codec_writer_controls_and_manual_occurrences[True]", "sha256": {"static/calendar.js": "09dfe98a95da6c7fd0b7ee531c3ec4cf9ae5697dc730fab6cffdd07d8bd94b3b", "static/week_file.mjs": "914291b97250a97f6e09f47e6fed58b607b3b1ed9e4c60e3242ff39546913614", "static/week_plan.mjs": "e739adc10d9ae9ba1cb82c6d800c453e8f7bec53e343e0685adeabe98e6f4809", "tests/fixtures/saved-week-response.json": "5e7b785c0a02a999647e52a0229b0b649c82bbca131ca0f8db50f99c270d992f", "tools/saved_week_to_calendar.mjs": "a1e5bd2283db04629249b80aec9d21ff3c08a1a4b848bde23b0872f6a387da80"}, "unchanged": true}
2026-10-08T19:44:25.4803485Z .TASTETABLE_INDEPENDENT_SOURCE {"case": "tests/test_saved_week_calendar_receiving_ultra.py::test_public_api_preserves_exact_native_bytes_and_frozen_receipt_fields[mock]", "sha256": {"static/calendar.js": "09dfe98a95da6c7fd0b7ee531c3ec4cf9ae5697dc730fab6cffdd07d8bd94b3b", "static/week_file.mjs": "914291b97250a97f6e09f47e6fed58b607b3b1ed9e4c60e3242ff39546913614", "static/week_plan.mjs": "e739adc10d9ae9ba1cb82c6d800c453e8f7bec53e343e0685adeabe98e6f4809", "tests/fixtures/saved-week-response.json": "5e7b785c0a02a999647e52a0229b0b649c82bbca131ca0f8db50f99c270d992f", "tools/saved_week_to_calendar.mjs": "a1e5bd2283db04629249b80aec9d21ff3c08a1a4b848bde23b0872f6a387da80"}, "unchanged": true}
2026-10-08T19:44:25.5773884Z .TASTETABLE_INDEPENDENT_SOURCE {"case": "tests/test_saved_week_calendar_receiving_ultra.py::test_public_api_preserves_exact_native_bytes_and_frozen_receipt_fields[live]", "sha256": {"static/calendar.js": "09dfe98a95da6c7fd0b7ee531c3ec4cf9ae5697dc730fab6cffdd07d8bd94b3b", "static/week_file.mjs": "914291b97250a97f6e09f47e6fed58b607b3b1ed9e4c60e3242ff39546913614", "static/week_plan.mjs": "e739adc10d9ae9ba1cb82c6d800c453e8f7bec53e343e0685adeabe98e6f4809", "tests/fixtures/saved-week-response.json": "5e7b785c0a02a999647e52a0229b0b649c82bbca131ca0f8db50f99c270d992f", "tools/saved_week_to_calendar.mjs": "a1e5bd2283db04629249b80aec9d21ff3c08a1a4b848bde23b0872f6a387da80"}, "unchanged": true}
2026-10-08T19:44:25.6809282Z .TASTETABLE_INDEPENDENT_SOURCE {"case": "tests/test_saved_week_calendar_receiving_ultra.py::test_public_api_preserves_exact_native_bytes_and_frozen_receipt_fields[bom]", "sha256": {"static/calendar.js": "09dfe98a95da6c7fd0b7ee531c3ec4cf9ae5697dc730fab6cffdd07d8bd94b3b", "static/week_file.mjs": "914291b97250a97f6e09f47e6fed58b607b3b1ed9e4c60e3242ff39546913614", "static/week_plan.mjs": "e739adc10d9ae9ba1cb82c6d800c453e8f7bec53e343e0685adeabe98e6f4809", "tests/fixtures/saved-week-response.json": "5e7b785c0a02a999647e52a0229b0b649c82bbca131ca0f8db50f99c270d992f", "tools/saved_week_to_calendar.mjs": "a1e5bd2283db04629249b80aec9d21ff3c08a1a4b848bde23b0872f6a387da80"}, "unchanged": true}
2026-10-08T19:44:25.8372563Z .TASTETABLE_INDEPENDENT_SOURCE {"case": "tests/test_saved_week_calendar_receiving_ultra.py::test_actual_cli_exact_file_receipt_and_repeat_identity[False]", "sha256": {"static/calendar.js": "09dfe98a95da6c7fd0b7ee531c3ec4cf9ae5697dc730fab6cffdd07d8bd94b3b", "static/week_file.mjs": "914291b97250a97f6e09f47e6fed58b607b3b1ed9e4c60e3242ff39546913614", "static/week_plan.mjs": "e739adc10d9ae9ba1cb82c6d800c453e8f7bec53e343e0685adeabe98e6f4809", "tests/fixtures/saved-week-response.json": "5e7b785c0a02a999647e52a0229b0b649c82bbca131ca0f8db50f99c270d992f", "tools/saved_week_to_calendar.mjs": "a1e5bd2283db04629249b80aec9d21ff3c08a1a4b848bde23b0872f6a387da80"}, "unchanged": true}
2026-10-08T19:44:25.9954338Z .TASTETABLE_INDEPENDENT_SOURCE {"case": "tests/test_saved_week_calendar_receiving_ultra.py::test_actual_cli_exact_file_receipt_and_repeat_identity[True]", "sha256": {"static/calendar.js": "09dfe98a95da6c7fd0b7ee531c3ec4cf9ae5697dc730fab6cffdd07d8bd94b3b", "static/week_file.mjs": "914291b97250a97f6e09f47e6fed58b607b3b1ed9e4c60e3242ff39546913614", "static/week_plan.mjs": "e739adc10d9ae9ba1cb82c6d800c453e8f7bec53e343e0685adeabe98e6f4809", "tests/fixtures/saved-week-response.json": "5e7b785c0a02a999647e52a0229b0b649c82bbca131ca0f8db50f99c270d992f", "tools/saved_week_to_calendar.mjs": "a1e5bd2283db04629249b80aec9d21ff3c08a1a4b848bde23b0872f6a387da80"}, "unchanged": true}
2026-10-08T19:44:26.1519093Z .TASTETABLE_INDEPENDENT_SOURCE {"case": "tests/test_saved_week_calendar_receiving_ultra.py::test_null_identity_requires_explicit_api_choice_and_retains_timestamps", "sha256": {"static/calendar.js": "09dfe98a95da6c7fd0b7ee531c3ec4cf9ae5697dc730fab6cffdd07d8bd94b3b", "static/week_file.mjs": "914291b97250a97f6e09f47e6fed58b607b3b1ed9e4c60e3242ff39546913614", "static/week_plan.mjs": "e739adc10d9ae9ba1cb82c6d800c453e8f7bec53e343e0685adeabe98e6f4809", "tests/fixtures/saved-week-response.json": "5e7b785c0a02a999647e52a0229b0b649c82bbca131ca0f8db50f99c270d992f", "tools/saved_week_to_calendar.mjs": "a1e5bd2283db04629249b80aec9d21ff3c08a1a4b848bde23b0872f6a387da80"}, "unchanged": true}
2026-10-08T19:44:26.2045148Z .TASTETABLE_INDEPENDENT_SOURCE {"case": "tests/test_saved_week_calendar_receiving_ultra.py::test_existing_identity_refuses_even_equal_api_override[0123456789abcdef0123456789abcdef]", "sha256": {"static/calendar.js": "09dfe98a95da6c7fd0b7ee531c3ec4cf9ae5697dc730fab6cffdd07d8bd94b3b", "static/week_file.mjs": "914291b97250a97f6e09f47e6fed58b607b3b1ed9e4c60e3242ff39546913614", "static/week_plan.mjs": "e739adc10d9ae9ba1cb82c6d800c453e8f7bec53e343e0685adeabe98e6f4809", "tests/fixtures/saved-week-response.json": "5e7b785c0a02a999647e52a0229b0b649c82bbca131ca0f8db50f99c270d992f", "tools/saved_week_to_calendar.mjs": "a1e5bd2283db04629249b80aec9d21ff3c08a1a4b848bde23b0872f6a387da80"}, "unchanged": true}
2026-10-08T19:44:26.2587378Z .TASTETABLE_INDEPENDENT_SOURCE {"case": "tests/test_saved_week_calendar_receiving_ultra.py::test_existing_identity_refuses_even_equal_api_override[ffffffffffffffffffffffffffffffff]", "sha256": {"static/calendar.js": "09dfe98a95da6c7fd0b7ee531c3ec4cf9ae5697dc730fab6cffdd07d8bd94b3b", "static/week_file.mjs": "914291b97250a97f6e09f47e6fed58b607b3b1ed9e4c60e3242ff39546913614", "static/week_plan.mjs": "e739adc10d9ae9ba1cb82c6d800c453e8f7bec53e343e0685adeabe98e6f4809", "tests/fixtures/saved-week-response.json": "5e7b785c0a02a999647e52a0229b0b649c82bbca131ca0f8db50f99c270d992f", "tools/saved_week_to_calendar.mjs": "a1e5bd2283db04629249b80aec9d21ff3c08a1a4b848bde23b0872f6a387da80"}, "unchanged": true}
2026-10-08T19:44:26.3127468Z .TASTETABLE_INDEPENDENT_SOURCE {"case": "tests/test_saved_week_calendar_receiving_ultra.py::test_new_api_identity_must_be_explicit_native_identifier[]", "sha256": {"static/calendar.js": "09dfe98a95da6c7fd0b7ee531c3ec4cf9ae5697dc730fab6cffdd07d8bd94b3b", "static/week_file.mjs": "914291b97250a97f6e09f47e6fed58b607b3b1ed9e4c60e3242ff39546913614", "static/week_plan.mjs": "e739adc10d9ae9ba1cb82c6d800c453e8f7bec53e343e0685adeabe98e6f4809", "tests/fixtures/saved-week-response.json": "5e7b785c0a02a999647e52a0229b0b649c82bbca131ca0f8db50f99c270d992f", "tools/saved_week_to_calendar.mjs": "a1e5bd2283db04629249b80aec9d21ff3c08a1a4b848bde23b0872f6a387da80"}, "unchanged": true}
2026-10-08T19:44:26.3668651Z .TASTETABLE_INDEPENDENT_SOURCE {"case": "tests/test_saved_week_calendar_receiving_ultra.py::test_new_api_identity_must_be_explicit_native_identifier[ABCDEF0123456789ABCDEF0123456789AB]", "sha256": {"static/calendar.js": "09dfe98a95da6c7fd0b7ee531c3ec4cf9ae5697dc730fab6cffdd07d8bd94b3b", "static/week_file.mjs": "914291b97250a97f6e09f47e6fed58b607b3b1ed9e4c60e3242ff39546913614", "static/week_plan.mjs": "e739adc10d9ae9ba1cb82c6d800c453e8f7bec53e343e0685adeabe98e6f4809", "tests/fixtures/saved-week-response.json": "5e7b785c0a02a999647e52a0229b0b649c82bbca131ca0f8db50f99c270d992f", "tools/saved_week_to_calendar.mjs": "a1e5bd2283db04629249b80aec9d21ff3c08a1a4b848bde23b0872f6a387da80"}, "unchanged": true}
2026-10-08T19:44:26.4216057Z .TASTETABLE_INDEPENDENT_SOURCE {"case": "tests/test_saved_week_calendar_receiving_ultra.py::test_new_api_identity_must_be_explicit_native_identifier[aaaaaaaaaaaaaaaaaaaaaaaaaaaaaaa]", "sha256": {"static/calendar.js": "09dfe98a95da6c7fd0b7ee531c3ec4cf9ae5697dc730fab6cffdd07d8bd94b3b", "static/week_file.mjs": "914291b97250a97f6e09f47e6fed58b607b3b1ed9e4c60e3242ff39546913614", "static/week_plan.mjs": "e739adc10d9ae9ba1cb82c6d800c453e8f7bec53e343e0685adeabe98e6f4809", "tests/fixtures/saved-week-response.json": "5e7b785c0a02a999647e52a0229b0b649c82bbca131ca0f8db50f99c270d992f", "tools/saved_week_to_calendar.mjs": "a1e5bd2283db04629249b80aec9d21ff3c08a1a4b848bde23b0872f6a387da80"}, "unchanged": true}
2026-10-08T19:44:26.4748072Z . [ 48%]
2026-10-08T19:44:26.4759067Z TASTETABLE_INDEPENDENT_SOURCE {"case": "tests/test_saved_week_calendar_receiving_ultra.py::test_new_api_identity_must_be_explicit_native_identifier[7]", "sha256": {"static/calendar.js": "09dfe98a95da6c7fd0b7ee531c3ec4cf9ae5697dc730fab6cffdd07d8bd94b3b", "static/week_file.mjs": "914291b97250a97f6e09f47e6fed58b607b3b1ed9e4c60e3242ff39546913614", "static/week_plan.mjs": "e739adc10d9ae9ba1cb82c6d800c453e8f7bec53e343e0685adeabe98e6f4809", "tests/fixtures/saved-week-response.json": "5e7b785c0a02a999647e52a0229b0b649c82bbca131ca0f8db50f99c270d992f", "tools/saved_week_to_calendar.mjs": "a1e5bd2283db04629249b80aec9d21ff3c08a1a4b848bde23b0872f6a387da80"}, "unchanged": true}
2026-10-08T19:44:26.5290105Z .TASTETABLE_INDEPENDENT_SOURCE {"case": "tests/test_saved_week_calendar_receiving_ultra.py::test_new_api_identity_must_be_explicit_native_identifier[None]", "sha256": {"static/calendar.js": "09dfe98a95da6c7fd0b7ee531c3ec4cf9ae5697dc730fab6cffdd07d8bd94b3b", "static/week_file.mjs": "914291b97250a97f6e09f47e6fed58b607b3b1ed9e4c60e3242ff39546913614", "static/week_plan.mjs": "e739adc10d9ae9ba1cb82c6d800c453e8f7bec53e343e0685adeabe98e6f4809", "tests/fixtures/saved-week-response.json": "5e7b785c0a02a999647e52a0229b0b649c82bbca131ca0f8db50f99c270d992f", "tools/saved_week_to_calendar.mjs": "a1e5bd2283db04629249b80aec9d21ff3c08a1a4b848bde23b0872f6a387da80"}, "unchanged": true}
2026-10-08T19:44:26.7724102Z .TASTETABLE_INDEPENDENT_SOURCE {"case": "tests/test_saved_week_calendar_receiving_ultra.py::test_actual_cli_explicit_new_calendar_repeated_creations_are_distinct", "sha256": {"static/calendar.js": "09dfe98a95da6c7fd0b7ee531c3ec4cf9ae5697dc730fab6cffdd07d8bd94b3b", "static/week_file.mjs": "914291b97250a97f6e09f47e6fed58b607b3b1ed9e4c60e3242ff39546913614", "static/week_plan.mjs": "e739adc10d9ae9ba1cb82c6d800c453e8f7bec53e343e0685adeabe98e6f4809", "tests/fixtures/saved-week-response.json": "5e7b785c0a02a999647e52a0229b0b649c82bbca131ca0f8db50f99c270d992f", "tools/saved_week_to_calendar.mjs": "a1e5bd2283db04629249b80aec9d21ff3c08a1a4b848bde23b0872f6a387da80"}, "unchanged": true}
2026-10-08T19:44:26.8101088Z .TASTETABLE_INDEPENDENT_SOURCE {"case": "tests/test_saved_week_calendar_receiving_ultra.py::test_original_native_rejects_whole_invalid_arrangement_control[unknown-source]", "sha256": {"static/calendar.js": "09dfe98a95da6c7fd0b7ee531c3ec4cf9ae5697dc730fab6cffdd07d8bd94b3b", "static/week_file.mjs": "914291b97250a97f6e09f47e6fed58b607b3b1ed9e4c60e3242ff39546913614", "static/week_plan.mjs": "e739adc10d9ae9ba1cb82c6d800c453e8f7bec53e343e0685adeabe98e6f4809", "tests/fixtures/saved-week-response.json": "5e7b785c0a02a999647e52a0229b0b649c82bbca131ca0f8db50f99c270d992f", "tools/saved_week_to_calendar.mjs": "a1e5bd2283db04629249b80aec9d21ff3c08a1a4b848bde23b0872f6a387da80"}, "unchanged": true}
2026-10-08T19:44:26.8532180Z .TASTETABLE_INDEPENDENT_SOURCE {"case": "tests/test_saved_week_calendar_receiving_ultra.py::test_original_native_rejects_whole_invalid_arrangement_control[all-omitted]", "sha256": {"static/calendar.js": "09dfe98a95da6c7fd0b7ee531c3ec4cf9ae5697dc730fab6cffdd07d8bd94b3b", "static/week_file.mjs": "914291b97250a97f6e09f47e6fed58b607b3b1ed9e4c60e3242ff39546913614", "static/week_plan.mjs": "e739adc10d9ae9ba1cb82c6d800c453e8f7bec53e343e0685adeabe98e6f4809", "tests/fixtures/saved-week-response.json": "5e7b785c0a02a999647e52a0229b0b649c82bbca131ca0f8db50f99c270d992f", "tools/saved_week_to_calendar.mjs": "a1e5bd2283db04629249b80aec9d21ff3c08a1a4b848bde23b0872f6a387da80"}, "unchanged": true}
2026-10-08T19:44:26.8906258Z .TASTETABLE_INDEPENDENT_SOURCE {"case": "tests/test_saved_week_calendar_receiving_ultra.py::test_original_native_rejects_whole_invalid_arrangement_control[invalid-date]", "sha256": {"static/calendar.js": "09dfe98a95da6c7fd0b7ee531c3ec4cf9ae5697dc730fab6cffdd07d8bd94b3b", "static/week_file.mjs": "914291b97250a97f6e09f47e6fed58b607b3b1ed9e4c60e3242ff39546913614", "static/week_plan.mjs": "e739adc10d9ae9ba1cb82c6d800c453e8f7bec53e343e0685adeabe98e6f4809", "tests/fixtures/saved-week-response.json": "5e7b785c0a02a999647e52a0229b0b649c82bbca131ca0f8db50f99c270d992f", "tools/saved_week_to_calendar.mjs": "a1e5bd2283db04629249b80aec9d21ff3c08a1a4b848bde23b0872f6a387da80"}, "unchanged": true}
2026-10-08T19:44:26.9263515Z .TASTETABLE_INDEPENDENT_SOURCE {"case": "tests/test_saved_week_calendar_receiving_ultra.py::test_original_native_rejects_whole_invalid_arrangement_control[extra-assignment]", "sha256": {"static/calendar.js": "09dfe98a95da6c7fd0b7ee531c3ec4cf9ae5697dc730fab6cffdd07d8bd94b3b", "static/week_file.mjs": "914291b97250a97f6e09f47e6fed58b607b3b1ed9e4c60e3242ff39546913614", "static/week_plan.mjs": "e739adc10d9ae9ba1cb82c6d800c453e8f7bec53e343e0685adeabe98e6f4809", "tests/fixtures/saved-week-response.json": "5e7b785c0a02a999647e52a0229b0b649c82bbca131ca0f8db50f99c270d992f", "tools/saved_week_to_calendar.mjs": "a1e5bd2283db04629249b80aec9d21ff3c08a1a4b848bde23b0872f6a387da80"}, "unchanged": true}
2026-10-08T19:44:26.9605682Z .TASTETABLE_INDEPENDENT_SOURCE {"case": "tests/test_saved_week_calendar_receiving_ultra.py::test_original_native_rejects_whole_invalid_arrangement_control[missing-calendar-id]", "sha256": {"static/calendar.js": "09dfe98a95da6c7fd0b7ee531c3ec4cf9ae5697dc730fab6cffdd07d8bd94b3b", "static/week_file.mjs": "914291b97250a97f6e09f47e6fed58b607b3b1ed9e4c60e3242ff39546913614", "static/week_plan.mjs": "e739adc10d9ae9ba1cb82c6d800c453e8f7bec53e343e0685adeabe98e6f4809", "tests/fixtures/saved-week-response.json": "5e7b785c0a02a999647e52a0229b0b649c82bbca131ca0f8db50f99c270d992f", "tools/saved_week_to_calendar.mjs": "a1e5bd2283db04629249b80aec9d21ff3c08a1a4b848bde23b0872f6a387da80"}, "unchanged": true}
2026-10-08T19:44:26.9969677Z .TASTETABLE_INDEPENDENT_SOURCE {"case": "tests/test_saved_week_calendar_receiving_ultra.py::test_original_native_rejects_whole_invalid_arrangement_control[mismatched-constraints]", "sha256": {"static/calendar.js": "09dfe98a95da6c7fd0b7ee531c3ec4cf9ae5697dc730fab6cffdd07d8bd94b3b", "static/week_file.mjs": "914291b97250a97f6e09f47e6fed58b607b3b1ed9e4c60e3242ff39546913614", "static/week_plan.mjs": "e739adc10d9ae9ba1cb82c6d800c453e8f7bec53e343e0685adeabe98e6f4809", "tests/fixtures/saved-week-response.json": "5e7b785c0a02a999647e52a0229b0b649c82bbca131ca0f8db50f99c270d992f", "tools/saved_week_to_calendar.mjs": "a1e5bd2283db04629249b80aec9d21ff3c08a1a4b848bde23b0872f6a387da80"}, "unchanged": true}
2026-10-08T19:44:27.0348211Z .TASTETABLE_INDEPENDENT_SOURCE {"case": "tests/test_saved_week_calendar_receiving_ultra.py::test_original_native_rejects_whole_invalid_arrangement_control[control-in-omitted-pick]", "sha256": {"static/calendar.js": "09dfe98a95da6c7fd0b7ee531c3ec4cf9ae5697dc730fab6cffdd07d8bd94b3b", "static/week_file.mjs": "914291b97250a97f6e09f47e6fed58b607b3b1ed9e4c60e3242ff39546913614", "static/week_plan.mjs": "e739adc10d9ae9ba1cb82c6d800c453e8f7bec53e343e0685adeabe98e6f4809", "tests/fixtures/saved-week-response.json": "5e7b785c0a02a999647e52a0229b0b649c82bbca131ca0f8db50f99c270d992f", "tools/saved_week_to_calendar.mjs": "a1e5bd2283db04629249b80aec9d21ff3c08a1a4b848bde23b0872f6a387da80"}, "unchanged": true}
2026-10-08T19:44:27.0714766Z .TASTETABLE_INDEPENDENT_SOURCE {"case": "tests/test_saved_week_calendar_receiving_ultra.py::test_original_native_rejects_whole_invalid_arrangement_control[surrogate-in-source]", "sha256": {"static/calendar.js": "09dfe98a95da6c7fd0b7ee531c3ec4cf9ae5697dc730fab6cffdd07d8bd94b3b", "static/week_file.mjs": "914291b97250a97f6e09f47e6fed58b607b3b1ed9e4c60e3242ff39546913614", "static/week_plan.mjs": "e739adc10d9ae9ba1cb82c6d800c453e8f7bec53e343e0685adeabe98e6f4809", "tests/fixtures/saved-week-response.json": "5e7b785c0a02a999647e52a0229b0b649c82bbca131ca0f8db50f99c270d992f", "tools/saved_week_to_calendar.mjs": "a1e5bd2283db04629249b80aec9d21ff3c08a1a4b848bde23b0872f6a387da80"}, "unchanged": true}
2026-10-08T19:44:27.1075312Z .TASTETABLE_INDEPENDENT_SOURCE {"case": "tests/test_saved_week_calendar_receiving_ultra.py::test_original_native_rejects_whole_invalid_arrangement_control[duplicate-original-slot]", "sha256": {"static/calendar.js": "09dfe98a95da6c7fd0b7ee531c3ec4cf9ae5697dc730fab6cffdd07d8bd94b3b", "static/week_file.mjs": "914291b97250a97f6e09f47e6fed58b607b3b1ed9e4c60e3242ff39546913614", "static/week_plan.mjs": "e739adc10d9ae9ba1cb82c6d800c453e8f7bec53e343e0685adeabe98e6f4809", "tests/fixtures/saved-week-response.json": "5e7b785c0a02a999647e52a0229b0b649c82bbca131ca0f8db50f99c270d992f", "tools/saved_week_to_calendar.mjs": "a1e5bd2283db04629249b80aec9d21ff3c08a1a4b848bde23b0872f6a387da80"}, "unchanged": true}
2026-10-08T19:44:27.1457426Z .TASTETABLE_INDEPENDENT_SOURCE {"case": "tests/test_saved_week_calendar_receiving_ultra.py::test_original_native_rejects_whole_invalid_arrangement_control[empty-plan]", "sha256": {"static/calendar.js": "09dfe98a95da6c7fd0b7ee531c3ec4cf9ae5697dc730fab6cffdd07d8bd94b3b", "static/week_file.mjs": "914291b97250a97f6e09f47e6fed58b607b3b1ed9e4c60e3242ff39546913614", "static/week_plan.mjs": "e739adc10d9ae9ba1cb82c6d800c453e8f7bec53e343e0685adeabe98e6f4809", "tests/fixtures/saved-week-response.json": "5e7b785c0a02a999647e52a0229b0b649c82bbca131ca0f8db50f99c270d992f", "tools/saved_week_to_calendar.mjs": "a1e5bd2283db04629249b80aec9d21ff3c08a1a4b848bde23b0872f6a387da80"}, "unchanged": true}
2026-10-08T19:44:27.2505631Z .TASTETABLE_INDEPENDENT_SOURCE {"case": "tests/test_saved_week_calendar_receiving_ultra.py::test_public_api_and_cli_refuse_whole_native_invalid_input[unknown-source]", "sha256": {"static/calendar.js": "09dfe98a95da6c7fd0b7ee531c3ec4cf9ae5697dc730fab6cffdd07d8bd94b3b", "static/week_file.mjs": "914291b97250a97f6e09f47e6fed58b607b3b1ed9e4c60e3242ff39546913614", "static/week_plan.mjs": "e739adc10d9ae9ba1cb82c6d800c453e8f7bec53e343e0685adeabe98e6f4809", "tests/fixtures/saved-week-response.json": "5e7b785c0a02a999647e52a0229b0b649c82bbca131ca0f8db50f99c270d992f", "tools/saved_week_to_calendar.mjs": "a1e5bd2283db04629249b80aec9d21ff3c08a1a4b848bde23b0872f6a387da80"}, "unchanged": true}
2026-10-08T19:44:27.3590658Z .TASTETABLE_INDEPENDENT_SOURCE {"case": "tests/test_saved_week_calendar_receiving_ultra.py::test_public_api_and_cli_refuse_whole_native_invalid_input[all-omitted]", "sha256": {"static/calendar.js": "09dfe98a95da6c7fd0b7ee531c3ec4cf9ae5697dc730fab6cffdd07d8bd94b3b", "static/week_file.mjs": "914291b97250a97f6e09f47e6fed58b607b3b1ed9e4c60e3242ff39546913614", "static/week_plan.mjs": "e739adc10d9ae9ba1cb82c6d800c453e8f7bec53e343e0685adeabe98e6f4809", "tests/fixtures/saved-week-response.json": "5e7b785c0a02a999647e52a0229b0b649c82bbca131ca0f8db50f99c270d992f", "tools/saved_week_to_calendar.mjs": "a1e5bd2283db04629249b80aec9d21ff3c08a1a4b848bde23b0872f6a387da80"}, "unchanged": true}
2026-10-08T19:44:27.4646250Z .TASTETABLE_INDEPENDENT_SOURCE {"case": "tests/test_saved_week_calendar_receiving_ultra.py::test_public_api_and_cli_refuse_whole_native_invalid_input[invalid-date]", "sha256": {"static/calendar.js": "09dfe98a95da6c7fd0b7ee531c3ec4cf9ae5697dc730fab6cffdd07d8bd94b3b", "static/week_file.mjs": "914291b97250a97f6e09f47e6fed58b607b3b1ed9e4c60e3242ff39546913614", "static/week_plan.mjs": "e739adc10d9ae9ba1cb82c6d800c453e8f7bec53e343e0685adeabe98e6f4809", "tests/fixtures/saved-week-response.json": "5e7b785c0a02a999647e52a0229b0b649c82bbca131ca0f8db50f99c270d992f", "tools/saved_week_to_calendar.mjs": "a1e5bd2283db04629249b80aec9d21ff3c08a1a4b848bde23b0872f6a387da80"}, "unchanged": true}
2026-10-08T19:44:27.5703471Z .TASTETABLE_INDEPENDENT_SOURCE {"case": "tests/test_saved_week_calendar_receiving_ultra.py::test_public_api_and_cli_refuse_whole_native_invalid_input[extra-assignment]", "sha256": {"static/calendar.js": "09dfe98a95da6c7fd0b7ee531c3ec4cf9ae5697dc730fab6cffdd07d8bd94b3b", "static/week_file.mjs": "914291b97250a97f6e09f47e6fed58b607b3b1ed9e4c60e3242ff39546913614", "static/week_plan.mjs": "e739adc10d9ae9ba1cb82c6d800c453e8f7bec53e343e0685adeabe98e6f4809", "tests/fixtures/saved-week-response.json": "5e7b785c0a02a999647e52a0229b0b649c82bbca131ca0f8db50f99c270d992f", "tools/saved_week_to_calendar.mjs": "a1e5bd2283db04629249b80aec9d21ff3c08a1a4b848bde23b0872f6a387da80"}, "unchanged": true}
2026-10-08T19:44:27.6783090Z .TASTETABLE_INDEPENDENT_SOURCE {"case": "tests/test_saved_week_calendar_receiving_ultra.py::test_public_api_and_cli_refuse_whole_native_invalid_input[missing-calendar-id]", "sha256": {"static/calendar.js": "09dfe98a95da6c7fd0b7ee531c3ec4cf9ae5697dc730fab6cffdd07d8bd94b3b", "static/week_file.mjs": "914291b97250a97f6e09f47e6fed58b607b3b1ed9e4c60e3242ff39546913614", "static/week_plan.mjs": "e739adc10d9ae9ba1cb82c6d800c453e8f7bec53e343e0685adeabe98e6f4809", "tests/fixtures/saved-week-response.json": "5e7b785c0a02a999647e52a0229b0b649c82bbca131ca0f8db50f99c270d992f", "tools/saved_week_to_calendar.mjs": "a1e5bd2283db04629249b80aec9d21ff3c08a1a4b848bde23b0872f6a387da80"}, "unchanged": true}
2026-10-08T19:44:27.7842581Z .TASTETABLE_INDEPENDENT_SOURCE {"case": "tests/test_saved_week_calendar_receiving_ultra.py::test_public_api_and_cli_refuse_whole_native_invalid_input[mismatched-constraints]", "sha256": {"static/calendar.js": "09dfe98a95da6c7fd0b7ee531c3ec4cf9ae5697dc730fab6cffdd07d8bd94b3b", "static/week_file.mjs": "914291b97250a97f6e09f47e6fed58b607b3b1ed9e4c60e3242ff39546913614", "static/week_plan.mjs": "e739adc10d9ae9ba1cb82c6d800c453e8f7bec53e343e0685adeabe98e6f4809", "tests/fixtures/saved-week-response.json": "5e7b785c0a02a999647e52a0229b0b649c82bbca131ca0f8db50f99c270d992f", "tools/saved_week_to_calendar.mjs": "a1e5bd2283db04629249b80aec9d21ff3c08a1a4b848bde23b0872f6a387da80"}, "unchanged": true}
2026-10-08T19:44:27.8941775Z .TASTETABLE_INDEPENDENT_SOURCE {"case": "tests/test_saved_week_calendar_receiving_ultra.py::test_public_api_and_cli_refuse_whole_native_invalid_input[control-in-omitted-pick]", "sha256": {"static/calendar.js": "09dfe98a95da6c7fd0b7ee531c3ec4cf9ae5697dc730fab6cffdd07d8bd94b3b", "static/week_file.mjs": "914291b97250a97f6e09f47e6fed58b607b3b1ed9e4c60e3242ff39546913614", "static/week_plan.mjs": "e739adc10d9ae9ba1cb82c6d800c453e8f7bec53e343e0685adeabe98e6f4809", "tests/fixtures/saved-week-response.json": "5e7b785c0a02a999647e52a0229b0b649c82bbca131ca0f8db50f99c270d992f", "tools/saved_week_to_calendar.mjs": "a1e5bd2283db04629249b80aec9d21ff3c08a1a4b848bde23b0872f6a387da80"}, "unchanged": true}
2026-10-08T19:44:28.0030641Z .TASTETABLE_INDEPENDENT_SOURCE {"case": "tests/test_saved_week_calendar_receiving_ultra.py::test_public_api_and_cli_refuse_whole_native_invalid_input[surrogate-in-source]", "sha256": {"static/calendar.js": "09dfe98a95da6c7fd0b7ee531c3ec4cf9ae5697dc730fab6cffdd07d8bd94b3b", "static/week_file.mjs": "914291b97250a97f6e09f47e6fed58b607b3b1ed9e4c60e3242ff39546913614", "static/week_plan.mjs": "e739adc10d9ae9ba1cb82c6d800c453e8f7bec53e343e0685adeabe98e6f4809", "tests/fixtures/saved-week-response.json": "5e7b785c0a02a999647e52a0229b0b649c82bbca131ca0f8db50f99c270d992f", "tools/saved_week_to_calendar.mjs": "a1e5bd2283db04629249b80aec9d21ff3c08a1a4b848bde23b0872f6a387da80"}, "unchanged": true}
2026-10-08T19:44:28.1153548Z .TASTETABLE_INDEPENDENT_SOURCE {"case": "tests/test_saved_week_calendar_receiving_ultra.py::test_public_api_and_cli_refuse_whole_native_invalid_input[duplicate-original-slot]", "sha256": {"static/calendar.js": "09dfe98a95da6c7fd0b7ee531c3ec4cf9ae5697dc730fab6cffdd07d8bd94b3b", "static/week_file.mjs": "914291b97250a97f6e09f47e6fed58b607b3b1ed9e4c60e3242ff39546913614", "static/week_plan.mjs": "e739adc10d9ae9ba1cb82c6d800c453e8f7bec53e343e0685adeabe98e6f4809", "tests/fixtures/saved-week-response.json": "5e7b785c0a02a999647e52a0229b0b649c82bbca131ca0f8db50f99c270d992f", "tools/saved_week_to_calendar.mjs": "a1e5bd2283db04629249b80aec9d21ff3c08a1a4b848bde23b0872f6a387da80"}, "unchanged": true}
2026-10-08T19:44:28.2268502Z .TASTETABLE_INDEPENDENT_SOURCE {"case": "tests/test_saved_week_calendar_receiving_ultra.py::test_public_api_and_cli_refuse_whole_native_invalid_input[empty-plan]", "sha256": {"static/calendar.js": "09dfe98a95da6c7fd0b7ee531c3ec4cf9ae5697dc730fab6cffdd07d8bd94b3b", "static/week_file.mjs": "914291b97250a97f6e09f47e6fed58b607b3b1ed9e4c60e3242ff39546913614", "static/week_plan.mjs": "e739adc10d9ae9ba1cb82c6d800c453e8f7bec53e343e0685adeabe98e6f4809", "tests/fixtures/saved-week-response.json": "5e7b785c0a02a999647e52a0229b0b649c82bbca131ca0f8db50f99c270d992f", "tools/saved_week_to_calendar.mjs": "a1e5bd2283db04629249b80aec9d21ff3c08a1a4b848bde23b0872f6a387da80"}, "unchanged": true}
2026-10-08T19:44:28.2857141Z .TASTETABLE_INDEPENDENT_SOURCE {"case": "tests/test_saved_week_calendar_receiving_ultra.py::test_actual_cli_strict_bytes_and_size_are_atomic[trailing-junk]", "sha256": {"static/calendar.js": "09dfe98a95da6c7fd0b7ee531c3ec4cf9ae5697dc730fab6cffdd07d8bd94b3b", "static/week_file.mjs": "914291b97250a97f6e09f47e6fed58b607b3b1ed9e4c60e3242ff39546913614", "static/week_plan.mjs": "e739adc10d9ae9ba1cb82c6d800c453e8f7bec53e343e0685adeabe98e6f4809", "tests/fixtures/saved-week-response.json": "5e7b785c0a02a999647e52a0229b0b649c82bbca131ca0f8db50f99c270d992f", "tools/saved_week_to_calendar.mjs": "a1e5bd2283db04629249b80aec9d21ff3c08a1a4b848bde23b0872f6a387da80"}, "unchanged": true}
2026-10-08T19:44:28.3410907Z .TASTETABLE_INDEPENDENT_SOURCE {"case": "tests/test_saved_week_calendar_receiving_ultra.py::test_actual_cli_strict_bytes_and_size_are_atomic[double-bom]", "sha256": {"static/calendar.js": "09dfe98a95da6c7fd0b7ee531c3ec4cf9ae5697dc730fab6cffdd07d8bd94b3b", "static/week_file.mjs": "914291b97250a97f6e09f47e6fed58b607b3b1ed9e4c60e3242ff39546913614", "static/week_plan.mjs": "e739adc10d9ae9ba1cb82c6d800c453e8f7bec53e343e0685adeabe98e6f4809", "tests/fixtures/saved-week-response.json": "5e7b785c0a02a999647e52a0229b0b649c82bbca131ca0f8db50f99c270d992f", "tools/saved_week_to_calendar.mjs": "a1e5bd2283db04629249b80aec9d21ff3c08a1a4b848bde23b0872f6a387da80"}, "unchanged": true}
2026-10-08T19:44:28.3956380Z .TASTETABLE_INDEPENDENT_SOURCE {"case": "tests/test_saved_week_calendar_receiving_ultra.py::test_actual_cli_strict_bytes_and_size_are_atomic[invalid-utf8]", "sha256": {"static/calendar.js": "09dfe98a95da6c7fd0b7ee531c3ec4cf9ae5697dc730fab6cffdd07d8bd94b3b", "static/week_file.mjs": "914291b97250a97f6e09f47e6fed58b607b3b1ed9e4c60e3242ff39546913614", "static/week_plan.mjs": "e739adc10d9ae9ba1cb82c6d800c453e8f7bec53e343e0685adeabe98e6f4809", "tests/fixtures/saved-week-response.json": "5e7b785c0a02a999647e52a0229b0b649c82bbca131ca0f8db50f99c270d992f", "tools/saved_week_to_calendar.mjs": "a1e5bd2283db04629249b80aec9d21ff3c08a1a4b848bde23b0872f6a387da80"}, "unchanged": true}
2026-10-08T19:44:28.4494082Z .TASTETABLE_INDEPENDENT_SOURCE {"case": "tests/test_saved_week_calendar_receiving_ultra.py::test_actual_cli_strict_bytes_and_size_are_atomic[overlong-utf8]", "sha256": {"static/calendar.js": "09dfe98a95da6c7fd0b7ee531c3ec4cf9ae5697dc730fab6cffdd07d8bd94b3b", "static/week_file.mjs": "914291b97250a97f6e09f47e6fed58b607b3b1ed9e4c60e3242ff39546913614", "static/week_plan.mjs": "e739adc10d9ae9ba1cb82c6d800c453e8f7bec53e343e0685adeabe98e6f4809", "tests/fixtures/saved-week-response.json": "5e7b785c0a02a999647e52a0229b0b649c82bbca131ca0f8db50f99c270d992f", "tools/saved_week_to_calendar.mjs": "a1e5bd2283db04629249b80aec9d21ff3c08a1a4b848bde23b0872f6a387da80"}, "unchanged": true}
2026-10-08T19:44:28.5022269Z .TASTETABLE_INDEPENDENT_SOURCE {"case": "tests/test_saved_week_calendar_receiving_ultra.py::test_actual_cli_strict_bytes_and_size_are_atomic[utf8-surrogate]", "sha256": {"static/calendar.js": "09dfe98a95da6c7fd0b7ee531c3ec4cf9ae5697dc730fab6cffdd07d8bd94b3b", "static/week_file.mjs": "914291b97250a97f6e09f47e6fed58b607b3b1ed9e4c60e3242ff39546913614", "static/week_plan.mjs": "e739adc10d9ae9ba1cb82c6d800c453e8f7bec53e343e0685adeabe98e6f4809", "tests/fixtures/saved-week-response.json": "5e7b785c0a02a999647e52a0229b0b649c82bbca131ca0f8db50f99c270d992f", "tools/saved_week_to_calendar.mjs": "a1e5bd2283db04629249b80aec9d21ff3c08a1a4b848bde23b0872f6a387da80"}, "unchanged": true}
2026-10-08T19:44:28.5674917Z .TASTETABLE_INDEPENDENT_SOURCE {"case": "tests/test_saved_week_calendar_receiving_ultra.py::test_actual_cli_strict_bytes_and_size_are_atomic[oversize]", "sha256": {"static/calendar.js": "09dfe98a95da6c7fd0b7ee531c3ec4cf9ae5697dc730fab6cffdd07d8bd94b3b", "static/week_file.mjs": "914291b97250a97f6e09f47e6fed58b607b3b1ed9e4c60e3242ff39546913614", "static/week_plan.mjs": "e739adc10d9ae9ba1cb82c6d800c453e8f7bec53e343e0685adeabe98e6f4809", "tests/fixtures/saved-week-response.json": "5e7b785c0a02a999647e52a0229b0b649c82bbca131ca0f8db50f99c270d992f", "tools/saved_week_to_calendar.mjs": "a1e5bd2283db04629249b80aec9d21ff3c08a1a4b848bde23b0872f6a387da80"}, "unchanged": true}
2026-10-08T19:44:28.7202021Z .TASTETABLE_INDEPENDENT_SOURCE {"case": "tests/test_saved_week_calendar_receiving_ultra.py::test_exact_four_mib_valid_input_is_accepted_without_rewrite", "sha256": {"static/calendar.js": "09dfe98a95da6c7fd0b7ee531c3ec4cf9ae5697dc730fab6cffdd07d8bd94b3b", "static/week_file.mjs": "914291b97250a97f6e09f47e6fed58b607b3b1ed9e4c60e3242ff39546913614", "static/week_plan.mjs": "e739adc10d9ae9ba1cb82c6d800c453e8f7bec53e343e0685adeabe98e6f4809", "tests/fixtures/saved-week-response.json": "5e7b785c0a02a999647e52a0229b0b649c82bbca131ca0f8db50f99c270d992f", "tools/saved_week_to_calendar.mjs": "a1e5bd2283db04629249b80aec9d21ff3c08a1a4b848bde23b0872f6a387da80"}, "unchanged": true}
2026-10-08T19:44:28.7783186Z .TASTETABLE_INDEPENDENT_SOURCE {"case": "tests/test_saved_week_calendar_receiving_ultra.py::test_occupied_output_and_input_aliases_never_replace[file]", "sha256": {"static/calendar.js": "09dfe98a95da6c7fd0b7ee531c3ec4cf9ae5697dc730fab6cffdd07d8bd94b3b", "static/week_file.mjs": "914291b97250a97f6e09f47e6fed58b607b3b1ed9e4c60e3242ff39546913614", "static/week_plan.mjs": "e739adc10d9ae9ba1cb82c6d800c453e8f7bec53e343e0685adeabe98e6f4809", "tests/fixtures/saved-week-response.json": "5e7b785c0a02a999647e52a0229b0b649c82bbca131ca0f8db50f99c270d992f", "tools/saved_week_to_calendar.mjs": "a1e5bd2283db04629249b80aec9d21ff3c08a1a4b848bde23b0872f6a387da80"}, "unchanged": true}
2026-10-08T19:44:28.8342541Z .TASTETABLE_INDEPENDENT_SOURCE {"case": "tests/test_saved_week_calendar_receiving_ultra.py::test_occupied_output_and_input_aliases_never_replace[directory]", "sha256": {"static/calendar.js": "09dfe98a95da6c7fd0b7ee531c3ec4cf9ae5697dc730fab6cffdd07d8bd94b3b", "static/week_file.mjs": "914291b97250a97f6e09f47e6fed58b607b3b1ed9e4c60e3242ff39546913614", "static/week_plan.mjs": "e739adc10d9ae9ba1cb82c6d800c453e8f7bec53e343e0685adeabe98e6f4809", "tests/fixtures/saved-week-response.json": "5e7b785c0a02a999647e52a0229b0b649c82bbca131ca0f8db50f99c270d992f", "tools/saved_week_to_calendar.mjs": "a1e5bd2283db04629249b80aec9d21ff3c08a1a4b848bde23b0872f6a387da80"}, "unchanged": true}
2026-10-08T19:44:28.8885370Z .TASTETABLE_INDEPENDENT_SOURCE {"case": "tests/test_saved_week_calendar_receiving_ultra.py::test_occupied_output_and_input_aliases_never_replace[symlink]", "sha256": {"static/calendar.js": "09dfe98a95da6c7fd0b7ee531c3ec4cf9ae5697dc730fab6cffdd07d8bd94b3b", "static/week_file.mjs": "914291b97250a97f6e09f47e6fed58b607b3b1ed9e4c60e3242ff39546913614", "static/week_plan.mjs": "e739adc10d9ae9ba1cb82c6d800c453e8f7bec53e343e0685adeabe98e6f4809", "tests/fixtures/saved-week-response.json": "5e7b785c0a02a999647e52a0229b0b649c82bbca131ca0f8db50f99c270d992f", "tools/saved_week_to_calendar.mjs": "a1e5bd2283db04629249b80aec9d21ff3c08a1a4b848bde23b0872f6a387da80"}, "unchanged": true}
2026-10-08T19:44:28.9468158Z .TASTETABLE_INDEPENDENT_SOURCE {"case": "tests/test_saved_week_calendar_receiving_ultra.py::test_occupied_output_and_input_aliases_never_replace[dangling]", "sha256": {"static/calendar.js": "09dfe98a95da6c7fd0b7ee531c3ec4cf9ae5697dc730fab6cffdd07d8bd94b3b", "static/week_file.mjs": "914291b97250a97f6e09f47e6fed58b607b3b1ed9e4c60e3242ff39546913614", "static/week_plan.mjs": "e739adc10d9ae9ba1cb82c6d800c453e8f7bec53e343e0685adeabe98e6f4809", "tests/fixtures/saved-week-response.json": "5e7b785c0a02a999647e52a0229b0b649c82bbca131ca0f8db50f99c270d992f", "tools/saved_week_to_calendar.mjs": "a1e5bd2283db04629249b80aec9d21ff3c08a1a4b848bde23b0872f6a387da80"}, "unchanged": true}
2026-10-08T19:44:29.0009331Z .TASTETABLE_INDEPENDENT_SOURCE {"case": "tests/test_saved_week_calendar_receiving_ultra.py::test_occupied_output_and_input_aliases_never_replace[hardlink-input]", "sha256": {"static/calendar.js": "09dfe98a95da6c7fd0b7ee531c3ec4cf9ae5697dc730fab6cffdd07d8bd94b3b", "static/week_file.mjs": "914291b97250a97f6e09f47e6fed58b607b3b1ed9e4c60e3242ff39546913614", "static/week_plan.mjs": "e739adc10d9ae9ba1cb82c6d800c453e8f7bec53e343e0685adeabe98e6f4809", "tests/fixtures/saved-week-response.json": "5e7b785c0a02a999647e52a0229b0b649c82bbca131ca0f8db50f99c270d992f", "tools/saved_week_to_calendar.mjs": "a1e5bd2283db04629249b80aec9d21ff3c08a1a4b848bde23b0872f6a387da80"}, "unchanged": true}
2026-10-08T19:44:29.0556591Z .TASTETABLE_INDEPENDENT_SOURCE {"case": "tests/test_saved_week_calendar_receiving_ultra.py::test_occupied_output_and_input_aliases_never_replace[input-itself]", "sha256": {"static/calendar.js": "09dfe98a95da6c7fd0b7ee531c3ec4cf9ae5697dc730fab6cffdd07d8bd94b3b", "static/week_file.mjs": "914291b97250a97f6e09f47e6fed58b607b3b1ed9e4c60e3242ff39546913614", "static/week_plan.mjs": "e739adc10d9ae9ba1cb82c6d800c453e8f7bec53e343e0685adeabe98e6f4809", "tests/fixtures/saved-week-response.json": "5e7b785c0a02a999647e52a0229b0b649c82bbca131ca0f8db50f99c270d992f", "tools/saved_week_to_calendar.mjs": "a1e5bd2283db04629249b80aec9d21ff3c08a1a4b848bde23b0872f6a387da80"}, "unchanged": true}
2026-10-08T19:44:29.1090311Z .TASTETABLE_INDEPENDENT_SOURCE {"case": "tests/test_saved_week_calendar_receiving_ultra.py::test_nonregular_or_missing_input_is_bounded_refusal[directory]", "sha256": {"static/calendar.js": "09dfe98a95da6c7fd0b7ee531c3ec4cf9ae5697dc730fab6cffdd07d8bd94b3b", "static/week_file.mjs": "914291b97250a97f6e09f47e6fed58b607b3b1ed9e4c60e3242ff39546913614", "static/week_plan.mjs": "e739adc10d9ae9ba1cb82c6d800c453e8f7bec53e343e0685adeabe98e6f4809", "tests/fixtures/saved-week-response.json": "5e7b785c0a02a999647e52a0229b0b649c82bbca131ca0f8db50f99c270d992f", "tools/saved_week_to_calendar.mjs": "a1e5bd2283db04629249b80aec9d21ff3c08a1a4b848bde23b0872f6a387da80"}, "unchanged": true}
2026-10-08T19:44:29.1694531Z .TASTETABLE_INDEPENDENT_SOURCE {"case": "tests/test_saved_week_calendar_receiving_ultra.py::test_nonregular_or_missing_input_is_bounded_refusal[fifo]", "sha256": {"static/calendar.js": "09dfe98a95da6c7fd0b7ee531c3ec4cf9ae5697dc730fab6cffdd07d8bd94b3b", "static/week_file.mjs": "914291b97250a97f6e09f47e6fed58b607b3b1ed9e4c60e3242ff39546913614", "static/week_plan.mjs": "e739adc10d9ae9ba1cb82c6d800c453e8f7bec53e343e0685adeabe98e6f4809", "tests/fixtures/saved-week-response.json": "5e7b785c0a02a999647e52a0229b0b649c82bbca131ca0f8db50f99c270d992f", "tools/saved_week_to_calendar.mjs": "a1e5bd2283db04629249b80aec9d21ff3c08a1a4b848bde23b0872f6a387da80"}, "unchanged": true}
2026-10-08T19:44:29.2229264Z .TASTETABLE_INDEPENDENT_SOURCE {"case": "tests/test_saved_week_calendar_receiving_ultra.py::test_nonregular_or_missing_input_is_bounded_refusal[missing]", "sha256": {"static/calendar.js": "09dfe98a95da6c7fd0b7ee531c3ec4cf9ae5697dc730fab6cffdd07d8bd94b3b", "static/week_file.mjs": "914291b97250a97f6e09f47e6fed58b607b3b1ed9e4c60e3242ff39546913614", "static/week_plan.mjs": "e739adc10d9ae9ba1cb82c6d800c453e8f7bec53e343e0685adeabe98e6f4809", "tests/fixtures/saved-week-response.json": "5e7b785c0a02a999647e52a0229b0b649c82bbca131ca0f8db50f99c270d992f", "tools/saved_week_to_calendar.mjs": "a1e5bd2283db04629249b80aec9d21ff3c08a1a4b848bde23b0872f6a387da80"}, "unchanged": true}
2026-10-08T19:44:29.2756467Z .TASTETABLE_INDEPENDENT_SOURCE {"case": "tests/test_saved_week_calendar_receiving_ultra.py::test_actual_argument_refusals_leave_no_output[none]", "sha256": {"static/calendar.js": "09dfe98a95da6c7fd0b7ee531c3ec4cf9ae5697dc730fab6cffdd07d8bd94b3b", "static/week_file.mjs": "914291b97250a97f6e09f47e6fed58b607b3b1ed9e4c60e3242ff39546913614", "static/week_plan.mjs": "e739adc10d9ae9ba1cb82c6d800c453e8f7bec53e343e0685adeabe98e6f4809", "tests/fixtures/saved-week-response.json": "5e7b785c0a02a999647e52a0229b0b649c82bbca131ca0f8db50f99c270d992f", "tools/saved_week_to_calendar.mjs": "a1e5bd2283db04629249b80aec9d21ff3c08a1a4b848bde23b0872f6a387da80"}, "unchanged": true}
2026-10-08T19:44:29.3272331Z .TASTETABLE_INDEPENDENT_SOURCE {"case": "tests/test_saved_week_calendar_receiving_ultra.py::test_actual_argument_refusals_leave_no_output[unknown]", "sha256": {"static/calendar.js": "09dfe98a95da6c7fd0b7ee531c3ec4cf9ae5697dc730fab6cffdd07d8bd94b3b", "static/week_file.mjs": "914291b97250a97f6e09f47e6fed58b607b3b1ed9e4c60e3242ff39546913614", "static/week_plan.mjs": "e739adc10d9ae9ba1cb82c6d800c453e8f7bec53e343e0685adeabe98e6f4809", "tests/fixtures/saved-week-response.json": "5e7b785c0a02a999647e52a0229b0b649c82bbca131ca0f8db50f99c270d992f", "tools/saved_week_to_calendar.mjs": "a1e5bd2283db04629249b80aec9d21ff3c08a1a4b848bde23b0872f6a387da80"}, "unchanged": true}
2026-10-08T19:44:29.3817402Z .TASTETABLE_INDEPENDENT_SOURCE {"case": "tests/test_saved_week_calendar_receiving_ultra.py::test_actual_argument_refusals_leave_no_output[duplicate-input]", "sha256": {"static/calendar.js": "09dfe98a95da6c7fd0b7ee531c3ec4cf9ae5697dc730fab6cffdd07d8bd94b3b", "static/week_file.mjs": "914291b97250a97f6e09f47e6fed58b607b3b1ed9e4c60e3242ff39546913614", "static/week_plan.mjs": "e739adc10d9ae9ba1cb82c6d800c453e8f7bec53e343e0685adeabe98e6f4809", "tests/fixtures/saved-week-response.json": "5e7b785c0a02a999647e52a0229b0b649c82bbca131ca0f8db50f99c270d992f", "tools/saved_week_to_calendar.mjs": "a1e5bd2283db04629249b80aec9d21ff3c08a1a4b848bde23b0872f6a387da80"}, "unchanged": true}
2026-10-08T19:44:29.4343169Z .TASTETABLE_INDEPENDENT_SOURCE {"case": "tests/test_saved_week_calendar_receiving_ultra.py::test_actual_argument_refusals_leave_no_output[duplicate-output]", "sha256": {"static/calendar.js": "09dfe98a95da6c7fd0b7ee531c3ec4cf9ae5697dc730fab6cffdd07d8bd94b3b", "static/week_file.mjs": "914291b97250a97f6e09f47e6fed58b607b3b1ed9e4c60e3242ff39546913614", "static/week_plan.mjs": "e739adc10d9ae9ba1cb82c6d800c453e8f7bec53e343e0685adeabe98e6f4809", "tests/fixtures/saved-week-response.json": "5e7b785c0a02a999647e52a0229b0b649c82bbca131ca0f8db50f99c270d992f", "tools/saved_week_to_calendar.mjs": "a1e5bd2283db04629249b80aec9d21ff3c08a1a4b848bde23b0872f6a387da80"}, "unchanged": true}
2026-10-08T19:44:29.4862676Z .TASTETABLE_INDEPENDENT_SOURCE {"case": "tests/test_saved_week_calendar_receiving_ultra.py::test_actual_argument_refusals_leave_no_output[duplicate-new]", "sha256": {"static/calendar.js": "09dfe98a95da6c7fd0b7ee531c3ec4cf9ae5697dc730fab6cffdd07d8bd94b3b", "static/week_file.mjs": "914291b97250a97f6e09f47e6fed58b607b3b1ed9e4c60e3242ff39546913614", "static/week_plan.mjs": "e739adc10d9ae9ba1cb82c6d800c453e8f7bec53e343e0685adeabe98e6f4809", "tests/fixtures/saved-week-response.json": "5e7b785c0a02a999647e52a0229b0b649c82bbca131ca0f8db50f99c270d992f", "tools/saved_week_to_calendar.mjs": "a1e5bd2283db04629249b80aec9d21ff3c08a1a4b848bde23b0872f6a387da80"}, "unchanged": true}
2026-10-08T19:44:29.5392460Z .TASTETABLE_INDEPENDENT_SOURCE {"case": "tests/test_saved_week_calendar_receiving_ultra.py::test_actual_argument_refusals_leave_no_output[help-mixed]", "sha256": {"static/calendar.js": "09dfe98a95da6c7fd0b7ee531c3ec4cf9ae5697dc730fab6cffdd07d8bd94b3b", "static/week_file.mjs": "914291b97250a97f6e09f47e6fed58b607b3b1ed9e4c60e3242ff39546913614", "static/week_plan.mjs": "e739adc10d9ae9ba1cb82c6d800c453e8f7bec53e343e0685adeabe98e6f4809", "tests/fixtures/saved-week-response.json": "5e7b785c0a02a999647e52a0229b0b649c82bbca131ca0f8db50f99c270d992f", "tools/saved_week_to_calendar.mjs": "a1e5bd2283db04629249b80aec9d21ff3c08a1a4b848bde23b0872f6a387da80"}, "unchanged": true}
2026-10-08T19:44:29.5919826Z .TASTETABLE_INDEPENDENT_SOURCE {"case": "tests/test_saved_week_calendar_receiving_ultra.py::test_actual_argument_refusals_leave_no_output[stdin]", "sha256": {"static/calendar.js": "09dfe98a95da6c7fd0b7ee531c3ec4cf9ae5697dc730fab6cffdd07d8bd94b3b", "static/week_file.mjs": "914291b97250a97f6e09f47e6fed58b607b3b1ed9e4c60e3242ff39546913614", "static/week_plan.mjs": "e739adc10d9ae9ba1cb82c6d800c453e8f7bec53e343e0685adeabe98e6f4809", "tests/fixtures/saved-week-response.json": "5e7b785c0a02a999647e52a0229b0b649c82bbca131ca0f8db50f99c270d992f", "tools/saved_week_to_calendar.mjs": "a1e5bd2283db04629249b80aec9d21ff3c08a1a4b848bde23b0872f6a387da80"}, "unchanged": true}
2026-10-08T19:44:29.6468387Z .TASTETABLE_INDEPENDENT_SOURCE {"case": "tests/test_saved_week_calendar_receiving_ultra.py::test_actual_argument_refusals_leave_no_output[existing-new]", "sha256": {"static/calendar.js": "09dfe98a95da6c7fd0b7ee531c3ec4cf9ae5697dc730fab6cffdd07d8bd94b3b", "static/week_file.mjs": "914291b97250a97f6e09f47e6fed58b607b3b1ed9e4c60e3242ff39546913614", "static/week_plan.mjs": "e739adc10d9ae9ba1cb82c6d800c453e8f7bec53e343e0685adeabe98e6f4809", "tests/fixtures/saved-week-response.json": "5e7b785c0a02a999647e52a0229b0b649c82bbca131ca0f8db50f99c270d992f", "tools/saved_week_to_calendar.mjs": "a1e5bd2283db04629249b80aec9d21ff3c08a1a4b848bde23b0872f6a387da80"}, "unchanged": true}
2026-10-08T19:44:29.6993718Z .TASTETABLE_INDEPENDENT_SOURCE {"case": "tests/test_saved_week_calendar_receiving_ultra.py::test_actual_argument_refusals_leave_no_output[missing-output]", "sha256": {"static/calendar.js": "09dfe98a95da6c7fd0b7ee531c3ec4cf9ae5697dc730fab6cffdd07d8bd94b3b", "static/week_file.mjs": "914291b97250a97f6e09f47e6fed58b607b3b1ed9e4c60e3242ff39546913614", "static/week_plan.mjs": "e739adc10d9ae9ba1cb82c6d800c453e8f7bec53e343e0685adeabe98e6f4809", "tests/fixtures/saved-week-response.json": "5e7b785c0a02a999647e52a0229b0b649c82bbca131ca0f8db50f99c270d992f", "tools/saved_week_to_calendar.mjs": "a1e5bd2283db04629249b80aec9d21ff3c08a1a4b848bde23b0872f6a387da80"}, "unchanged": true}
2026-10-08T19:44:29.7552883Z .TASTETABLE_INDEPENDENT_SOURCE {"case": "tests/test_saved_week_calendar_receiving_ultra.py::test_help_is_standalone_and_creates_nothing", "sha256": {"static/calendar.js": "09dfe98a95da6c7fd0b7ee531c3ec4cf9ae5697dc730fab6cffdd07d8bd94b3b", "static/week_file.mjs": "914291b97250a97f6e09f47e6fed58b607b3b1ed9e4c60e3242ff39546913614", "static/week_plan.mjs": "e739adc10d9ae9ba1cb82c6d800c453e8f7bec53e343e0685adeabe98e6f4809", "tests/fixtures/saved-week-response.json": "5e7b785c0a02a999647e52a0229b0b649c82bbca131ca0f8db50f99c270d992f", "tools/saved_week_to_calendar.mjs": "a1e5bd2283db04629249b80aec9d21ff3c08a1a4b848bde23b0872f6a387da80"}, "unchanged": true}
2026-10-08T19:44:29.8575275Z TASTETABLE_INDEPENDENT_DELIVERY {"mode": "observe", "output_sha256": "900f8707627e600907928f515217ac36519e3aac0045fa0f3c32870438250d18", "status": 0, "trace": {"cleanupAttempts": 2, "initialEntries": ["arranged week.json"], "linkCalls": [{"openStageFds": [], "output": "/tmp/pytest-of-runner/pytest-0/test_explicit_delivery_fault_b0/files/calendar result.ics", "regularStage": true, "sha256": "900f8707627e600907928f515217ac36519e3aac0045fa0f3c32870438250d18", "stage": "/tmp/pytest-of-runner/pytest-0/test_explicit_delivery_fault_b0/files/.tastetable-calendar-dewv1m/completed.ics", "stageContainer": "/tmp/pytest-of-runner/pytest-0/test_explicit_delivery_fault_b0/files/.tastetable-calendar-dewv1m"}], "mode": "observe", "published": true, "stdoutAttempts": 0}}
2026-10-08T19:44:29.8584945Z .TASTETABLE_INDEPENDENT_SOURCE {"case": "tests/test_saved_week_calendar_receiving_ultra.py::test_explicit_delivery_fault_boundaries_and_completed_file_diagnostic[observe]", "sha256": {"static/calendar.js": "09dfe98a95da6c7fd0b7ee531c3ec4cf9ae5697dc730fab6cffdd07d8bd94b3b", "static/week_file.mjs": "914291b97250a97f6e09f47e6fed58b607b3b1ed9e4c60e3242ff39546913614", "static/week_plan.mjs": "e739adc10d9ae9ba1cb82c6d800c453e8f7bec53e343e0685adeabe98e6f4809", "tests/fixtures/saved-week-response.json": "5e7b785c0a02a999647e52a0229b0b649c82bbca131ca0f8db50f99c270d992f", "tools/saved_week_to_calendar.mjs": "a1e5bd2283db04629249b80aec9d21ff3c08a1a4b848bde23b0872f6a387da80"}, "unchanged": true}
2026-10-08T19:44:29.9585599Z TASTETABLE_INDEPENDENT_DELIVERY {"mode": "race", "output_sha256": "f2f8f2321577fa3f433a62b266248121945f6be46448f32f79ea267ab1dcdbf2", "status": 2, "trace": {"cleanupAttempts": 0, "initialEntries": ["arranged week.json"], "linkCalls": [{"openStageFds": [], "output": "/tmp/pytest-of-runner/pytest-0/test_explicit_delivery_fault_b1/files/calendar result.ics", "regularStage": true, "sha256": "900f8707627e600907928f515217ac36519e3aac0045fa0f3c32870438250d18", "stage": "/tmp/pytest-of-runner/pytest-0/test_explicit_delivery_fault_b1/files/.tastetable-calendar-Mz0YRI/completed.ics", "stageContainer": "/tmp/pytest-of-runner/pytest-0/test_explicit_delivery_fault_b1/files/.tastetable-calendar-Mz0YRI"}], "mode": "race", "published": false, "stdoutAttempts": 0}}
2026-10-08T19:44:29.9595063Z .TASTETABLE_INDEPENDENT_SOURCE {"case": "tests/test_saved_week_calendar_receiving_ultra.py::test_explicit_delivery_fault_boundaries_and_completed_file_diagnostic[race]", "sha256": {"static/calendar.js": "09dfe98a95da6c7fd0b7ee531c3ec4cf9ae5697dc730fab6cffdd07d8bd94b3b", "static/week_file.mjs": "914291b97250a97f6e09f47e6fed58b607b3b1ed9e4c60e3242ff39546913614", "static/week_plan.mjs": "e739adc10d9ae9ba1cb82c6d800c453e8f7bec53e343e0685adeabe98e6f4809", "tests/fixtures/saved-week-response.json": "5e7b785c0a02a999647e52a0229b0b649c82bbca131ca0f8db50f99c270d992f", "tools/saved_week_to_calendar.mjs": "a1e5bd2283db04629249b80aec9d21ff3c08a1a4b848bde23b0872f6a387da80"}, "unchanged": true}
2026-10-08T19:44:30.0572512Z TASTETABLE_INDEPENDENT_DELIVERY {"mode": "link-failure", "output_sha256": null, "status": 1, "trace": {"cleanupAttempts": 0, "initialEntries": ["arranged week.json"], "linkCalls": [{"openStageFds": [], "output": "/tmp/pytest-of-runner/pytest-0/test_explicit_delivery_fault_b2/files/calendar result.ics", "regularStage": true, "sha256": "900f8707627e600907928f515217ac36519e3aac0045fa0f3c32870438250d18", "stage": "/tmp/pytest-of-runner/pytest-0/test_explicit_delivery_fault_b2/files/.tastetable-calendar-0z34hM/completed.ics", "stageContainer": "/tmp/pytest-of-runner/pytest-0/test_explicit_delivery_fault_b2/files/.tastetable-calendar-0z34hM"}], "mode": "link-failure", "published": false, "stdoutAttempts": 0}}
2026-10-08T19:44:30.0583106Z .TASTETABLE_INDEPENDENT_SOURCE {"case": "tests/test_saved_week_calendar_receiving_ultra.py::test_explicit_delivery_fault_boundaries_and_completed_file_diagnostic[link-failure]", "sha256": {"static/calendar.js": "09dfe98a95da6c7fd0b7ee531c3ec4cf9ae5697dc730fab6cffdd07d8bd94b3b", "static/week_file.mjs": "914291b97250a97f6e09f47e6fed58b607b3b1ed9e4c60e3242ff39546913614", "static/week_plan.mjs": "e739adc10d9ae9ba1cb82c6d800c453e8f7bec53e343e0685adeabe98e6f4809", "tests/fixtures/saved-week-response.json": "5e7b785c0a02a999647e52a0229b0b649c82bbca131ca0f8db50f99c270d992f", "tools/saved_week_to_calendar.mjs": "a1e5bd2283db04629249b80aec9d21ff3c08a1a4b848bde23b0872f6a387da80"}, "unchanged": true}
2026-10-08T19:44:30.1588969Z TASTETABLE_INDEPENDENT_DELIVERY {"mode": "cleanup", "output_sha256": "900f8707627e600907928f515217ac36519e3aac0045fa0f3c32870438250d18", "status": 1, "trace": {"cleanupAttempts": 1, "initialEntries": ["arranged week.json"], "linkCalls": [{"openStageFds": [], "output": "/tmp/pytest-of-runner/pytest-0/test_explicit_delivery_fault_b3/files/calendar result.ics", "regularStage": true, "sha256": "900f8707627e600907928f515217ac36519e3aac0045fa0f3c32870438250d18", "stage": "/tmp/pytest-of-runner/pytest-0/test_explicit_delivery_fault_b3/files/.tastetable-calendar-9hpHs8/completed.ics", "stageContainer": "/tmp/pytest-of-runner/pytest-0/test_explicit_delivery_fault_b3/files/.tastetable-calendar-9hpHs8"}], "mode": "cleanup", "published": true, "stdoutAttempts": 0}}
2026-10-08T19:44:30.1598844Z .TASTETABLE_INDEPENDENT_SOURCE {"case": "tests/test_saved_week_calendar_receiving_ultra.py::test_explicit_delivery_fault_boundaries_and_completed_file_diagnostic[cleanup]", "sha256": {"static/calendar.js": "09dfe98a95da6c7fd0b7ee531c3ec4cf9ae5697dc730fab6cffdd07d8bd94b3b", "static/week_file.mjs": "914291b97250a97f6e09f47e6fed58b607b3b1ed9e4c60e3242ff39546913614", "static/week_plan.mjs": "e739adc10d9ae9ba1cb82c6d800c453e8f7bec53e343e0685adeabe98e6f4809", "tests/fixtures/saved-week-response.json": "5e7b785c0a02a999647e52a0229b0b649c82bbca131ca0f8db50f99c270d992f", "tools/saved_week_to_calendar.mjs": "a1e5bd2283db04629249b80aec9d21ff3c08a1a4b848bde23b0872f6a387da80"}, "unchanged": true}
2026-10-08T19:44:30.2600836Z TASTETABLE_INDEPENDENT_DELIVERY {"mode": "receipt", "output_sha256": "900f8707627e600907928f515217ac36519e3aac0045fa0f3c32870438250d18", "status": 1, "trace": {"cleanupAttempts": 2, "initialEntries": ["arranged week.json"], "linkCalls": [{"openStageFds": [], "output": "/tmp/pytest-of-runner/pytest-0/test_explicit_delivery_fault_b4/files/calendar result.ics", "regularStage": true, "sha256": "900f8707627e600907928f515217ac36519e3aac0045fa0f3c32870438250d18", "stage": "/tmp/pytest-of-runner/pytest-0/test_explicit_delivery_fault_b4/files/.tastetable-calendar-Fr3Ngz/completed.ics", "stageContainer": "/tmp/pytest-of-runner/pytest-0/test_explicit_delivery_fault_b4/files/.tastetable-calendar-Fr3Ngz"}], "mode": "receipt", "published": true, "stdoutAttempts": 1}}
2026-10-08T19:44:30.2610651Z .TASTETABLE_INDEPENDENT_SOURCE {"case": "tests/test_saved_week_calendar_receiving_ultra.py::test_explicit_delivery_fault_boundaries_and_completed_file_diagnostic[receipt]", "sha256": {"static/calendar.js": "09dfe98a95da6c7fd0b7ee531c3ec4cf9ae5697dc730fab6cffdd07d8bd94b3b", "static/week_file.mjs": "914291b97250a97f6e09f47e6fed58b607b3b1ed9e4c60e3242ff39546913614", "static/week_plan.mjs": "e739adc10d9ae9ba1cb82c6d800c453e8f7bec53e343e0685adeabe98e6f4809", "tests/fixtures/saved-week-response.json": "5e7b785c0a02a999647e52a0229b0b649c82bbca131ca0f8db50f99c270d992f", "tools/saved_week_to_calendar.mjs": "a1e5bd2283db04629249b80aec9d21ff3c08a1a4b848bde23b0872f6a387da80"}, "unchanged": true}
2026-10-08T19:44:30.2805945Z .... [ 71%]
2026-10-08T19:44:30.3936337Z ........................... [ 82%]
2026-10-08T19:44:30.6127214Z .............................................        [100%]
2026-10-08T19:44:30.6128292Z =============================== warnings summary ===============================
2026-10-08T19:44:30.6129005Z ../../../../../opt/hostedtoolcache/Python/3.12.15/x64/lib/python3.12/site-packages/fastapi/testclient.py:1
2026-10-08T19:44:30.6130794Z   /opt/hostedtoolcache/Python/3.12.15/x64/lib/python3.12/site-packages/fastapi/testclient.py:1: StarletteDeprecationWarning: Using `httpx` with `starlette.testclient` is deprecated; install `httpx2` instead.
2026-10-08T19:44:30.6132013Z     from starlette.testclient import TestClient as TestClient  # noqa
2026-10-08T19:44:30.6132377Z 
2026-10-08T19:44:30.6132676Z -- Docs: https://docs.pytest.org/en/stable/how-to/capture-warnings.html
2026-10-08T19:44:30.6133259Z 250 passed, 1 warning, 247 subtests passed in 21.65s
2026-10-08T19:44:30.6911546Z Post job cleanup.
2026-10-08T19:44:30.8320004Z Post job cleanup.
2026-10-08T19:44:30.9217166Z [command]/usr/bin/git version
2026-10-08T19:44:30.9265717Z git version 2.55.0
2026-10-08T19:44:30.9306838Z Temporarily overriding HOME='/home/runner/work/_temp/bc0fada2-d81b-4ee2-a3b0-dcdaee5719e7' before making global git config changes
2026-10-08T19:44:30.9308383Z Adding repository directory to the temporary git global config as a safe directory
2026-10-08T19:44:30.9313354Z [command]/usr/bin/git config --global --add safe.directory /home/runner/work/tastetable/tastetable
2026-10-08T19:44:30.9345755Z Removing SSH command configuration
2026-10-08T19:44:30.9352733Z [command]/usr/bin/git config --local --name-only --get-regexp core\.sshCommand
2026-10-08T19:44:30.9392715Z [command]/usr/bin/git submodule foreach --recursive sh -c "git config --local --name-only --get-regexp 'core\.sshCommand' && git config --local --unset-all 'core.sshCommand' || :"
2026-10-08T19:44:30.9658635Z Removing HTTP extra header
2026-10-08T19:44:30.9678687Z [command]/usr/bin/git config --local --name-only --get-regexp http\.https\:\/\/github\.com\/\.extraheader
2026-10-08T19:44:30.9729718Z [command]/usr/bin/git submodule foreach --recursive sh -c "git config --local --name-only --get-regexp 'http\.https\:\/\/github\.com\/\.extraheader' && git config --local --unset-all 'http.https://github.com/.extraheader' || :"
2026-10-08T19:44:30.9983412Z Removing includeIf entries pointing to credentials config files
2026-10-08T19:44:30.9991716Z [command]/usr/bin/git config --local --name-only --get-regexp ^includeIf\.gitdir:
2026-10-08T19:44:31.0029475Z includeif.gitdir:/home/runner/work/tastetable/tastetable/.git.path
2026-10-08T19:44:31.0030431Z includeif.gitdir:/home/runner/work/tastetable/tastetable/.git/worktrees/*.path
2026-10-08T19:44:31.0031066Z includeif.gitdir:/github/workspace/.git.path
2026-10-08T19:44:31.0031568Z includeif.gitdir:/github/workspace/.git/worktrees/*.path
2026-10-08T19:44:31.0039323Z [command]/usr/bin/git config --local --get-all includeif.gitdir:/home/runner/work/tastetable/tastetable/.git.path
2026-10-08T19:44:31.0068545Z /home/runner/work/_temp/git-credentials-321741ee-81a1-4ec0-a176-554c2e1e3024.config
2026-10-08T19:44:31.0082032Z [command]/usr/bin/git config --local --unset includeif.gitdir:/home/runner/work/tastetable/tastetable/.git.path \/home\/runner\/work\/_temp\/git\-credentials\-321741ee\-81a1\-4ec0\-a176\-554c2e1e3024\.config
2026-10-08T19:44:31.0127273Z [command]/usr/bin/git config --local --get-all includeif.gitdir:/home/runner/work/tastetable/tastetable/.git/worktrees/*.path
2026-10-08T19:44:31.0170812Z /home/runner/work/_temp/git-credentials-321741ee-81a1-4ec0-a176-554c2e1e3024.config
2026-10-08T19:44:31.0199973Z [command]/usr/bin/git config --local --unset includeif.gitdir:/home/runner/work/tastetable/tastetable/.git/worktrees/*.path \/home\/runner\/work\/_temp\/git\-credentials\-321741ee\-81a1\-4ec0\-a176\-554c2e1e3024\.config
2026-10-08T19:44:31.0228633Z [command]/usr/bin/git config --local --get-all includeif.gitdir:/github/workspace/.git.path
2026-10-08T19:44:31.0259706Z /github/runner_temp/git-credentials-321741ee-81a1-4ec0-a176-554c2e1e3024.config
2026-10-08T19:44:31.0272346Z [command]/usr/bin/git config --local --unset includeif.gitdir:/github/workspace/.git.path \/github\/runner_temp\/git\-credentials\-321741ee\-81a1\-4ec0\-a176\-554c2e1e3024\.config
2026-10-08T19:44:31.0314628Z [command]/usr/bin/git config --local --get-all includeif.gitdir:/github/workspace/.git/worktrees/*.path
2026-10-08T19:44:31.0346164Z /github/runner_temp/git-credentials-321741ee-81a1-4ec0-a176-554c2e1e3024.config
2026-10-08T19:44:31.0356210Z [command]/usr/bin/git config --local --unset includeif.gitdir:/github/workspace/.git/worktrees/*.path \/github\/runner_temp\/git\-credentials\-321741ee\-81a1\-4ec0\-a176\-554c2e1e3024\.config
2026-10-08T19:44:31.0401606Z [command]/usr/bin/git submodule foreach --recursive git config --local --show-origin --name-only --get-regexp remote.origin.url
2026-10-08T19:44:31.0656552Z Removing credentials config '/home/runner/work/_temp/git-credentials-321741ee-81a1-4ec0-a176-554c2e1e3024.config'
2026-10-08T19:44:31.0830136Z Cleaning up orphan processes
