2026-10-08T19:37:52.7152031Z Current runner version: '2.337.0'
2026-10-08T19:37:52.7201505Z ##[group]Runner Image Provisioner
2026-10-08T19:37:52.7202811Z Hosted Compute Agent
2026-10-08T19:37:52.7203459Z Version: 20261002.596
2026-10-08T19:37:52.7204154Z Commit: c3d12f3313a95f25162a1503be624f3b0617f8c0
2026-10-08T19:37:52.7204937Z Build Date: 2026-10-02T22:28:27Z
2026-10-08T19:37:52.7205678Z Worker ID: {2b111662-ead9-42d4-a4a0-f775749d7a10}
2026-10-08T19:37:52.7206515Z Region: westus2
2026-10-08T19:37:52.7207125Z Cloud: Azure
2026-10-08T19:37:52.7207790Z ##[endgroup]
2026-10-08T19:37:52.7209314Z ##[group]Operating System
2026-10-08T19:37:52.7209964Z Ubuntu
2026-10-08T19:37:52.7210571Z 24.04.5
2026-10-08T19:37:52.7211158Z LTS
2026-10-08T19:37:52.7211720Z ##[endgroup]
2026-10-08T19:37:52.7212625Z ##[group]Runner Image
2026-10-08T19:37:52.7213250Z Image: ubuntu-24.04
2026-10-08T19:37:52.7213869Z Version: 20261004.327.1
2026-10-08T19:37:52.7215280Z Included Software: https://github.com/actions/runner-images/blob/ubuntu24/20261004.327/images/ubuntu/Ubuntu2404-Readme.md
2026-10-08T19:37:52.7216986Z Image Release: https://github.com/actions/runner-images/releases/tag/ubuntu24%2F20261004.327
2026-10-08T19:37:52.7217995Z ##[endgroup]
2026-10-08T19:37:52.7219211Z ##[group]GITHUB_TOKEN Permissions
2026-10-08T19:37:52.7221109Z Contents: read
2026-10-08T19:37:52.7221795Z Metadata: read
2026-10-08T19:37:52.7222733Z ##[endgroup]
2026-10-08T19:37:52.7224904Z Secret source: Actions
2026-10-08T19:37:52.7226011Z Cache mode: write
2026-10-08T19:37:52.7226734Z Prepare workflow directory
2026-10-08T19:37:52.7622823Z Prepare all required actions
2026-10-08T19:37:52.7670051Z Getting action download info
2026-10-08T19:37:53.1201940Z Download action repository 'actions/checkout@3d3c42e5aac5ba805825da76410c181273ba90b1' (SHA:3d3c42e5aac5ba805825da76410c181273ba90b1)
2026-10-08T19:37:53.2339491Z Download action repository 'actions/setup-python@5fda3b95a4ea91299a34e894583c3862153e4b97' (SHA:5fda3b95a4ea91299a34e894583c3862153e4b97)
2026-10-08T19:37:53.4787631Z Complete job name: test
2026-10-08T19:37:53.5631635Z ##[group]Run actions/checkout@3d3c42e5aac5ba805825da76410c181273ba90b1
2026-10-08T19:37:53.5632967Z with:
2026-10-08T19:37:53.5633442Z   repository: Jacob-Met/tastetable
2026-10-08T19:37:53.5637396Z   token: ***
2026-10-08T19:37:53.5637838Z   ssh-strict: true
2026-10-08T19:37:53.5638286Z   ssh-user: git
2026-10-08T19:37:53.5638746Z   persist-credentials: true
2026-10-08T19:37:53.5639250Z   clean: true
2026-10-08T19:37:53.5639706Z   sparse-checkout-cone-mode: true
2026-10-08T19:37:53.5640233Z   fetch-depth: 1
2026-10-08T19:37:53.5640675Z   fetch-tags: false
2026-10-08T19:37:53.5641134Z   show-progress: true
2026-10-08T19:37:53.5641594Z   lfs: false
2026-10-08T19:37:53.5642027Z   submodules: false
2026-10-08T19:37:53.5642672Z   set-safe-directory: true
2026-10-08T19:37:53.5643203Z   allow-unsafe-pr-checkout: false
2026-10-08T19:37:53.5643996Z ##[endgroup]
2026-10-08T19:37:53.6703808Z Syncing repository: Jacob-Met/tastetable
2026-10-08T19:37:53.6707326Z ##[group]Getting Git version info
2026-10-08T19:37:53.6708649Z Working directory is '/home/runner/work/tastetable/tastetable'
2026-10-08T19:37:53.6710503Z [command]/usr/bin/git version
2026-10-08T19:37:53.6797842Z git version 2.55.0
2026-10-08T19:37:53.6825637Z ##[endgroup]
2026-10-08T19:37:53.6856471Z Temporarily overriding HOME='/home/runner/work/_temp/388f56f9-1893-4134-89f9-eda78d698db5' before making global git config changes
2026-10-08T19:37:53.6857938Z Adding repository directory to the temporary git global config as a safe directory
2026-10-08T19:37:53.6859109Z [command]/usr/bin/git config --global --add safe.directory /home/runner/work/tastetable/tastetable
2026-10-08T19:37:53.6934024Z Deleting the contents of '/home/runner/work/tastetable/tastetable'
2026-10-08T19:37:53.6936180Z ##[group]Determining repository object format
2026-10-08T19:37:53.6937900Z ##[endgroup]
2026-10-08T19:37:53.6945016Z ##[group]Initializing the repository
2026-10-08T19:37:53.6946631Z [command]/usr/bin/git init /home/runner/work/tastetable/tastetable
2026-10-08T19:37:53.7047259Z hint: Using 'master' as the name for the initial branch. This default branch name
2026-10-08T19:37:53.7048970Z hint: will change to "main" in Git 3.0. To configure the initial branch name
2026-10-08T19:37:53.7050820Z hint: to use in all of your new repositories, which will suppress this warning,
2026-10-08T19:37:53.7052295Z hint: call:
2026-10-08T19:37:53.7053058Z hint:
2026-10-08T19:37:53.7053883Z hint: 	git config --global init.defaultBranch <name>
2026-10-08T19:37:53.7054884Z hint:
2026-10-08T19:37:53.7055803Z hint: Names commonly chosen instead of 'master' are 'main', 'trunk' and
2026-10-08T19:37:53.7057335Z hint: 'development'. The just-created branch can be renamed via this command:
2026-10-08T19:37:53.7058581Z hint:
2026-10-08T19:37:53.7059228Z hint: 	git branch -m <name>
2026-10-08T19:37:53.7059976Z hint:
2026-10-08T19:37:53.7060962Z hint: Disable this message with "git config set advice.defaultBranchName false"
2026-10-08T19:37:53.7063180Z Initialized empty Git repository in /home/runner/work/tastetable/tastetable/.git/
2026-10-08T19:37:53.7066379Z [command]/usr/bin/git remote add origin https://github.com/Jacob-Met/tastetable
2026-10-08T19:37:53.7125456Z ##[endgroup]
2026-10-08T19:37:53.7126623Z ##[group]Disabling automatic garbage collection
2026-10-08T19:37:53.7129487Z [command]/usr/bin/git config --local gc.auto 0
2026-10-08T19:37:53.7169019Z ##[endgroup]
2026-10-08T19:37:53.7170227Z ##[group]Setting up auth
2026-10-08T19:37:53.7171044Z Removing SSH command configuration
2026-10-08T19:37:53.7175473Z [command]/usr/bin/git config --local --name-only --get-regexp core\.sshCommand
2026-10-08T19:37:53.7213709Z [command]/usr/bin/git submodule foreach --recursive sh -c "git config --local --name-only --get-regexp 'core\.sshCommand' && git config --local --unset-all 'core.sshCommand' || :"
2026-10-08T19:37:53.7623458Z Removing HTTP extra header
2026-10-08T19:37:53.7624723Z [command]/usr/bin/git config --local --name-only --get-regexp http\.https\:\/\/github\.com\/\.extraheader
2026-10-08T19:37:53.7656239Z [command]/usr/bin/git submodule foreach --recursive sh -c "git config --local --name-only --get-regexp 'http\.https\:\/\/github\.com\/\.extraheader' && git config --local --unset-all 'http.https://github.com/.extraheader' || :"
2026-10-08T19:37:53.7897665Z Removing includeIf entries pointing to credentials config files
2026-10-08T19:37:53.7905999Z [command]/usr/bin/git config --local --name-only --get-regexp ^includeIf\.gitdir:
2026-10-08T19:37:53.7954837Z [command]/usr/bin/git submodule foreach --recursive git config --local --show-origin --name-only --get-regexp remote.origin.url
2026-10-08T19:37:53.8228941Z [command]/usr/bin/git config --file /home/runner/work/_temp/git-credentials-ac022085-a9f5-40dd-97a3-63445f1382a6.config http.https://github.com/.extraheader AUTHORIZATION: basic ***
2026-10-08T19:37:53.8286140Z [command]/usr/bin/git config --local includeIf.gitdir:/home/runner/work/tastetable/tastetable/.git.path /home/runner/work/_temp/git-credentials-ac022085-a9f5-40dd-97a3-63445f1382a6.config
2026-10-08T19:37:53.8329189Z [command]/usr/bin/git config --local includeIf.gitdir:/home/runner/work/tastetable/tastetable/.git/worktrees/*.path /home/runner/work/_temp/git-credentials-ac022085-a9f5-40dd-97a3-63445f1382a6.config
2026-10-08T19:37:53.8376284Z [command]/usr/bin/git config --local includeIf.gitdir:/github/workspace/.git.path /github/runner_temp/git-credentials-ac022085-a9f5-40dd-97a3-63445f1382a6.config
2026-10-08T19:37:53.8430671Z [command]/usr/bin/git config --local includeIf.gitdir:/github/workspace/.git/worktrees/*.path /github/runner_temp/git-credentials-ac022085-a9f5-40dd-97a3-63445f1382a6.config
2026-10-08T19:37:53.8470551Z ##[endgroup]
2026-10-08T19:37:53.8471861Z ##[group]Fetching the repository
2026-10-08T19:37:53.8479811Z [command]/usr/bin/git -c protocol.version=2 fetch --no-tags --prune --no-recurse-submodules --depth=1 origin +fd3fb0898bacac858105d3ec86926957f464fdc8:refs/remotes/pull/46/merge
2026-10-08T19:37:55.2867877Z From https://github.com/Jacob-Met/tastetable
2026-10-08T19:37:55.2884399Z  * [new ref]         fd3fb0898bacac858105d3ec86926957f464fdc8 -> pull/46/merge
2026-10-08T19:37:55.2888554Z ##[endgroup]
2026-10-08T19:37:55.2890328Z ##[group]Determining the checkout info
2026-10-08T19:37:55.2891759Z ##[endgroup]
2026-10-08T19:37:55.2892990Z [command]/usr/bin/git sparse-checkout disable
2026-10-08T19:37:55.2958418Z [command]/usr/bin/git config --local --unset-all extensions.worktreeConfig
2026-10-08T19:37:55.3006099Z ##[group]Checking out the ref
2026-10-08T19:37:55.3011505Z [command]/usr/bin/git checkout --progress --force refs/remotes/pull/46/merge
2026-10-08T19:37:55.3909257Z Note: switching to 'refs/remotes/pull/46/merge'.
2026-10-08T19:37:55.3910436Z 
2026-10-08T19:37:55.3911205Z You are in 'detached HEAD' state. You can look around, make experimental
2026-10-08T19:37:55.3913165Z changes and commit them, and you can discard any commits you make in this
2026-10-08T19:37:55.3915451Z state without impacting any branches by switching back to a branch.
2026-10-08T19:37:55.3916824Z 
2026-10-08T19:37:55.3917686Z If you want to create a new branch to retain commits you create, you may
2026-10-08T19:37:55.3919702Z do so (now or later) by using -c with the switch command. Example:
2026-10-08T19:37:55.3920941Z 
2026-10-08T19:37:55.3921454Z   git switch -c <new-branch-name>
2026-10-08T19:37:55.3922577Z 
2026-10-08T19:37:55.3923130Z Or undo this operation with:
2026-10-08T19:37:55.3923955Z 
2026-10-08T19:37:55.3924413Z   git switch -
2026-10-08T19:37:55.3925053Z 
2026-10-08T19:37:55.3926172Z Turn off this advice by setting config variable advice.detachedHead to false
2026-10-08T19:37:55.3927365Z 
2026-10-08T19:37:55.3928526Z HEAD is now at fd3fb08 Merge 5f7b6ff109a92f6caf9f665165a305248e667354 into 0f1316eed24611345e722a9938db8ce03c181404
2026-10-08T19:37:55.3933083Z ##[endgroup]
2026-10-08T19:37:55.3984117Z [command]/usr/bin/git log -1 --format=%H
2026-10-08T19:37:55.4013462Z fd3fb0898bacac858105d3ec86926957f464fdc8
2026-10-08T19:37:55.4407834Z ##[group]Run actions/setup-python@5fda3b95a4ea91299a34e894583c3862153e4b97
2026-10-08T19:37:55.4409509Z with:
2026-10-08T19:37:55.4410334Z   python-version: 3.12
2026-10-08T19:37:55.4411270Z   check-latest: false
2026-10-08T19:37:55.4490523Z   token: ***
2026-10-08T19:37:55.4491800Z   update-environment: true
2026-10-08T19:37:55.4493018Z   allow-prereleases: false
2026-10-08T19:37:55.4494052Z   freethreaded: false
2026-10-08T19:37:55.4494942Z ##[endgroup]
2026-10-08T19:37:55.5704845Z ##[group]Installed versions
2026-10-08T19:37:55.7268735Z Successfully set up CPython (3.12.15)
2026-10-08T19:37:55.7271593Z ##[endgroup]
2026-10-08T19:37:55.7494023Z ##[group]Run pip install -r requirements.txt
2026-10-08T19:37:55.7496213Z [36;1mpip install -r requirements.txt[0m
2026-10-08T19:37:55.8213770Z shell: /usr/bin/bash -e {0}
2026-10-08T19:37:55.8215200Z env:
2026-10-08T19:37:55.8216420Z   pythonLocation: /opt/hostedtoolcache/Python/3.12.15/x64
2026-10-08T19:37:55.8218347Z   PKG_CONFIG_PATH: /opt/hostedtoolcache/Python/3.12.15/x64/lib/pkgconfig
2026-10-08T19:37:55.8220285Z   Python_ROOT_DIR: /opt/hostedtoolcache/Python/3.12.15/x64
2026-10-08T19:37:55.8222014Z   Python2_ROOT_DIR: /opt/hostedtoolcache/Python/3.12.15/x64
2026-10-08T19:37:55.8223934Z   Python3_ROOT_DIR: /opt/hostedtoolcache/Python/3.12.15/x64
2026-10-08T19:37:55.8225661Z   LD_LIBRARY_PATH: /opt/hostedtoolcache/Python/3.12.15/x64/lib
2026-10-08T19:37:55.8227004Z ##[endgroup]
2026-10-08T19:37:59.8600022Z Collecting fastapi>=0.110 (from -r requirements.txt (line 1))
2026-10-08T19:37:59.9175868Z   Downloading fastapi-0.143.0-py3-none-any.whl.metadata (26 kB)
2026-10-08T19:37:59.9583198Z Collecting uvicorn>=0.29 (from -r requirements.txt (line 2))
2026-10-08T19:37:59.9655447Z   Downloading uvicorn-0.54.0-py3-none-any.whl.metadata (6.6 kB)
2026-10-08T19:37:59.9868559Z Collecting httpx>=0.27 (from -r requirements.txt (line 3))
2026-10-08T19:37:59.9934639Z   Downloading httpx-0.28.1-py3-none-any.whl.metadata (7.1 kB)
2026-10-08T19:38:00.0251186Z Collecting pytest>=8 (from -r requirements.txt (line 4))
2026-10-08T19:38:00.0323794Z   Downloading pytest-9.1.1-py3-none-any.whl.metadata (7.6 kB)
2026-10-08T19:38:00.0765759Z Collecting starlette>=0.46.0 (from fastapi>=0.110->-r requirements.txt (line 1))
2026-10-08T19:38:00.0839680Z   Downloading starlette-1.7.0-py3-none-any.whl.metadata (6.6 kB)
2026-10-08T19:38:00.2047068Z Collecting pydantic>=2.9.0 (from fastapi>=0.110->-r requirements.txt (line 1))
2026-10-08T19:38:00.2114672Z   Downloading pydantic-2.14.0-py3-none-any.whl.metadata (131 kB)
2026-10-08T19:38:00.2436648Z Collecting typing-extensions>=4.8.0 (from fastapi>=0.110->-r requirements.txt (line 1))
2026-10-08T19:38:00.2502462Z   Downloading typing_extensions-4.16.0-py3-none-any.whl.metadata (3.3 kB)
2026-10-08T19:38:00.2639589Z Collecting typing-inspection>=0.4.2 (from fastapi>=0.110->-r requirements.txt (line 1))
2026-10-08T19:38:00.2703165Z   Downloading typing_inspection-0.4.4-py3-none-any.whl.metadata (2.6 kB)
2026-10-08T19:38:00.2845809Z Collecting annotated-doc>=0.0.2 (from fastapi>=0.110->-r requirements.txt (line 1))
2026-10-08T19:38:00.2908080Z   Downloading annotated_doc-0.0.5-py3-none-any.whl.metadata (6.5 kB)
2026-10-08T19:38:00.3115405Z Collecting opentelemetry-api>=1.44.0 (from fastapi>=0.110->-r requirements.txt (line 1))
2026-10-08T19:38:00.3180363Z   Downloading opentelemetry_api-1.45.1-py3-none-any.whl.metadata (1.4 kB)
2026-10-08T19:38:00.3389619Z Collecting click>=7.0 (from uvicorn>=0.29->-r requirements.txt (line 2))
2026-10-08T19:38:00.3456994Z   Downloading click-8.5.0-py3-none-any.whl.metadata (2.6 kB)
2026-10-08T19:38:00.3603992Z Collecting h11>=0.8 (from uvicorn>=0.29->-r requirements.txt (line 2))
2026-10-08T19:38:00.3673700Z   Downloading h11-0.16.0-py3-none-any.whl.metadata (8.3 kB)
2026-10-08T19:38:00.3893856Z Collecting anyio (from httpx>=0.27->-r requirements.txt (line 3))
2026-10-08T19:38:00.3960743Z   Downloading anyio-4.15.1-py3-none-any.whl.metadata (4.7 kB)
2026-10-08T19:38:00.4191160Z Collecting certifi (from httpx>=0.27->-r requirements.txt (line 3))
2026-10-08T19:38:00.4258067Z   Downloading certifi-2026.7.22-py3-none-any.whl.metadata (2.5 kB)
2026-10-08T19:38:00.4444953Z Collecting httpcore==1.* (from httpx>=0.27->-r requirements.txt (line 3))
2026-10-08T19:38:00.4508866Z   Downloading httpcore-1.0.9-py3-none-any.whl.metadata (21 kB)
2026-10-08T19:38:00.4700720Z Collecting idna (from httpx>=0.27->-r requirements.txt (line 3))
2026-10-08T19:38:00.4768429Z   Downloading idna-3.20-py3-none-any.whl.metadata (7.2 kB)
2026-10-08T19:38:00.4944280Z Collecting iniconfig>=1.0.1 (from pytest>=8->-r requirements.txt (line 4))
2026-10-08T19:38:00.5008473Z   Downloading iniconfig-2.3.1-py3-none-any.whl.metadata (2.8 kB)
2026-10-08T19:38:00.5226896Z Collecting packaging>=22 (from pytest>=8->-r requirements.txt (line 4))
2026-10-08T19:38:00.5290176Z   Downloading packaging-26.3-py3-none-any.whl.metadata (3.5 kB)
2026-10-08T19:38:00.5438971Z Collecting pluggy<2,>=1.5 (from pytest>=8->-r requirements.txt (line 4))
2026-10-08T19:38:00.5501986Z   Downloading pluggy-1.6.0-py3-none-any.whl.metadata (4.8 kB)
2026-10-08T19:38:00.5723152Z Collecting pygments>=2.7.2 (from pytest>=8->-r requirements.txt (line 4))
2026-10-08T19:38:00.5787412Z   Downloading pygments-2.21.0-py3-none-any.whl.metadata (2.5 kB)
2026-10-08T19:38:00.5964633Z Collecting annotated-types>=0.6.0 (from pydantic>=2.9.0->fastapi>=0.110->-r requirements.txt (line 1))
2026-10-08T19:38:00.6029586Z   Downloading annotated_types-0.8.0-py3-none-any.whl.metadata (15 kB)
2026-10-08T19:38:01.3233741Z Collecting pydantic-core==2.50.0 (from pydantic>=2.9.0->fastapi>=0.110->-r requirements.txt (line 1))
2026-10-08T19:38:01.3305041Z   Downloading pydantic_core-2.50.0-cp312-cp312-manylinux_2_17_x86_64.manylinux2014_x86_64.whl.metadata (6.5 kB)
2026-10-08T19:38:01.3508767Z Downloading fastapi-0.143.0-py3-none-any.whl (144 kB)
2026-10-08T19:38:01.3604596Z Downloading uvicorn-0.54.0-py3-none-any.whl (87 kB)
2026-10-08T19:38:01.3691830Z Downloading httpx-0.28.1-py3-none-any.whl (73 kB)
2026-10-08T19:38:01.3777865Z Downloading httpcore-1.0.9-py3-none-any.whl (78 kB)
2026-10-08T19:38:01.3866253Z Downloading pytest-9.1.1-py3-none-any.whl (386 kB)
2026-10-08T19:38:01.4003960Z Downloading pluggy-1.6.0-py3-none-any.whl (20 kB)
2026-10-08T19:38:01.4087653Z Downloading annotated_doc-0.0.5-py3-none-any.whl (5.3 kB)
2026-10-08T19:38:01.4173261Z Downloading click-8.5.0-py3-none-any.whl (125 kB)
2026-10-08T19:38:01.4260860Z Downloading h11-0.16.0-py3-none-any.whl (37 kB)
2026-10-08T19:38:01.4345263Z Downloading iniconfig-2.3.1-py3-none-any.whl (7.6 kB)
2026-10-08T19:38:01.4430161Z Downloading opentelemetry_api-1.45.1-py3-none-any.whl (60 kB)
2026-10-08T19:38:01.4517759Z Downloading packaging-26.3-py3-none-any.whl (129 kB)
2026-10-08T19:38:01.4610890Z Downloading pydantic-2.14.0-py3-none-any.whl (487 kB)
2026-10-08T19:38:01.4716306Z Downloading pydantic_core-2.50.0-cp312-cp312-manylinux_2_17_x86_64.manylinux2014_x86_64.whl (2.2 MB)
2026-10-08T19:38:01.4886097Z    ━━━━━━━━━━━━━━━━━━━━━━━━━━━━━━━━━━━━━━━━ 2.2/2.2 MB 135.5 MB/s  0:00:00
2026-10-08T19:38:01.4951888Z Downloading annotated_types-0.8.0-py3-none-any.whl (13 kB)
2026-10-08T19:38:01.5052468Z Downloading pygments-2.21.0-py3-none-any.whl (1.3 MB)
2026-10-08T19:38:01.5120909Z    ━━━━━━━━━━━━━━━━━━━━━━━━━━━━━━━━━━━━━━━━ 1.3/1.3 MB 223.7 MB/s  0:00:00
2026-10-08T19:38:01.5191750Z Downloading starlette-1.7.0-py3-none-any.whl (78 kB)
2026-10-08T19:38:01.5282843Z Downloading anyio-4.15.1-py3-none-any.whl (132 kB)
2026-10-08T19:38:01.5376443Z Downloading idna-3.20-py3-none-any.whl (69 kB)
2026-10-08T19:38:01.5465150Z Downloading typing_extensions-4.16.0-py3-none-any.whl (45 kB)
2026-10-08T19:38:01.5549990Z Downloading typing_inspection-0.4.4-py3-none-any.whl (14 kB)
2026-10-08T19:38:01.5633921Z Downloading certifi-2026.7.22-py3-none-any.whl (136 kB)
2026-10-08T19:38:01.8723159Z Installing collected packages: typing-extensions, pygments, pluggy, packaging, iniconfig, idna, h11, click, certifi, annotated-types, annotated-doc, uvicorn, typing-inspection, pytest, pydantic-core, opentelemetry-api, httpcore, anyio, starlette, pydantic, httpx, fastapi
2026-10-08T19:38:04.2222398Z 
2026-10-08T19:38:04.2247673Z Successfully installed annotated-doc-0.0.5 annotated-types-0.8.0 anyio-4.15.1 certifi-2026.7.22 click-8.5.0 fastapi-0.143.0 h11-0.16.0 httpcore-1.0.9 httpx-0.28.1 idna-3.20 iniconfig-2.3.1 opentelemetry-api-1.45.1 packaging-26.3 pluggy-1.6.0 pydantic-2.14.0 pydantic-core-2.50.0 pygments-2.21.0 pytest-9.1.1 starlette-1.7.0 typing-extensions-4.16.0 typing-inspection-0.4.4 uvicorn-0.54.0
2026-10-08T19:38:04.3257395Z ##[group]Run python -m pytest -q
2026-10-08T19:38:04.3257795Z [36;1mpython -m pytest -q[0m
2026-10-08T19:38:04.3324382Z shell: /usr/bin/bash -e {0}
2026-10-08T19:38:04.3324687Z env:
2026-10-08T19:38:04.3325006Z   pythonLocation: /opt/hostedtoolcache/Python/3.12.15/x64
2026-10-08T19:38:04.3325530Z   PKG_CONFIG_PATH: /opt/hostedtoolcache/Python/3.12.15/x64/lib/pkgconfig
2026-10-08T19:38:04.3326055Z   Python_ROOT_DIR: /opt/hostedtoolcache/Python/3.12.15/x64
2026-10-08T19:38:04.3326516Z   Python2_ROOT_DIR: /opt/hostedtoolcache/Python/3.12.15/x64
2026-10-08T19:38:04.3326996Z   Python3_ROOT_DIR: /opt/hostedtoolcache/Python/3.12.15/x64
2026-10-08T19:38:04.3327460Z   LD_LIBRARY_PATH: /opt/hostedtoolcache/Python/3.12.15/x64/lib
2026-10-08T19:38:04.3327850Z ##[endgroup]
2026-10-08T19:38:07.1253547Z ............................................. [ 18%]
2026-10-08T19:38:24.5520234Z ...............................................................TASTETABLE_INDEPENDENT_SOURCE {"case": "tests/test_saved_week_calendar_receiving_ultra.py::test_native_codec_writer_controls_and_manual_occurrences[False]", "sha256": {"static/calendar.js": "09dfe98a95da6c7fd0b7ee531c3ec4cf9ae5697dc730fab6cffdd07d8bd94b3b", "static/week_file.mjs": "914291b97250a97f6e09f47e6fed58b607b3b1ed9e4c60e3242ff39546913614", "static/week_plan.mjs": "e739adc10d9ae9ba1cb82c6d800c453e8f7bec53e343e0685adeabe98e6f4809", "tests/fixtures/saved-week-response.json": "5e7b785c0a02a999647e52a0229b0b649c82bbca131ca0f8db50f99c270d992f", "tools/saved_week_to_calendar.mjs": "a1e5bd2283db04629249b80aec9d21ff3c08a1a4b848bde23b0872f6a387da80"}, "unchanged": true}
2026-10-08T19:38:24.5980514Z .TASTETABLE_INDEPENDENT_SOURCE {"case": "tests/test_saved_week_calendar_receiving_ultra.py::test_native_codec_writer_controls_and_manual_occurrences[True]", "sha256": {"static/calendar.js": "09dfe98a95da6c7fd0b7ee531c3ec4cf9ae5697dc730fab6cffdd07d8bd94b3b", "static/week_file.mjs": "914291b97250a97f6e09f47e6fed58b607b3b1ed9e4c60e3242ff39546913614", "static/week_plan.mjs": "e739adc10d9ae9ba1cb82c6d800c453e8f7bec53e343e0685adeabe98e6f4809", "tests/fixtures/saved-week-response.json": "5e7b785c0a02a999647e52a0229b0b649c82bbca131ca0f8db50f99c270d992f", "tools/saved_week_to_calendar.mjs": "a1e5bd2283db04629249b80aec9d21ff3c08a1a4b848bde23b0872f6a387da80"}, "unchanged": true}
2026-10-08T19:38:24.6949167Z .TASTETABLE_INDEPENDENT_SOURCE {"case": "tests/test_saved_week_calendar_receiving_ultra.py::test_public_api_preserves_exact_native_bytes_and_frozen_receipt_fields[mock]", "sha256": {"static/calendar.js": "09dfe98a95da6c7fd0b7ee531c3ec4cf9ae5697dc730fab6cffdd07d8bd94b3b", "static/week_file.mjs": "914291b97250a97f6e09f47e6fed58b607b3b1ed9e4c60e3242ff39546913614", "static/week_plan.mjs": "e739adc10d9ae9ba1cb82c6d800c453e8f7bec53e343e0685adeabe98e6f4809", "tests/fixtures/saved-week-response.json": "5e7b785c0a02a999647e52a0229b0b649c82bbca131ca0f8db50f99c270d992f", "tools/saved_week_to_calendar.mjs": "a1e5bd2283db04629249b80aec9d21ff3c08a1a4b848bde23b0872f6a387da80"}, "unchanged": true}
2026-10-08T19:38:24.7973899Z .TASTETABLE_INDEPENDENT_SOURCE {"case": "tests/test_saved_week_calendar_receiving_ultra.py::test_public_api_preserves_exact_native_bytes_and_frozen_receipt_fields[live]", "sha256": {"static/calendar.js": "09dfe98a95da6c7fd0b7ee531c3ec4cf9ae5697dc730fab6cffdd07d8bd94b3b", "static/week_file.mjs": "914291b97250a97f6e09f47e6fed58b607b3b1ed9e4c60e3242ff39546913614", "static/week_plan.mjs": "e739adc10d9ae9ba1cb82c6d800c453e8f7bec53e343e0685adeabe98e6f4809", "tests/fixtures/saved-week-response.json": "5e7b785c0a02a999647e52a0229b0b649c82bbca131ca0f8db50f99c270d992f", "tools/saved_week_to_calendar.mjs": "a1e5bd2283db04629249b80aec9d21ff3c08a1a4b848bde23b0872f6a387da80"}, "unchanged": true}
2026-10-08T19:38:24.8973510Z .TASTETABLE_INDEPENDENT_SOURCE {"case": "tests/test_saved_week_calendar_receiving_ultra.py::test_public_api_preserves_exact_native_bytes_and_frozen_receipt_fields[bom]", "sha256": {"static/calendar.js": "09dfe98a95da6c7fd0b7ee531c3ec4cf9ae5697dc730fab6cffdd07d8bd94b3b", "static/week_file.mjs": "914291b97250a97f6e09f47e6fed58b607b3b1ed9e4c60e3242ff39546913614", "static/week_plan.mjs": "e739adc10d9ae9ba1cb82c6d800c453e8f7bec53e343e0685adeabe98e6f4809", "tests/fixtures/saved-week-response.json": "5e7b785c0a02a999647e52a0229b0b649c82bbca131ca0f8db50f99c270d992f", "tools/saved_week_to_calendar.mjs": "a1e5bd2283db04629249b80aec9d21ff3c08a1a4b848bde23b0872f6a387da80"}, "unchanged": true}
2026-10-08T19:38:25.0543221Z .TASTETABLE_INDEPENDENT_SOURCE {"case": "tests/test_saved_week_calendar_receiving_ultra.py::test_actual_cli_exact_file_receipt_and_repeat_identity[False]", "sha256": {"static/calendar.js": "09dfe98a95da6c7fd0b7ee531c3ec4cf9ae5697dc730fab6cffdd07d8bd94b3b", "static/week_file.mjs": "914291b97250a97f6e09f47e6fed58b607b3b1ed9e4c60e3242ff39546913614", "static/week_plan.mjs": "e739adc10d9ae9ba1cb82c6d800c453e8f7bec53e343e0685adeabe98e6f4809", "tests/fixtures/saved-week-response.json": "5e7b785c0a02a999647e52a0229b0b649c82bbca131ca0f8db50f99c270d992f", "tools/saved_week_to_calendar.mjs": "a1e5bd2283db04629249b80aec9d21ff3c08a1a4b848bde23b0872f6a387da80"}, "unchanged": true}
2026-10-08T19:38:25.2079883Z .TASTETABLE_INDEPENDENT_SOURCE {"case": "tests/test_saved_week_calendar_receiving_ultra.py::test_actual_cli_exact_file_receipt_and_repeat_identity[True]", "sha256": {"static/calendar.js": "09dfe98a95da6c7fd0b7ee531c3ec4cf9ae5697dc730fab6cffdd07d8bd94b3b", "static/week_file.mjs": "914291b97250a97f6e09f47e6fed58b607b3b1ed9e4c60e3242ff39546913614", "static/week_plan.mjs": "e739adc10d9ae9ba1cb82c6d800c453e8f7bec53e343e0685adeabe98e6f4809", "tests/fixtures/saved-week-response.json": "5e7b785c0a02a999647e52a0229b0b649c82bbca131ca0f8db50f99c270d992f", "tools/saved_week_to_calendar.mjs": "a1e5bd2283db04629249b80aec9d21ff3c08a1a4b848bde23b0872f6a387da80"}, "unchanged": true}
2026-10-08T19:38:25.3611053Z .TASTETABLE_INDEPENDENT_SOURCE {"case": "tests/test_saved_week_calendar_receiving_ultra.py::test_null_identity_requires_explicit_api_choice_and_retains_timestamps", "sha256": {"static/calendar.js": "09dfe98a95da6c7fd0b7ee531c3ec4cf9ae5697dc730fab6cffdd07d8bd94b3b", "static/week_file.mjs": "914291b97250a97f6e09f47e6fed58b607b3b1ed9e4c60e3242ff39546913614", "static/week_plan.mjs": "e739adc10d9ae9ba1cb82c6d800c453e8f7bec53e343e0685adeabe98e6f4809", "tests/fixtures/saved-week-response.json": "5e7b785c0a02a999647e52a0229b0b649c82bbca131ca0f8db50f99c270d992f", "tools/saved_week_to_calendar.mjs": "a1e5bd2283db04629249b80aec9d21ff3c08a1a4b848bde23b0872f6a387da80"}, "unchanged": true}
2026-10-08T19:38:25.4177542Z .TASTETABLE_INDEPENDENT_SOURCE {"case": "tests/test_saved_week_calendar_receiving_ultra.py::test_existing_identity_refuses_even_equal_api_override[0123456789abcdef0123456789abcdef]", "sha256": {"static/calendar.js": "09dfe98a95da6c7fd0b7ee531c3ec4cf9ae5697dc730fab6cffdd07d8bd94b3b", "static/week_file.mjs": "914291b97250a97f6e09f47e6fed58b607b3b1ed9e4c60e3242ff39546913614", "static/week_plan.mjs": "e739adc10d9ae9ba1cb82c6d800c453e8f7bec53e343e0685adeabe98e6f4809", "tests/fixtures/saved-week-response.json": "5e7b785c0a02a999647e52a0229b0b649c82bbca131ca0f8db50f99c270d992f", "tools/saved_week_to_calendar.mjs": "a1e5bd2283db04629249b80aec9d21ff3c08a1a4b848bde23b0872f6a387da80"}, "unchanged": true}
2026-10-08T19:38:25.4743661Z .TASTETABLE_INDEPENDENT_SOURCE {"case": "tests/test_saved_week_calendar_receiving_ultra.py::test_existing_identity_refuses_even_equal_api_override[ffffffffffffffffffffffffffffffff]", "sha256": {"static/calendar.js": "09dfe98a95da6c7fd0b7ee531c3ec4cf9ae5697dc730fab6cffdd07d8bd94b3b", "static/week_file.mjs": "914291b97250a97f6e09f47e6fed58b607b3b1ed9e4c60e3242ff39546913614", "static/week_plan.mjs": "e739adc10d9ae9ba1cb82c6d800c453e8f7bec53e343e0685adeabe98e6f4809", "tests/fixtures/saved-week-response.json": "5e7b785c0a02a999647e52a0229b0b649c82bbca131ca0f8db50f99c270d992f", "tools/saved_week_to_calendar.mjs": "a1e5bd2283db04629249b80aec9d21ff3c08a1a4b848bde23b0872f6a387da80"}, "unchanged": true}
2026-10-08T19:38:25.5309160Z .TASTETABLE_INDEPENDENT_SOURCE {"case": "tests/test_saved_week_calendar_receiving_ultra.py::test_new_api_identity_must_be_explicit_native_identifier[]", "sha256": {"static/calendar.js": "09dfe98a95da6c7fd0b7ee531c3ec4cf9ae5697dc730fab6cffdd07d8bd94b3b", "static/week_file.mjs": "914291b97250a97f6e09f47e6fed58b607b3b1ed9e4c60e3242ff39546913614", "static/week_plan.mjs": "e739adc10d9ae9ba1cb82c6d800c453e8f7bec53e343e0685adeabe98e6f4809", "tests/fixtures/saved-week-response.json": "5e7b785c0a02a999647e52a0229b0b649c82bbca131ca0f8db50f99c270d992f", "tools/saved_week_to_calendar.mjs": "a1e5bd2283db04629249b80aec9d21ff3c08a1a4b848bde23b0872f6a387da80"}, "unchanged": true}
2026-10-08T19:38:25.5869962Z .TASTETABLE_INDEPENDENT_SOURCE {"case": "tests/test_saved_week_calendar_receiving_ultra.py::test_new_api_identity_must_be_explicit_native_identifier[ABCDEF0123456789ABCDEF0123456789AB]", "sha256": {"static/calendar.js": "09dfe98a95da6c7fd0b7ee531c3ec4cf9ae5697dc730fab6cffdd07d8bd94b3b", "static/week_file.mjs": "914291b97250a97f6e09f47e6fed58b607b3b1ed9e4c60e3242ff39546913614", "static/week_plan.mjs": "e739adc10d9ae9ba1cb82c6d800c453e8f7bec53e343e0685adeabe98e6f4809", "tests/fixtures/saved-week-response.json": "5e7b785c0a02a999647e52a0229b0b649c82bbca131ca0f8db50f99c270d992f", "tools/saved_week_to_calendar.mjs": "a1e5bd2283db04629249b80aec9d21ff3c08a1a4b848bde23b0872f6a387da80"}, "unchanged": true}
2026-10-08T19:38:25.6436556Z .TASTETABLE_INDEPENDENT_SOURCE {"case": "tests/test_saved_week_calendar_receiving_ultra.py::test_new_api_identity_must_be_explicit_native_identifier[aaaaaaaaaaaaaaaaaaaaaaaaaaaaaaa]", "sha256": {"static/calendar.js": "09dfe98a95da6c7fd0b7ee531c3ec4cf9ae5697dc730fab6cffdd07d8bd94b3b", "static/week_file.mjs": "914291b97250a97f6e09f47e6fed58b607b3b1ed9e4c60e3242ff39546913614", "static/week_plan.mjs": "e739adc10d9ae9ba1cb82c6d800c453e8f7bec53e343e0685adeabe98e6f4809", "tests/fixtures/saved-week-response.json": "5e7b785c0a02a999647e52a0229b0b649c82bbca131ca0f8db50f99c270d992f", "tools/saved_week_to_calendar.mjs": "a1e5bd2283db04629249b80aec9d21ff3c08a1a4b848bde23b0872f6a387da80"}, "unchanged": true}
2026-10-08T19:38:25.6978453Z . [ 48%]
2026-10-08T19:38:25.6988767Z TASTETABLE_INDEPENDENT_SOURCE {"case": "tests/test_saved_week_calendar_receiving_ultra.py::test_new_api_identity_must_be_explicit_native_identifier[7]", "sha256": {"static/calendar.js": "09dfe98a95da6c7fd0b7ee531c3ec4cf9ae5697dc730fab6cffdd07d8bd94b3b", "static/week_file.mjs": "914291b97250a97f6e09f47e6fed58b607b3b1ed9e4c60e3242ff39546913614", "static/week_plan.mjs": "e739adc10d9ae9ba1cb82c6d800c453e8f7bec53e343e0685adeabe98e6f4809", "tests/fixtures/saved-week-response.json": "5e7b785c0a02a999647e52a0229b0b649c82bbca131ca0f8db50f99c270d992f", "tools/saved_week_to_calendar.mjs": "a1e5bd2283db04629249b80aec9d21ff3c08a1a4b848bde23b0872f6a387da80"}, "unchanged": true}
2026-10-08T19:38:25.7553826Z .TASTETABLE_INDEPENDENT_SOURCE {"case": "tests/test_saved_week_calendar_receiving_ultra.py::test_new_api_identity_must_be_explicit_native_identifier[None]", "sha256": {"static/calendar.js": "09dfe98a95da6c7fd0b7ee531c3ec4cf9ae5697dc730fab6cffdd07d8bd94b3b", "static/week_file.mjs": "914291b97250a97f6e09f47e6fed58b607b3b1ed9e4c60e3242ff39546913614", "static/week_plan.mjs": "e739adc10d9ae9ba1cb82c6d800c453e8f7bec53e343e0685adeabe98e6f4809", "tests/fixtures/saved-week-response.json": "5e7b785c0a02a999647e52a0229b0b649c82bbca131ca0f8db50f99c270d992f", "tools/saved_week_to_calendar.mjs": "a1e5bd2283db04629249b80aec9d21ff3c08a1a4b848bde23b0872f6a387da80"}, "unchanged": true}
2026-10-08T19:38:26.0051381Z .TASTETABLE_INDEPENDENT_SOURCE {"case": "tests/test_saved_week_calendar_receiving_ultra.py::test_actual_cli_explicit_new_calendar_repeated_creations_are_distinct", "sha256": {"static/calendar.js": "09dfe98a95da6c7fd0b7ee531c3ec4cf9ae5697dc730fab6cffdd07d8bd94b3b", "static/week_file.mjs": "914291b97250a97f6e09f47e6fed58b607b3b1ed9e4c60e3242ff39546913614", "static/week_plan.mjs": "e739adc10d9ae9ba1cb82c6d800c453e8f7bec53e343e0685adeabe98e6f4809", "tests/fixtures/saved-week-response.json": "5e7b785c0a02a999647e52a0229b0b649c82bbca131ca0f8db50f99c270d992f", "tools/saved_week_to_calendar.mjs": "a1e5bd2283db04629249b80aec9d21ff3c08a1a4b848bde23b0872f6a387da80"}, "unchanged": true}
2026-10-08T19:38:26.0447886Z .TASTETABLE_INDEPENDENT_SOURCE {"case": "tests/test_saved_week_calendar_receiving_ultra.py::test_original_native_rejects_whole_invalid_arrangement_control[unknown-source]", "sha256": {"static/calendar.js": "09dfe98a95da6c7fd0b7ee531c3ec4cf9ae5697dc730fab6cffdd07d8bd94b3b", "static/week_file.mjs": "914291b97250a97f6e09f47e6fed58b607b3b1ed9e4c60e3242ff39546913614", "static/week_plan.mjs": "e739adc10d9ae9ba1cb82c6d800c453e8f7bec53e343e0685adeabe98e6f4809", "tests/fixtures/saved-week-response.json": "5e7b785c0a02a999647e52a0229b0b649c82bbca131ca0f8db50f99c270d992f", "tools/saved_week_to_calendar.mjs": "a1e5bd2283db04629249b80aec9d21ff3c08a1a4b848bde23b0872f6a387da80"}, "unchanged": true}
2026-10-08T19:38:26.0861686Z .TASTETABLE_INDEPENDENT_SOURCE {"case": "tests/test_saved_week_calendar_receiving_ultra.py::test_original_native_rejects_whole_invalid_arrangement_control[all-omitted]", "sha256": {"static/calendar.js": "09dfe98a95da6c7fd0b7ee531c3ec4cf9ae5697dc730fab6cffdd07d8bd94b3b", "static/week_file.mjs": "914291b97250a97f6e09f47e6fed58b607b3b1ed9e4c60e3242ff39546913614", "static/week_plan.mjs": "e739adc10d9ae9ba1cb82c6d800c453e8f7bec53e343e0685adeabe98e6f4809", "tests/fixtures/saved-week-response.json": "5e7b785c0a02a999647e52a0229b0b649c82bbca131ca0f8db50f99c270d992f", "tools/saved_week_to_calendar.mjs": "a1e5bd2283db04629249b80aec9d21ff3c08a1a4b848bde23b0872f6a387da80"}, "unchanged": true}
2026-10-08T19:38:26.1268389Z .TASTETABLE_INDEPENDENT_SOURCE {"case": "tests/test_saved_week_calendar_receiving_ultra.py::test_original_native_rejects_whole_invalid_arrangement_control[invalid-date]", "sha256": {"static/calendar.js": "09dfe98a95da6c7fd0b7ee531c3ec4cf9ae5697dc730fab6cffdd07d8bd94b3b", "static/week_file.mjs": "914291b97250a97f6e09f47e6fed58b607b3b1ed9e4c60e3242ff39546913614", "static/week_plan.mjs": "e739adc10d9ae9ba1cb82c6d800c453e8f7bec53e343e0685adeabe98e6f4809", "tests/fixtures/saved-week-response.json": "5e7b785c0a02a999647e52a0229b0b649c82bbca131ca0f8db50f99c270d992f", "tools/saved_week_to_calendar.mjs": "a1e5bd2283db04629249b80aec9d21ff3c08a1a4b848bde23b0872f6a387da80"}, "unchanged": true}
2026-10-08T19:38:26.1676638Z .TASTETABLE_INDEPENDENT_SOURCE {"case": "tests/test_saved_week_calendar_receiving_ultra.py::test_original_native_rejects_whole_invalid_arrangement_control[extra-assignment]", "sha256": {"static/calendar.js": "09dfe98a95da6c7fd0b7ee531c3ec4cf9ae5697dc730fab6cffdd07d8bd94b3b", "static/week_file.mjs": "914291b97250a97f6e09f47e6fed58b607b3b1ed9e4c60e3242ff39546913614", "static/week_plan.mjs": "e739adc10d9ae9ba1cb82c6d800c453e8f7bec53e343e0685adeabe98e6f4809", "tests/fixtures/saved-week-response.json": "5e7b785c0a02a999647e52a0229b0b649c82bbca131ca0f8db50f99c270d992f", "tools/saved_week_to_calendar.mjs": "a1e5bd2283db04629249b80aec9d21ff3c08a1a4b848bde23b0872f6a387da80"}, "unchanged": true}
2026-10-08T19:38:26.2071310Z .TASTETABLE_INDEPENDENT_SOURCE {"case": "tests/test_saved_week_calendar_receiving_ultra.py::test_original_native_rejects_whole_invalid_arrangement_control[missing-calendar-id]", "sha256": {"static/calendar.js": "09dfe98a95da6c7fd0b7ee531c3ec4cf9ae5697dc730fab6cffdd07d8bd94b3b", "static/week_file.mjs": "914291b97250a97f6e09f47e6fed58b607b3b1ed9e4c60e3242ff39546913614", "static/week_plan.mjs": "e739adc10d9ae9ba1cb82c6d800c453e8f7bec53e343e0685adeabe98e6f4809", "tests/fixtures/saved-week-response.json": "5e7b785c0a02a999647e52a0229b0b649c82bbca131ca0f8db50f99c270d992f", "tools/saved_week_to_calendar.mjs": "a1e5bd2283db04629249b80aec9d21ff3c08a1a4b848bde23b0872f6a387da80"}, "unchanged": true}
2026-10-08T19:38:26.2466236Z .TASTETABLE_INDEPENDENT_SOURCE {"case": "tests/test_saved_week_calendar_receiving_ultra.py::test_original_native_rejects_whole_invalid_arrangement_control[mismatched-constraints]", "sha256": {"static/calendar.js": "09dfe98a95da6c7fd0b7ee531c3ec4cf9ae5697dc730fab6cffdd07d8bd94b3b", "static/week_file.mjs": "914291b97250a97f6e09f47e6fed58b607b3b1ed9e4c60e3242ff39546913614", "static/week_plan.mjs": "e739adc10d9ae9ba1cb82c6d800c453e8f7bec53e343e0685adeabe98e6f4809", "tests/fixtures/saved-week-response.json": "5e7b785c0a02a999647e52a0229b0b649c82bbca131ca0f8db50f99c270d992f", "tools/saved_week_to_calendar.mjs": "a1e5bd2283db04629249b80aec9d21ff3c08a1a4b848bde23b0872f6a387da80"}, "unchanged": true}
2026-10-08T19:38:26.2880506Z .TASTETABLE_INDEPENDENT_SOURCE {"case": "tests/test_saved_week_calendar_receiving_ultra.py::test_original_native_rejects_whole_invalid_arrangement_control[control-in-omitted-pick]", "sha256": {"static/calendar.js": "09dfe98a95da6c7fd0b7ee531c3ec4cf9ae5697dc730fab6cffdd07d8bd94b3b", "static/week_file.mjs": "914291b97250a97f6e09f47e6fed58b607b3b1ed9e4c60e3242ff39546913614", "static/week_plan.mjs": "e739adc10d9ae9ba1cb82c6d800c453e8f7bec53e343e0685adeabe98e6f4809", "tests/fixtures/saved-week-response.json": "5e7b785c0a02a999647e52a0229b0b649c82bbca131ca0f8db50f99c270d992f", "tools/saved_week_to_calendar.mjs": "a1e5bd2283db04629249b80aec9d21ff3c08a1a4b848bde23b0872f6a387da80"}, "unchanged": true}
2026-10-08T19:38:26.3270468Z .TASTETABLE_INDEPENDENT_SOURCE {"case": "tests/test_saved_week_calendar_receiving_ultra.py::test_original_native_rejects_whole_invalid_arrangement_control[surrogate-in-source]", "sha256": {"static/calendar.js": "09dfe98a95da6c7fd0b7ee531c3ec4cf9ae5697dc730fab6cffdd07d8bd94b3b", "static/week_file.mjs": "914291b97250a97f6e09f47e6fed58b607b3b1ed9e4c60e3242ff39546913614", "static/week_plan.mjs": "e739adc10d9ae9ba1cb82c6d800c453e8f7bec53e343e0685adeabe98e6f4809", "tests/fixtures/saved-week-response.json": "5e7b785c0a02a999647e52a0229b0b649c82bbca131ca0f8db50f99c270d992f", "tools/saved_week_to_calendar.mjs": "a1e5bd2283db04629249b80aec9d21ff3c08a1a4b848bde23b0872f6a387da80"}, "unchanged": true}
2026-10-08T19:38:26.3691078Z .TASTETABLE_INDEPENDENT_SOURCE {"case": "tests/test_saved_week_calendar_receiving_ultra.py::test_original_native_rejects_whole_invalid_arrangement_control[duplicate-original-slot]", "sha256": {"static/calendar.js": "09dfe98a95da6c7fd0b7ee531c3ec4cf9ae5697dc730fab6cffdd07d8bd94b3b", "static/week_file.mjs": "914291b97250a97f6e09f47e6fed58b607b3b1ed9e4c60e3242ff39546913614", "static/week_plan.mjs": "e739adc10d9ae9ba1cb82c6d800c453e8f7bec53e343e0685adeabe98e6f4809", "tests/fixtures/saved-week-response.json": "5e7b785c0a02a999647e52a0229b0b649c82bbca131ca0f8db50f99c270d992f", "tools/saved_week_to_calendar.mjs": "a1e5bd2283db04629249b80aec9d21ff3c08a1a4b848bde23b0872f6a387da80"}, "unchanged": true}
2026-10-08T19:38:26.4089910Z .TASTETABLE_INDEPENDENT_SOURCE {"case": "tests/test_saved_week_calendar_receiving_ultra.py::test_original_native_rejects_whole_invalid_arrangement_control[empty-plan]", "sha256": {"static/calendar.js": "09dfe98a95da6c7fd0b7ee531c3ec4cf9ae5697dc730fab6cffdd07d8bd94b3b", "static/week_file.mjs": "914291b97250a97f6e09f47e6fed58b607b3b1ed9e4c60e3242ff39546913614", "static/week_plan.mjs": "e739adc10d9ae9ba1cb82c6d800c453e8f7bec53e343e0685adeabe98e6f4809", "tests/fixtures/saved-week-response.json": "5e7b785c0a02a999647e52a0229b0b649c82bbca131ca0f8db50f99c270d992f", "tools/saved_week_to_calendar.mjs": "a1e5bd2283db04629249b80aec9d21ff3c08a1a4b848bde23b0872f6a387da80"}, "unchanged": true}
2026-10-08T19:38:26.5195899Z .TASTETABLE_INDEPENDENT_SOURCE {"case": "tests/test_saved_week_calendar_receiving_ultra.py::test_public_api_and_cli_refuse_whole_native_invalid_input[unknown-source]", "sha256": {"static/calendar.js": "09dfe98a95da6c7fd0b7ee531c3ec4cf9ae5697dc730fab6cffdd07d8bd94b3b", "static/week_file.mjs": "914291b97250a97f6e09f47e6fed58b607b3b1ed9e4c60e3242ff39546913614", "static/week_plan.mjs": "e739adc10d9ae9ba1cb82c6d800c453e8f7bec53e343e0685adeabe98e6f4809", "tests/fixtures/saved-week-response.json": "5e7b785c0a02a999647e52a0229b0b649c82bbca131ca0f8db50f99c270d992f", "tools/saved_week_to_calendar.mjs": "a1e5bd2283db04629249b80aec9d21ff3c08a1a4b848bde23b0872f6a387da80"}, "unchanged": true}
2026-10-08T19:38:26.6369671Z .TASTETABLE_INDEPENDENT_SOURCE {"case": "tests/test_saved_week_calendar_receiving_ultra.py::test_public_api_and_cli_refuse_whole_native_invalid_input[all-omitted]", "sha256": {"static/calendar.js": "09dfe98a95da6c7fd0b7ee531c3ec4cf9ae5697dc730fab6cffdd07d8bd94b3b", "static/week_file.mjs": "914291b97250a97f6e09f47e6fed58b607b3b1ed9e4c60e3242ff39546913614", "static/week_plan.mjs": "e739adc10d9ae9ba1cb82c6d800c453e8f7bec53e343e0685adeabe98e6f4809", "tests/fixtures/saved-week-response.json": "5e7b785c0a02a999647e52a0229b0b649c82bbca131ca0f8db50f99c270d992f", "tools/saved_week_to_calendar.mjs": "a1e5bd2283db04629249b80aec9d21ff3c08a1a4b848bde23b0872f6a387da80"}, "unchanged": true}
2026-10-08T19:38:26.7477522Z .TASTETABLE_INDEPENDENT_SOURCE {"case": "tests/test_saved_week_calendar_receiving_ultra.py::test_public_api_and_cli_refuse_whole_native_invalid_input[invalid-date]", "sha256": {"static/calendar.js": "09dfe98a95da6c7fd0b7ee531c3ec4cf9ae5697dc730fab6cffdd07d8bd94b3b", "static/week_file.mjs": "914291b97250a97f6e09f47e6fed58b607b3b1ed9e4c60e3242ff39546913614", "static/week_plan.mjs": "e739adc10d9ae9ba1cb82c6d800c453e8f7bec53e343e0685adeabe98e6f4809", "tests/fixtures/saved-week-response.json": "5e7b785c0a02a999647e52a0229b0b649c82bbca131ca0f8db50f99c270d992f", "tools/saved_week_to_calendar.mjs": "a1e5bd2283db04629249b80aec9d21ff3c08a1a4b848bde23b0872f6a387da80"}, "unchanged": true}
2026-10-08T19:38:26.8532491Z .TASTETABLE_INDEPENDENT_SOURCE {"case": "tests/test_saved_week_calendar_receiving_ultra.py::test_public_api_and_cli_refuse_whole_native_invalid_input[extra-assignment]", "sha256": {"static/calendar.js": "09dfe98a95da6c7fd0b7ee531c3ec4cf9ae5697dc730fab6cffdd07d8bd94b3b", "static/week_file.mjs": "914291b97250a97f6e09f47e6fed58b607b3b1ed9e4c60e3242ff39546913614", "static/week_plan.mjs": "e739adc10d9ae9ba1cb82c6d800c453e8f7bec53e343e0685adeabe98e6f4809", "tests/fixtures/saved-week-response.json": "5e7b785c0a02a999647e52a0229b0b649c82bbca131ca0f8db50f99c270d992f", "tools/saved_week_to_calendar.mjs": "a1e5bd2283db04629249b80aec9d21ff3c08a1a4b848bde23b0872f6a387da80"}, "unchanged": true}
2026-10-08T19:38:26.9619811Z .TASTETABLE_INDEPENDENT_SOURCE {"case": "tests/test_saved_week_calendar_receiving_ultra.py::test_public_api_and_cli_refuse_whole_native_invalid_input[missing-calendar-id]", "sha256": {"static/calendar.js": "09dfe98a95da6c7fd0b7ee531c3ec4cf9ae5697dc730fab6cffdd07d8bd94b3b", "static/week_file.mjs": "914291b97250a97f6e09f47e6fed58b607b3b1ed9e4c60e3242ff39546913614", "static/week_plan.mjs": "e739adc10d9ae9ba1cb82c6d800c453e8f7bec53e343e0685adeabe98e6f4809", "tests/fixtures/saved-week-response.json": "5e7b785c0a02a999647e52a0229b0b649c82bbca131ca0f8db50f99c270d992f", "tools/saved_week_to_calendar.mjs": "a1e5bd2283db04629249b80aec9d21ff3c08a1a4b848bde23b0872f6a387da80"}, "unchanged": true}
2026-10-08T19:38:27.0685035Z .TASTETABLE_INDEPENDENT_SOURCE {"case": "tests/test_saved_week_calendar_receiving_ultra.py::test_public_api_and_cli_refuse_whole_native_invalid_input[mismatched-constraints]", "sha256": {"static/calendar.js": "09dfe98a95da6c7fd0b7ee531c3ec4cf9ae5697dc730fab6cffdd07d8bd94b3b", "static/week_file.mjs": "914291b97250a97f6e09f47e6fed58b607b3b1ed9e4c60e3242ff39546913614", "static/week_plan.mjs": "e739adc10d9ae9ba1cb82c6d800c453e8f7bec53e343e0685adeabe98e6f4809", "tests/fixtures/saved-week-response.json": "5e7b785c0a02a999647e52a0229b0b649c82bbca131ca0f8db50f99c270d992f", "tools/saved_week_to_calendar.mjs": "a1e5bd2283db04629249b80aec9d21ff3c08a1a4b848bde23b0872f6a387da80"}, "unchanged": true}
2026-10-08T19:38:27.1794480Z .TASTETABLE_INDEPENDENT_SOURCE {"case": "tests/test_saved_week_calendar_receiving_ultra.py::test_public_api_and_cli_refuse_whole_native_invalid_input[control-in-omitted-pick]", "sha256": {"static/calendar.js": "09dfe98a95da6c7fd0b7ee531c3ec4cf9ae5697dc730fab6cffdd07d8bd94b3b", "static/week_file.mjs": "914291b97250a97f6e09f47e6fed58b607b3b1ed9e4c60e3242ff39546913614", "static/week_plan.mjs": "e739adc10d9ae9ba1cb82c6d800c453e8f7bec53e343e0685adeabe98e6f4809", "tests/fixtures/saved-week-response.json": "5e7b785c0a02a999647e52a0229b0b649c82bbca131ca0f8db50f99c270d992f", "tools/saved_week_to_calendar.mjs": "a1e5bd2283db04629249b80aec9d21ff3c08a1a4b848bde23b0872f6a387da80"}, "unchanged": true}
2026-10-08T19:38:27.2864020Z .TASTETABLE_INDEPENDENT_SOURCE {"case": "tests/test_saved_week_calendar_receiving_ultra.py::test_public_api_and_cli_refuse_whole_native_invalid_input[surrogate-in-source]", "sha256": {"static/calendar.js": "09dfe98a95da6c7fd0b7ee531c3ec4cf9ae5697dc730fab6cffdd07d8bd94b3b", "static/week_file.mjs": "914291b97250a97f6e09f47e6fed58b607b3b1ed9e4c60e3242ff39546913614", "static/week_plan.mjs": "e739adc10d9ae9ba1cb82c6d800c453e8f7bec53e343e0685adeabe98e6f4809", "tests/fixtures/saved-week-response.json": "5e7b785c0a02a999647e52a0229b0b649c82bbca131ca0f8db50f99c270d992f", "tools/saved_week_to_calendar.mjs": "a1e5bd2283db04629249b80aec9d21ff3c08a1a4b848bde23b0872f6a387da80"}, "unchanged": true}
2026-10-08T19:38:27.3965406Z .TASTETABLE_INDEPENDENT_SOURCE {"case": "tests/test_saved_week_calendar_receiving_ultra.py::test_public_api_and_cli_refuse_whole_native_invalid_input[duplicate-original-slot]", "sha256": {"static/calendar.js": "09dfe98a95da6c7fd0b7ee531c3ec4cf9ae5697dc730fab6cffdd07d8bd94b3b", "static/week_file.mjs": "914291b97250a97f6e09f47e6fed58b607b3b1ed9e4c60e3242ff39546913614", "static/week_plan.mjs": "e739adc10d9ae9ba1cb82c6d800c453e8f7bec53e343e0685adeabe98e6f4809", "tests/fixtures/saved-week-response.json": "5e7b785c0a02a999647e52a0229b0b649c82bbca131ca0f8db50f99c270d992f", "tools/saved_week_to_calendar.mjs": "a1e5bd2283db04629249b80aec9d21ff3c08a1a4b848bde23b0872f6a387da80"}, "unchanged": true}
2026-10-08T19:38:27.5049546Z .TASTETABLE_INDEPENDENT_SOURCE {"case": "tests/test_saved_week_calendar_receiving_ultra.py::test_public_api_and_cli_refuse_whole_native_invalid_input[empty-plan]", "sha256": {"static/calendar.js": "09dfe98a95da6c7fd0b7ee531c3ec4cf9ae5697dc730fab6cffdd07d8bd94b3b", "static/week_file.mjs": "914291b97250a97f6e09f47e6fed58b607b3b1ed9e4c60e3242ff39546913614", "static/week_plan.mjs": "e739adc10d9ae9ba1cb82c6d800c453e8f7bec53e343e0685adeabe98e6f4809", "tests/fixtures/saved-week-response.json": "5e7b785c0a02a999647e52a0229b0b649c82bbca131ca0f8db50f99c270d992f", "tools/saved_week_to_calendar.mjs": "a1e5bd2283db04629249b80aec9d21ff3c08a1a4b848bde23b0872f6a387da80"}, "unchanged": true}
2026-10-08T19:38:27.5596311Z .TASTETABLE_INDEPENDENT_SOURCE {"case": "tests/test_saved_week_calendar_receiving_ultra.py::test_actual_cli_strict_bytes_and_size_are_atomic[trailing-junk]", "sha256": {"static/calendar.js": "09dfe98a95da6c7fd0b7ee531c3ec4cf9ae5697dc730fab6cffdd07d8bd94b3b", "static/week_file.mjs": "914291b97250a97f6e09f47e6fed58b607b3b1ed9e4c60e3242ff39546913614", "static/week_plan.mjs": "e739adc10d9ae9ba1cb82c6d800c453e8f7bec53e343e0685adeabe98e6f4809", "tests/fixtures/saved-week-response.json": "5e7b785c0a02a999647e52a0229b0b649c82bbca131ca0f8db50f99c270d992f", "tools/saved_week_to_calendar.mjs": "a1e5bd2283db04629249b80aec9d21ff3c08a1a4b848bde23b0872f6a387da80"}, "unchanged": true}
2026-10-08T19:38:27.6135097Z .TASTETABLE_INDEPENDENT_SOURCE {"case": "tests/test_saved_week_calendar_receiving_ultra.py::test_actual_cli_strict_bytes_and_size_are_atomic[double-bom]", "sha256": {"static/calendar.js": "09dfe98a95da6c7fd0b7ee531c3ec4cf9ae5697dc730fab6cffdd07d8bd94b3b", "static/week_file.mjs": "914291b97250a97f6e09f47e6fed58b607b3b1ed9e4c60e3242ff39546913614", "static/week_plan.mjs": "e739adc10d9ae9ba1cb82c6d800c453e8f7bec53e343e0685adeabe98e6f4809", "tests/fixtures/saved-week-response.json": "5e7b785c0a02a999647e52a0229b0b649c82bbca131ca0f8db50f99c270d992f", "tools/saved_week_to_calendar.mjs": "a1e5bd2283db04629249b80aec9d21ff3c08a1a4b848bde23b0872f6a387da80"}, "unchanged": true}
2026-10-08T19:38:27.6684612Z .TASTETABLE_INDEPENDENT_SOURCE {"case": "tests/test_saved_week_calendar_receiving_ultra.py::test_actual_cli_strict_bytes_and_size_are_atomic[invalid-utf8]", "sha256": {"static/calendar.js": "09dfe98a95da6c7fd0b7ee531c3ec4cf9ae5697dc730fab6cffdd07d8bd94b3b", "static/week_file.mjs": "914291b97250a97f6e09f47e6fed58b607b3b1ed9e4c60e3242ff39546913614", "static/week_plan.mjs": "e739adc10d9ae9ba1cb82c6d800c453e8f7bec53e343e0685adeabe98e6f4809", "tests/fixtures/saved-week-response.json": "5e7b785c0a02a999647e52a0229b0b649c82bbca131ca0f8db50f99c270d992f", "tools/saved_week_to_calendar.mjs": "a1e5bd2283db04629249b80aec9d21ff3c08a1a4b848bde23b0872f6a387da80"}, "unchanged": true}
2026-10-08T19:38:27.7238214Z .TASTETABLE_INDEPENDENT_SOURCE {"case": "tests/test_saved_week_calendar_receiving_ultra.py::test_actual_cli_strict_bytes_and_size_are_atomic[overlong-utf8]", "sha256": {"static/calendar.js": "09dfe98a95da6c7fd0b7ee531c3ec4cf9ae5697dc730fab6cffdd07d8bd94b3b", "static/week_file.mjs": "914291b97250a97f6e09f47e6fed58b607b3b1ed9e4c60e3242ff39546913614", "static/week_plan.mjs": "e739adc10d9ae9ba1cb82c6d800c453e8f7bec53e343e0685adeabe98e6f4809", "tests/fixtures/saved-week-response.json": "5e7b785c0a02a999647e52a0229b0b649c82bbca131ca0f8db50f99c270d992f", "tools/saved_week_to_calendar.mjs": "a1e5bd2283db04629249b80aec9d21ff3c08a1a4b848bde23b0872f6a387da80"}, "unchanged": true}
2026-10-08T19:38:27.7787417Z .TASTETABLE_INDEPENDENT_SOURCE {"case": "tests/test_saved_week_calendar_receiving_ultra.py::test_actual_cli_strict_bytes_and_size_are_atomic[utf8-surrogate]", "sha256": {"static/calendar.js": "09dfe98a95da6c7fd0b7ee531c3ec4cf9ae5697dc730fab6cffdd07d8bd94b3b", "static/week_file.mjs": "914291b97250a97f6e09f47e6fed58b607b3b1ed9e4c60e3242ff39546913614", "static/week_plan.mjs": "e739adc10d9ae9ba1cb82c6d800c453e8f7bec53e343e0685adeabe98e6f4809", "tests/fixtures/saved-week-response.json": "5e7b785c0a02a999647e52a0229b0b649c82bbca131ca0f8db50f99c270d992f", "tools/saved_week_to_calendar.mjs": "a1e5bd2283db04629249b80aec9d21ff3c08a1a4b848bde23b0872f6a387da80"}, "unchanged": true}
2026-10-08T19:38:27.8456513Z .TASTETABLE_INDEPENDENT_SOURCE {"case": "tests/test_saved_week_calendar_receiving_ultra.py::test_actual_cli_strict_bytes_and_size_are_atomic[oversize]", "sha256": {"static/calendar.js": "09dfe98a95da6c7fd0b7ee531c3ec4cf9ae5697dc730fab6cffdd07d8bd94b3b", "static/week_file.mjs": "914291b97250a97f6e09f47e6fed58b607b3b1ed9e4c60e3242ff39546913614", "static/week_plan.mjs": "e739adc10d9ae9ba1cb82c6d800c453e8f7bec53e343e0685adeabe98e6f4809", "tests/fixtures/saved-week-response.json": "5e7b785c0a02a999647e52a0229b0b649c82bbca131ca0f8db50f99c270d992f", "tools/saved_week_to_calendar.mjs": "a1e5bd2283db04629249b80aec9d21ff3c08a1a4b848bde23b0872f6a387da80"}, "unchanged": true}
2026-10-08T19:38:28.0022778Z .TASTETABLE_INDEPENDENT_SOURCE {"case": "tests/test_saved_week_calendar_receiving_ultra.py::test_exact_four_mib_valid_input_is_accepted_without_rewrite", "sha256": {"static/calendar.js": "09dfe98a95da6c7fd0b7ee531c3ec4cf9ae5697dc730fab6cffdd07d8bd94b3b", "static/week_file.mjs": "914291b97250a97f6e09f47e6fed58b607b3b1ed9e4c60e3242ff39546913614", "static/week_plan.mjs": "e739adc10d9ae9ba1cb82c6d800c453e8f7bec53e343e0685adeabe98e6f4809", "tests/fixtures/saved-week-response.json": "5e7b785c0a02a999647e52a0229b0b649c82bbca131ca0f8db50f99c270d992f", "tools/saved_week_to_calendar.mjs": "a1e5bd2283db04629249b80aec9d21ff3c08a1a4b848bde23b0872f6a387da80"}, "unchanged": true}
2026-10-08T19:38:28.0629750Z .TASTETABLE_INDEPENDENT_SOURCE {"case": "tests/test_saved_week_calendar_receiving_ultra.py::test_occupied_output_and_input_aliases_never_replace[file]", "sha256": {"static/calendar.js": "09dfe98a95da6c7fd0b7ee531c3ec4cf9ae5697dc730fab6cffdd07d8bd94b3b", "static/week_file.mjs": "914291b97250a97f6e09f47e6fed58b607b3b1ed9e4c60e3242ff39546913614", "static/week_plan.mjs": "e739adc10d9ae9ba1cb82c6d800c453e8f7bec53e343e0685adeabe98e6f4809", "tests/fixtures/saved-week-response.json": "5e7b785c0a02a999647e52a0229b0b649c82bbca131ca0f8db50f99c270d992f", "tools/saved_week_to_calendar.mjs": "a1e5bd2283db04629249b80aec9d21ff3c08a1a4b848bde23b0872f6a387da80"}, "unchanged": true}
2026-10-08T19:38:28.1253724Z .TASTETABLE_INDEPENDENT_SOURCE {"case": "tests/test_saved_week_calendar_receiving_ultra.py::test_occupied_output_and_input_aliases_never_replace[directory]", "sha256": {"static/calendar.js": "09dfe98a95da6c7fd0b7ee531c3ec4cf9ae5697dc730fab6cffdd07d8bd94b3b", "static/week_file.mjs": "914291b97250a97f6e09f47e6fed58b607b3b1ed9e4c60e3242ff39546913614", "static/week_plan.mjs": "e739adc10d9ae9ba1cb82c6d800c453e8f7bec53e343e0685adeabe98e6f4809", "tests/fixtures/saved-week-response.json": "5e7b785c0a02a999647e52a0229b0b649c82bbca131ca0f8db50f99c270d992f", "tools/saved_week_to_calendar.mjs": "a1e5bd2283db04629249b80aec9d21ff3c08a1a4b848bde23b0872f6a387da80"}, "unchanged": true}
2026-10-08T19:38:28.1860960Z .TASTETABLE_INDEPENDENT_SOURCE {"case": "tests/test_saved_week_calendar_receiving_ultra.py::test_occupied_output_and_input_aliases_never_replace[symlink]", "sha256": {"static/calendar.js": "09dfe98a95da6c7fd0b7ee531c3ec4cf9ae5697dc730fab6cffdd07d8bd94b3b", "static/week_file.mjs": "914291b97250a97f6e09f47e6fed58b607b3b1ed9e4c60e3242ff39546913614", "static/week_plan.mjs": "e739adc10d9ae9ba1cb82c6d800c453e8f7bec53e343e0685adeabe98e6f4809", "tests/fixtures/saved-week-response.json": "5e7b785c0a02a999647e52a0229b0b649c82bbca131ca0f8db50f99c270d992f", "tools/saved_week_to_calendar.mjs": "a1e5bd2283db04629249b80aec9d21ff3c08a1a4b848bde23b0872f6a387da80"}, "unchanged": true}
2026-10-08T19:38:28.2473668Z .TASTETABLE_INDEPENDENT_SOURCE {"case": "tests/test_saved_week_calendar_receiving_ultra.py::test_occupied_output_and_input_aliases_never_replace[dangling]", "sha256": {"static/calendar.js": "09dfe98a95da6c7fd0b7ee531c3ec4cf9ae5697dc730fab6cffdd07d8bd94b3b", "static/week_file.mjs": "914291b97250a97f6e09f47e6fed58b607b3b1ed9e4c60e3242ff39546913614", "static/week_plan.mjs": "e739adc10d9ae9ba1cb82c6d800c453e8f7bec53e343e0685adeabe98e6f4809", "tests/fixtures/saved-week-response.json": "5e7b785c0a02a999647e52a0229b0b649c82bbca131ca0f8db50f99c270d992f", "tools/saved_week_to_calendar.mjs": "a1e5bd2283db04629249b80aec9d21ff3c08a1a4b848bde23b0872f6a387da80"}, "unchanged": true}
2026-10-08T19:38:28.3056351Z .TASTETABLE_INDEPENDENT_SOURCE {"case": "tests/test_saved_week_calendar_receiving_ultra.py::test_occupied_output_and_input_aliases_never_replace[hardlink-input]", "sha256": {"static/calendar.js": "09dfe98a95da6c7fd0b7ee531c3ec4cf9ae5697dc730fab6cffdd07d8bd94b3b", "static/week_file.mjs": "914291b97250a97f6e09f47e6fed58b607b3b1ed9e4c60e3242ff39546913614", "static/week_plan.mjs": "e739adc10d9ae9ba1cb82c6d800c453e8f7bec53e343e0685adeabe98e6f4809", "tests/fixtures/saved-week-response.json": "5e7b785c0a02a999647e52a0229b0b649c82bbca131ca0f8db50f99c270d992f", "tools/saved_week_to_calendar.mjs": "a1e5bd2283db04629249b80aec9d21ff3c08a1a4b848bde23b0872f6a387da80"}, "unchanged": true}
2026-10-08T19:38:28.3649762Z .TASTETABLE_INDEPENDENT_SOURCE {"case": "tests/test_saved_week_calendar_receiving_ultra.py::test_occupied_output_and_input_aliases_never_replace[input-itself]", "sha256": {"static/calendar.js": "09dfe98a95da6c7fd0b7ee531c3ec4cf9ae5697dc730fab6cffdd07d8bd94b3b", "static/week_file.mjs": "914291b97250a97f6e09f47e6fed58b607b3b1ed9e4c60e3242ff39546913614", "static/week_plan.mjs": "e739adc10d9ae9ba1cb82c6d800c453e8f7bec53e343e0685adeabe98e6f4809", "tests/fixtures/saved-week-response.json": "5e7b785c0a02a999647e52a0229b0b649c82bbca131ca0f8db50f99c270d992f", "tools/saved_week_to_calendar.mjs": "a1e5bd2283db04629249b80aec9d21ff3c08a1a4b848bde23b0872f6a387da80"}, "unchanged": true}
2026-10-08T19:38:28.4199970Z .TASTETABLE_INDEPENDENT_SOURCE {"case": "tests/test_saved_week_calendar_receiving_ultra.py::test_nonregular_or_missing_input_is_bounded_refusal[directory]", "sha256": {"static/calendar.js": "09dfe98a95da6c7fd0b7ee531c3ec4cf9ae5697dc730fab6cffdd07d8bd94b3b", "static/week_file.mjs": "914291b97250a97f6e09f47e6fed58b607b3b1ed9e4c60e3242ff39546913614", "static/week_plan.mjs": "e739adc10d9ae9ba1cb82c6d800c453e8f7bec53e343e0685adeabe98e6f4809", "tests/fixtures/saved-week-response.json": "5e7b785c0a02a999647e52a0229b0b649c82bbca131ca0f8db50f99c270d992f", "tools/saved_week_to_calendar.mjs": "a1e5bd2283db04629249b80aec9d21ff3c08a1a4b848bde23b0872f6a387da80"}, "unchanged": true}
2026-10-08T19:38:28.4752925Z .TASTETABLE_INDEPENDENT_SOURCE {"case": "tests/test_saved_week_calendar_receiving_ultra.py::test_nonregular_or_missing_input_is_bounded_refusal[fifo]", "sha256": {"static/calendar.js": "09dfe98a95da6c7fd0b7ee531c3ec4cf9ae5697dc730fab6cffdd07d8bd94b3b", "static/week_file.mjs": "914291b97250a97f6e09f47e6fed58b607b3b1ed9e4c60e3242ff39546913614", "static/week_plan.mjs": "e739adc10d9ae9ba1cb82c6d800c453e8f7bec53e343e0685adeabe98e6f4809", "tests/fixtures/saved-week-response.json": "5e7b785c0a02a999647e52a0229b0b649c82bbca131ca0f8db50f99c270d992f", "tools/saved_week_to_calendar.mjs": "a1e5bd2283db04629249b80aec9d21ff3c08a1a4b848bde23b0872f6a387da80"}, "unchanged": true}
2026-10-08T19:38:28.5299045Z .TASTETABLE_INDEPENDENT_SOURCE {"case": "tests/test_saved_week_calendar_receiving_ultra.py::test_nonregular_or_missing_input_is_bounded_refusal[missing]", "sha256": {"static/calendar.js": "09dfe98a95da6c7fd0b7ee531c3ec4cf9ae5697dc730fab6cffdd07d8bd94b3b", "static/week_file.mjs": "914291b97250a97f6e09f47e6fed58b607b3b1ed9e4c60e3242ff39546913614", "static/week_plan.mjs": "e739adc10d9ae9ba1cb82c6d800c453e8f7bec53e343e0685adeabe98e6f4809", "tests/fixtures/saved-week-response.json": "5e7b785c0a02a999647e52a0229b0b649c82bbca131ca0f8db50f99c270d992f", "tools/saved_week_to_calendar.mjs": "a1e5bd2283db04629249b80aec9d21ff3c08a1a4b848bde23b0872f6a387da80"}, "unchanged": true}
2026-10-08T19:38:28.5877346Z .TASTETABLE_INDEPENDENT_SOURCE {"case": "tests/test_saved_week_calendar_receiving_ultra.py::test_actual_argument_refusals_leave_no_output[none]", "sha256": {"static/calendar.js": "09dfe98a95da6c7fd0b7ee531c3ec4cf9ae5697dc730fab6cffdd07d8bd94b3b", "static/week_file.mjs": "914291b97250a97f6e09f47e6fed58b607b3b1ed9e4c60e3242ff39546913614", "static/week_plan.mjs": "e739adc10d9ae9ba1cb82c6d800c453e8f7bec53e343e0685adeabe98e6f4809", "tests/fixtures/saved-week-response.json": "5e7b785c0a02a999647e52a0229b0b649c82bbca131ca0f8db50f99c270d992f", "tools/saved_week_to_calendar.mjs": "a1e5bd2283db04629249b80aec9d21ff3c08a1a4b848bde23b0872f6a387da80"}, "unchanged": true}
2026-10-08T19:38:28.6419644Z .TASTETABLE_INDEPENDENT_SOURCE {"case": "tests/test_saved_week_calendar_receiving_ultra.py::test_actual_argument_refusals_leave_no_output[unknown]", "sha256": {"static/calendar.js": "09dfe98a95da6c7fd0b7ee531c3ec4cf9ae5697dc730fab6cffdd07d8bd94b3b", "static/week_file.mjs": "914291b97250a97f6e09f47e6fed58b607b3b1ed9e4c60e3242ff39546913614", "static/week_plan.mjs": "e739adc10d9ae9ba1cb82c6d800c453e8f7bec53e343e0685adeabe98e6f4809", "tests/fixtures/saved-week-response.json": "5e7b785c0a02a999647e52a0229b0b649c82bbca131ca0f8db50f99c270d992f", "tools/saved_week_to_calendar.mjs": "a1e5bd2283db04629249b80aec9d21ff3c08a1a4b848bde23b0872f6a387da80"}, "unchanged": true}
2026-10-08T19:38:28.6988171Z .TASTETABLE_INDEPENDENT_SOURCE {"case": "tests/test_saved_week_calendar_receiving_ultra.py::test_actual_argument_refusals_leave_no_output[duplicate-input]", "sha256": {"static/calendar.js": "09dfe98a95da6c7fd0b7ee531c3ec4cf9ae5697dc730fab6cffdd07d8bd94b3b", "static/week_file.mjs": "914291b97250a97f6e09f47e6fed58b607b3b1ed9e4c60e3242ff39546913614", "static/week_plan.mjs": "e739adc10d9ae9ba1cb82c6d800c453e8f7bec53e343e0685adeabe98e6f4809", "tests/fixtures/saved-week-response.json": "5e7b785c0a02a999647e52a0229b0b649c82bbca131ca0f8db50f99c270d992f", "tools/saved_week_to_calendar.mjs": "a1e5bd2283db04629249b80aec9d21ff3c08a1a4b848bde23b0872f6a387da80"}, "unchanged": true}
2026-10-08T19:38:28.7564557Z .TASTETABLE_INDEPENDENT_SOURCE {"case": "tests/test_saved_week_calendar_receiving_ultra.py::test_actual_argument_refusals_leave_no_output[duplicate-output]", "sha256": {"static/calendar.js": "09dfe98a95da6c7fd0b7ee531c3ec4cf9ae5697dc730fab6cffdd07d8bd94b3b", "static/week_file.mjs": "914291b97250a97f6e09f47e6fed58b607b3b1ed9e4c60e3242ff39546913614", "static/week_plan.mjs": "e739adc10d9ae9ba1cb82c6d800c453e8f7bec53e343e0685adeabe98e6f4809", "tests/fixtures/saved-week-response.json": "5e7b785c0a02a999647e52a0229b0b649c82bbca131ca0f8db50f99c270d992f", "tools/saved_week_to_calendar.mjs": "a1e5bd2283db04629249b80aec9d21ff3c08a1a4b848bde23b0872f6a387da80"}, "unchanged": true}
2026-10-08T19:38:28.8123746Z .TASTETABLE_INDEPENDENT_SOURCE {"case": "tests/test_saved_week_calendar_receiving_ultra.py::test_actual_argument_refusals_leave_no_output[duplicate-new]", "sha256": {"static/calendar.js": "09dfe98a95da6c7fd0b7ee531c3ec4cf9ae5697dc730fab6cffdd07d8bd94b3b", "static/week_file.mjs": "914291b97250a97f6e09f47e6fed58b607b3b1ed9e4c60e3242ff39546913614", "static/week_plan.mjs": "e739adc10d9ae9ba1cb82c6d800c453e8f7bec53e343e0685adeabe98e6f4809", "tests/fixtures/saved-week-response.json": "5e7b785c0a02a999647e52a0229b0b649c82bbca131ca0f8db50f99c270d992f", "tools/saved_week_to_calendar.mjs": "a1e5bd2283db04629249b80aec9d21ff3c08a1a4b848bde23b0872f6a387da80"}, "unchanged": true}
2026-10-08T19:38:28.8675952Z .TASTETABLE_INDEPENDENT_SOURCE {"case": "tests/test_saved_week_calendar_receiving_ultra.py::test_actual_argument_refusals_leave_no_output[help-mixed]", "sha256": {"static/calendar.js": "09dfe98a95da6c7fd0b7ee531c3ec4cf9ae5697dc730fab6cffdd07d8bd94b3b", "static/week_file.mjs": "914291b97250a97f6e09f47e6fed58b607b3b1ed9e4c60e3242ff39546913614", "static/week_plan.mjs": "e739adc10d9ae9ba1cb82c6d800c453e8f7bec53e343e0685adeabe98e6f4809", "tests/fixtures/saved-week-response.json": "5e7b785c0a02a999647e52a0229b0b649c82bbca131ca0f8db50f99c270d992f", "tools/saved_week_to_calendar.mjs": "a1e5bd2283db04629249b80aec9d21ff3c08a1a4b848bde23b0872f6a387da80"}, "unchanged": true}
2026-10-08T19:38:28.9247664Z .TASTETABLE_INDEPENDENT_SOURCE {"case": "tests/test_saved_week_calendar_receiving_ultra.py::test_actual_argument_refusals_leave_no_output[stdin]", "sha256": {"static/calendar.js": "09dfe98a95da6c7fd0b7ee531c3ec4cf9ae5697dc730fab6cffdd07d8bd94b3b", "static/week_file.mjs": "914291b97250a97f6e09f47e6fed58b607b3b1ed9e4c60e3242ff39546913614", "static/week_plan.mjs": "e739adc10d9ae9ba1cb82c6d800c453e8f7bec53e343e0685adeabe98e6f4809", "tests/fixtures/saved-week-response.json": "5e7b785c0a02a999647e52a0229b0b649c82bbca131ca0f8db50f99c270d992f", "tools/saved_week_to_calendar.mjs": "a1e5bd2283db04629249b80aec9d21ff3c08a1a4b848bde23b0872f6a387da80"}, "unchanged": true}
2026-10-08T19:38:28.9861635Z .TASTETABLE_INDEPENDENT_SOURCE {"case": "tests/test_saved_week_calendar_receiving_ultra.py::test_actual_argument_refusals_leave_no_output[existing-new]", "sha256": {"static/calendar.js": "09dfe98a95da6c7fd0b7ee531c3ec4cf9ae5697dc730fab6cffdd07d8bd94b3b", "static/week_file.mjs": "914291b97250a97f6e09f47e6fed58b607b3b1ed9e4c60e3242ff39546913614", "static/week_plan.mjs": "e739adc10d9ae9ba1cb82c6d800c453e8f7bec53e343e0685adeabe98e6f4809", "tests/fixtures/saved-week-response.json": "5e7b785c0a02a999647e52a0229b0b649c82bbca131ca0f8db50f99c270d992f", "tools/saved_week_to_calendar.mjs": "a1e5bd2283db04629249b80aec9d21ff3c08a1a4b848bde23b0872f6a387da80"}, "unchanged": true}
2026-10-08T19:38:29.0426194Z .TASTETABLE_INDEPENDENT_SOURCE {"case": "tests/test_saved_week_calendar_receiving_ultra.py::test_actual_argument_refusals_leave_no_output[missing-output]", "sha256": {"static/calendar.js": "09dfe98a95da6c7fd0b7ee531c3ec4cf9ae5697dc730fab6cffdd07d8bd94b3b", "static/week_file.mjs": "914291b97250a97f6e09f47e6fed58b607b3b1ed9e4c60e3242ff39546913614", "static/week_plan.mjs": "e739adc10d9ae9ba1cb82c6d800c453e8f7bec53e343e0685adeabe98e6f4809", "tests/fixtures/saved-week-response.json": "5e7b785c0a02a999647e52a0229b0b649c82bbca131ca0f8db50f99c270d992f", "tools/saved_week_to_calendar.mjs": "a1e5bd2283db04629249b80aec9d21ff3c08a1a4b848bde23b0872f6a387da80"}, "unchanged": true}
2026-10-08T19:38:29.0972066Z .TASTETABLE_INDEPENDENT_SOURCE {"case": "tests/test_saved_week_calendar_receiving_ultra.py::test_help_is_standalone_and_creates_nothing", "sha256": {"static/calendar.js": "09dfe98a95da6c7fd0b7ee531c3ec4cf9ae5697dc730fab6cffdd07d8bd94b3b", "static/week_file.mjs": "914291b97250a97f6e09f47e6fed58b607b3b1ed9e4c60e3242ff39546913614", "static/week_plan.mjs": "e739adc10d9ae9ba1cb82c6d800c453e8f7bec53e343e0685adeabe98e6f4809", "tests/fixtures/saved-week-response.json": "5e7b785c0a02a999647e52a0229b0b649c82bbca131ca0f8db50f99c270d992f", "tools/saved_week_to_calendar.mjs": "a1e5bd2283db04629249b80aec9d21ff3c08a1a4b848bde23b0872f6a387da80"}, "unchanged": true}
2026-10-08T19:38:29.2001219Z TASTETABLE_INDEPENDENT_DELIVERY {"mode": "observe", "output_sha256": "900f8707627e600907928f515217ac36519e3aac0045fa0f3c32870438250d18", "status": 0, "trace": {"cleanupAttempts": 2, "initialEntries": ["arranged week.json"], "linkCalls": [{"openStageFds": [], "output": "/tmp/pytest-of-runner/pytest-0/test_explicit_delivery_fault_b0/files/calendar result.ics", "regularStage": true, "sha256": "900f8707627e600907928f515217ac36519e3aac0045fa0f3c32870438250d18", "stage": "/tmp/pytest-of-runner/pytest-0/test_explicit_delivery_fault_b0/files/.tastetable-calendar-gBBHym/completed.ics", "stageContainer": "/tmp/pytest-of-runner/pytest-0/test_explicit_delivery_fault_b0/files/.tastetable-calendar-gBBHym"}], "mode": "observe", "published": true, "stdoutAttempts": 0}}
2026-10-08T19:38:29.2010828Z .TASTETABLE_INDEPENDENT_SOURCE {"case": "tests/test_saved_week_calendar_receiving_ultra.py::test_explicit_delivery_fault_boundaries_and_completed_file_diagnostic[observe]", "sha256": {"static/calendar.js": "09dfe98a95da6c7fd0b7ee531c3ec4cf9ae5697dc730fab6cffdd07d8bd94b3b", "static/week_file.mjs": "914291b97250a97f6e09f47e6fed58b607b3b1ed9e4c60e3242ff39546913614", "static/week_plan.mjs": "e739adc10d9ae9ba1cb82c6d800c453e8f7bec53e343e0685adeabe98e6f4809", "tests/fixtures/saved-week-response.json": "5e7b785c0a02a999647e52a0229b0b649c82bbca131ca0f8db50f99c270d992f", "tools/saved_week_to_calendar.mjs": "a1e5bd2283db04629249b80aec9d21ff3c08a1a4b848bde23b0872f6a387da80"}, "unchanged": true}
2026-10-08T19:38:29.3034566Z TASTETABLE_INDEPENDENT_DELIVERY {"mode": "race", "output_sha256": "f2f8f2321577fa3f433a62b266248121945f6be46448f32f79ea267ab1dcdbf2", "status": 2, "trace": {"cleanupAttempts": 0, "initialEntries": ["arranged week.json"], "linkCalls": [{"openStageFds": [], "output": "/tmp/pytest-of-runner/pytest-0/test_explicit_delivery_fault_b1/files/calendar result.ics", "regularStage": true, "sha256": "900f8707627e600907928f515217ac36519e3aac0045fa0f3c32870438250d18", "stage": "/tmp/pytest-of-runner/pytest-0/test_explicit_delivery_fault_b1/files/.tastetable-calendar-ZTMi0B/completed.ics", "stageContainer": "/tmp/pytest-of-runner/pytest-0/test_explicit_delivery_fault_b1/files/.tastetable-calendar-ZTMi0B"}], "mode": "race", "published": false, "stdoutAttempts": 0}}
2026-10-08T19:38:29.3043695Z .TASTETABLE_INDEPENDENT_SOURCE {"case": "tests/test_saved_week_calendar_receiving_ultra.py::test_explicit_delivery_fault_boundaries_and_completed_file_diagnostic[race]", "sha256": {"static/calendar.js": "09dfe98a95da6c7fd0b7ee531c3ec4cf9ae5697dc730fab6cffdd07d8bd94b3b", "static/week_file.mjs": "914291b97250a97f6e09f47e6fed58b607b3b1ed9e4c60e3242ff39546913614", "static/week_plan.mjs": "e739adc10d9ae9ba1cb82c6d800c453e8f7bec53e343e0685adeabe98e6f4809", "tests/fixtures/saved-week-response.json": "5e7b785c0a02a999647e52a0229b0b649c82bbca131ca0f8db50f99c270d992f", "tools/saved_week_to_calendar.mjs": "a1e5bd2283db04629249b80aec9d21ff3c08a1a4b848bde23b0872f6a387da80"}, "unchanged": true}
2026-10-08T19:38:29.4105865Z TASTETABLE_INDEPENDENT_DELIVERY {"mode": "link-failure", "output_sha256": null, "status": 1, "trace": {"cleanupAttempts": 0, "initialEntries": ["arranged week.json"], "linkCalls": [{"openStageFds": [], "output": "/tmp/pytest-of-runner/pytest-0/test_explicit_delivery_fault_b2/files/calendar result.ics", "regularStage": true, "sha256": "900f8707627e600907928f515217ac36519e3aac0045fa0f3c32870438250d18", "stage": "/tmp/pytest-of-runner/pytest-0/test_explicit_delivery_fault_b2/files/.tastetable-calendar-idSjBi/completed.ics", "stageContainer": "/tmp/pytest-of-runner/pytest-0/test_explicit_delivery_fault_b2/files/.tastetable-calendar-idSjBi"}], "mode": "link-failure", "published": false, "stdoutAttempts": 0}}
2026-10-08T19:38:29.4115783Z .TASTETABLE_INDEPENDENT_SOURCE {"case": "tests/test_saved_week_calendar_receiving_ultra.py::test_explicit_delivery_fault_boundaries_and_completed_file_diagnostic[link-failure]", "sha256": {"static/calendar.js": "09dfe98a95da6c7fd0b7ee531c3ec4cf9ae5697dc730fab6cffdd07d8bd94b3b", "static/week_file.mjs": "914291b97250a97f6e09f47e6fed58b607b3b1ed9e4c60e3242ff39546913614", "static/week_plan.mjs": "e739adc10d9ae9ba1cb82c6d800c453e8f7bec53e343e0685adeabe98e6f4809", "tests/fixtures/saved-week-response.json": "5e7b785c0a02a999647e52a0229b0b649c82bbca131ca0f8db50f99c270d992f", "tools/saved_week_to_calendar.mjs": "a1e5bd2283db04629249b80aec9d21ff3c08a1a4b848bde23b0872f6a387da80"}, "unchanged": true}
2026-10-08T19:38:29.5151547Z TASTETABLE_INDEPENDENT_DELIVERY {"mode": "cleanup", "output_sha256": "900f8707627e600907928f515217ac36519e3aac0045fa0f3c32870438250d18", "status": 1, "trace": {"cleanupAttempts": 1, "initialEntries": ["arranged week.json"], "linkCalls": [{"openStageFds": [], "output": "/tmp/pytest-of-runner/pytest-0/test_explicit_delivery_fault_b3/files/calendar result.ics", "regularStage": true, "sha256": "900f8707627e600907928f515217ac36519e3aac0045fa0f3c32870438250d18", "stage": "/tmp/pytest-of-runner/pytest-0/test_explicit_delivery_fault_b3/files/.tastetable-calendar-uAzW5l/completed.ics", "stageContainer": "/tmp/pytest-of-runner/pytest-0/test_explicit_delivery_fault_b3/files/.tastetable-calendar-uAzW5l"}], "mode": "cleanup", "published": true, "stdoutAttempts": 0}}
2026-10-08T19:38:29.5161125Z .TASTETABLE_INDEPENDENT_SOURCE {"case": "tests/test_saved_week_calendar_receiving_ultra.py::test_explicit_delivery_fault_boundaries_and_completed_file_diagnostic[cleanup]", "sha256": {"static/calendar.js": "09dfe98a95da6c7fd0b7ee531c3ec4cf9ae5697dc730fab6cffdd07d8bd94b3b", "static/week_file.mjs": "914291b97250a97f6e09f47e6fed58b607b3b1ed9e4c60e3242ff39546913614", "static/week_plan.mjs": "e739adc10d9ae9ba1cb82c6d800c453e8f7bec53e343e0685adeabe98e6f4809", "tests/fixtures/saved-week-response.json": "5e7b785c0a02a999647e52a0229b0b649c82bbca131ca0f8db50f99c270d992f", "tools/saved_week_to_calendar.mjs": "a1e5bd2283db04629249b80aec9d21ff3c08a1a4b848bde23b0872f6a387da80"}, "unchanged": true}
2026-10-08T19:38:29.6157484Z TASTETABLE_INDEPENDENT_DELIVERY {"mode": "receipt", "output_sha256": "900f8707627e600907928f515217ac36519e3aac0045fa0f3c32870438250d18", "status": 1, "trace": {"cleanupAttempts": 2, "initialEntries": ["arranged week.json"], "linkCalls": [{"openStageFds": [], "output": "/tmp/pytest-of-runner/pytest-0/test_explicit_delivery_fault_b4/files/calendar result.ics", "regularStage": true, "sha256": "900f8707627e600907928f515217ac36519e3aac0045fa0f3c32870438250d18", "stage": "/tmp/pytest-of-runner/pytest-0/test_explicit_delivery_fault_b4/files/.tastetable-calendar-8x8MP6/completed.ics", "stageContainer": "/tmp/pytest-of-runner/pytest-0/test_explicit_delivery_fault_b4/files/.tastetable-calendar-8x8MP6"}], "mode": "receipt", "published": true, "stdoutAttempts": 1}}
2026-10-08T19:38:29.6167009Z .TASTETABLE_INDEPENDENT_SOURCE {"case": "tests/test_saved_week_calendar_receiving_ultra.py::test_explicit_delivery_fault_boundaries_and_completed_file_diagnostic[receipt]", "sha256": {"static/calendar.js": "09dfe98a95da6c7fd0b7ee531c3ec4cf9ae5697dc730fab6cffdd07d8bd94b3b", "static/week_file.mjs": "914291b97250a97f6e09f47e6fed58b607b3b1ed9e4c60e3242ff39546913614", "static/week_plan.mjs": "e739adc10d9ae9ba1cb82c6d800c453e8f7bec53e343e0685adeabe98e6f4809", "tests/fixtures/saved-week-response.json": "5e7b785c0a02a999647e52a0229b0b649c82bbca131ca0f8db50f99c270d992f", "tools/saved_week_to_calendar.mjs": "a1e5bd2283db04629249b80aec9d21ff3c08a1a4b848bde23b0872f6a387da80"}, "unchanged": true}
2026-10-08T19:38:29.6354630Z .... [ 71%]
2026-10-08T19:38:29.7474474Z ........................... [ 82%]
2026-10-08T19:38:29.9861804Z .............................................        [100%]
2026-10-08T19:38:29.9863383Z =============================== warnings summary ===============================
2026-10-08T19:38:29.9864814Z ../../../../../opt/hostedtoolcache/Python/3.12.15/x64/lib/python3.12/site-packages/fastapi/testclient.py:1
2026-10-08T19:38:29.9867524Z   /opt/hostedtoolcache/Python/3.12.15/x64/lib/python3.12/site-packages/fastapi/testclient.py:1: StarletteDeprecationWarning: Using `httpx` with `starlette.testclient` is deprecated; install `httpx2` instead.
2026-10-08T19:38:29.9869008Z     from starlette.testclient import TestClient as TestClient  # noqa
2026-10-08T19:38:29.9869430Z 
2026-10-08T19:38:29.9869763Z -- Docs: https://docs.pytest.org/en/stable/how-to/capture-warnings.html
2026-10-08T19:38:29.9870413Z 250 passed, 1 warning, 247 subtests passed in 23.99s
2026-10-08T19:38:30.1016478Z Post job cleanup.
2026-10-08T19:38:30.2442457Z Post job cleanup.
2026-10-08T19:38:30.3365179Z [command]/usr/bin/git version
2026-10-08T19:38:30.3414339Z git version 2.55.0
2026-10-08T19:38:30.3454792Z Temporarily overriding HOME='/home/runner/work/_temp/41b4e7ed-aa22-40b6-8863-1863b51ba4e5' before making global git config changes
2026-10-08T19:38:30.3456285Z Adding repository directory to the temporary git global config as a safe directory
2026-10-08T19:38:30.3462592Z [command]/usr/bin/git config --global --add safe.directory /home/runner/work/tastetable/tastetable
2026-10-08T19:38:30.3500484Z Removing SSH command configuration
2026-10-08T19:38:30.3508219Z [command]/usr/bin/git config --local --name-only --get-regexp core\.sshCommand
2026-10-08T19:38:30.3558835Z [command]/usr/bin/git submodule foreach --recursive sh -c "git config --local --name-only --get-regexp 'core\.sshCommand' && git config --local --unset-all 'core.sshCommand' || :"
2026-10-08T19:38:30.3811202Z Removing HTTP extra header
2026-10-08T19:38:30.3819736Z [command]/usr/bin/git config --local --name-only --get-regexp http\.https\:\/\/github\.com\/\.extraheader
2026-10-08T19:38:30.3868650Z [command]/usr/bin/git submodule foreach --recursive sh -c "git config --local --name-only --get-regexp 'http\.https\:\/\/github\.com\/\.extraheader' && git config --local --unset-all 'http.https://github.com/.extraheader' || :"
2026-10-08T19:38:30.4208751Z Removing includeIf entries pointing to credentials config files
2026-10-08T19:38:30.4215402Z [command]/usr/bin/git config --local --name-only --get-regexp ^includeIf\.gitdir:
2026-10-08T19:38:30.4269047Z includeif.gitdir:/home/runner/work/tastetable/tastetable/.git.path
2026-10-08T19:38:30.4270183Z includeif.gitdir:/home/runner/work/tastetable/tastetable/.git/worktrees/*.path
2026-10-08T19:38:30.4271323Z includeif.gitdir:/github/workspace/.git.path
2026-10-08T19:38:30.4272580Z includeif.gitdir:/github/workspace/.git/worktrees/*.path
2026-10-08T19:38:30.4284349Z [command]/usr/bin/git config --local --get-all includeif.gitdir:/home/runner/work/tastetable/tastetable/.git.path
2026-10-08T19:38:30.4325552Z /home/runner/work/_temp/git-credentials-ac022085-a9f5-40dd-97a3-63445f1382a6.config
2026-10-08T19:38:30.4340398Z [command]/usr/bin/git config --local --unset includeif.gitdir:/home/runner/work/tastetable/tastetable/.git.path \/home\/runner\/work\/_temp\/git\-credentials\-ac022085\-a9f5\-40dd\-97a3\-63445f1382a6\.config
2026-10-08T19:38:30.4426756Z [command]/usr/bin/git config --local --get-all includeif.gitdir:/home/runner/work/tastetable/tastetable/.git/worktrees/*.path
2026-10-08T19:38:30.4464774Z /home/runner/work/_temp/git-credentials-ac022085-a9f5-40dd-97a3-63445f1382a6.config
2026-10-08T19:38:30.4471150Z [command]/usr/bin/git config --local --unset includeif.gitdir:/home/runner/work/tastetable/tastetable/.git/worktrees/*.path \/home\/runner\/work\/_temp\/git\-credentials\-ac022085\-a9f5\-40dd\-97a3\-63445f1382a6\.config
2026-10-08T19:38:30.4515444Z [command]/usr/bin/git config --local --get-all includeif.gitdir:/github/workspace/.git.path
2026-10-08T19:38:30.4552776Z /github/runner_temp/git-credentials-ac022085-a9f5-40dd-97a3-63445f1382a6.config
2026-10-08T19:38:30.4561182Z [command]/usr/bin/git config --local --unset includeif.gitdir:/github/workspace/.git.path \/github\/runner_temp\/git\-credentials\-ac022085\-a9f5\-40dd\-97a3\-63445f1382a6\.config
2026-10-08T19:38:30.4604142Z [command]/usr/bin/git config --local --get-all includeif.gitdir:/github/workspace/.git/worktrees/*.path
2026-10-08T19:38:30.4635282Z /github/runner_temp/git-credentials-ac022085-a9f5-40dd-97a3-63445f1382a6.config
2026-10-08T19:38:30.4644628Z [command]/usr/bin/git config --local --unset includeif.gitdir:/github/workspace/.git/worktrees/*.path \/github\/runner_temp\/git\-credentials\-ac022085\-a9f5\-40dd\-97a3\-63445f1382a6\.config
2026-10-08T19:38:30.4688573Z [command]/usr/bin/git submodule foreach --recursive git config --local --show-origin --name-only --get-regexp remote.origin.url
2026-10-08T19:38:30.4953372Z Removing credentials config '/home/runner/work/_temp/git-credentials-ac022085-a9f5-40dd-97a3-63445f1382a6.config'
2026-10-08T19:38:30.5106932Z Cleaning up orphan processes
