2026-10-08T13:58:28.5213399Z Current runner version: '2.337.0'
2026-10-08T13:58:28.5238335Z ##[group]Runner Image Provisioner
2026-10-08T13:58:28.5239235Z Hosted Compute Agent
2026-10-08T13:58:28.5239802Z Version: 20261002.596
2026-10-08T13:58:28.5240536Z Commit: c3d12f3313a95f25162a1503be624f3b0617f8c0
2026-10-08T13:58:28.5241248Z Build Date: 2026-10-02T22:28:27Z
2026-10-08T13:58:28.5241956Z Worker ID: {5195e9e5-2177-4d78-b0ae-cc369d0efbc2}
2026-10-08T13:58:28.5243064Z Region: westus
2026-10-08T13:58:28.5243758Z Cloud: Azure
2026-10-08T13:58:28.5244406Z ##[endgroup]
2026-10-08T13:58:28.5246210Z ##[group]Operating System
2026-10-08T13:58:28.5246973Z Ubuntu
2026-10-08T13:58:28.5247650Z 24.04.5
2026-10-08T13:58:28.5248191Z LTS
2026-10-08T13:58:28.5248754Z ##[endgroup]
2026-10-08T13:58:28.5249296Z ##[group]Runner Image
2026-10-08T13:58:28.5249883Z Image: ubuntu-24.04
2026-10-08T13:58:28.5250530Z Version: 20261004.327.1
2026-10-08T13:58:28.5252119Z Included Software: https://github.com/actions/runner-images/blob/ubuntu24/20261004.327/images/ubuntu/Ubuntu2404-Readme.md
2026-10-08T13:58:28.5254111Z Image Release: https://github.com/actions/runner-images/releases/tag/ubuntu24%2F20261004.327
2026-10-08T13:58:28.5255068Z ##[endgroup]
2026-10-08T13:58:28.5256309Z ##[group]GITHUB_TOKEN Permissions
2026-10-08T13:58:28.5258941Z Contents: read
2026-10-08T13:58:28.5259556Z Metadata: read
2026-10-08T13:58:28.5260110Z ##[endgroup]
2026-10-08T13:58:28.5262314Z Secret source: Actions
2026-10-08T13:58:28.5263473Z Cache mode: write
2026-10-08T13:58:28.5264616Z Prepare workflow directory
2026-10-08T13:58:28.5620702Z Prepare all required actions
2026-10-08T13:58:28.5694975Z Getting action download info
2026-10-08T13:58:28.9441521Z Download action repository 'actions/checkout@3d3c42e5aac5ba805825da76410c181273ba90b1' (SHA:3d3c42e5aac5ba805825da76410c181273ba90b1)
2026-10-08T13:58:29.0544232Z Download action repository 'actions/setup-python@5fda3b95a4ea91299a34e894583c3862153e4b97' (SHA:5fda3b95a4ea91299a34e894583c3862153e4b97)
2026-10-08T13:58:29.2307907Z Complete job name: test
2026-10-08T13:58:29.3079737Z ##[group]Run actions/checkout@3d3c42e5aac5ba805825da76410c181273ba90b1
2026-10-08T13:58:29.3080812Z with:
2026-10-08T13:58:29.3081264Z   repository: Jacob-Met/tastetable
2026-10-08T13:58:29.3085449Z   token: ***
2026-10-08T13:58:29.3085897Z   ssh-strict: true
2026-10-08T13:58:29.3086343Z   ssh-user: git
2026-10-08T13:58:29.3086784Z   persist-credentials: true
2026-10-08T13:58:29.3087270Z   clean: true
2026-10-08T13:58:29.3087715Z   sparse-checkout-cone-mode: true
2026-10-08T13:58:29.3088229Z   fetch-depth: 1
2026-10-08T13:58:29.3088656Z   fetch-tags: false
2026-10-08T13:58:29.3089095Z   show-progress: true
2026-10-08T13:58:29.3089540Z   lfs: false
2026-10-08T13:58:29.3089951Z   submodules: false
2026-10-08T13:58:29.3090396Z   set-safe-directory: true
2026-10-08T13:58:29.3090906Z   allow-unsafe-pr-checkout: false
2026-10-08T13:58:29.3091695Z ##[endgroup]
2026-10-08T13:58:29.4073182Z Syncing repository: Jacob-Met/tastetable
2026-10-08T13:58:29.4075180Z ##[group]Getting Git version info
2026-10-08T13:58:29.4075941Z Working directory is '/home/runner/work/tastetable/tastetable'
2026-10-08T13:58:29.4076970Z [command]/usr/bin/git version
2026-10-08T13:58:29.4177383Z git version 2.55.0
2026-10-08T13:58:29.4234493Z ##[endgroup]
2026-10-08T13:58:29.4242941Z Temporarily overriding HOME='/home/runner/work/_temp/103c4e58-2635-4ec6-b13e-96670b163160' before making global git config changes
2026-10-08T13:58:29.4245223Z Adding repository directory to the temporary git global config as a safe directory
2026-10-08T13:58:29.4247109Z [command]/usr/bin/git config --global --add safe.directory /home/runner/work/tastetable/tastetable
2026-10-08T13:58:29.4296818Z Deleting the contents of '/home/runner/work/tastetable/tastetable'
2026-10-08T13:58:29.4298860Z ##[group]Determining repository object format
2026-10-08T13:58:29.4300212Z ##[endgroup]
2026-10-08T13:58:29.4301371Z ##[group]Initializing the repository
2026-10-08T13:58:29.4302496Z [command]/usr/bin/git init /home/runner/work/tastetable/tastetable
2026-10-08T13:58:29.4404576Z hint: Using 'master' as the name for the initial branch. This default branch name
2026-10-08T13:58:29.4409697Z hint: will change to "main" in Git 3.0. To configure the initial branch name
2026-10-08T13:58:29.4411147Z hint: to use in all of your new repositories, which will suppress this warning,
2026-10-08T13:58:29.4411919Z hint: call:
2026-10-08T13:58:29.4412310Z hint:
2026-10-08T13:58:29.4413293Z hint: 	git config --global init.defaultBranch <name>
2026-10-08T13:58:29.4413951Z hint:
2026-10-08T13:58:29.4414536Z hint: Names commonly chosen instead of 'master' are 'main', 'trunk' and
2026-10-08T13:58:29.4415487Z hint: 'development'. The just-created branch can be renamed via this command:
2026-10-08T13:58:29.4416231Z hint:
2026-10-08T13:58:29.4416635Z hint: 	git branch -m <name>
2026-10-08T13:58:29.4417104Z hint:
2026-10-08T13:58:29.4417716Z hint: Disable this message with "git config set advice.defaultBranchName false"
2026-10-08T13:58:29.4419175Z Initialized empty Git repository in /home/runner/work/tastetable/tastetable/.git/
2026-10-08T13:58:29.4421661Z [command]/usr/bin/git remote add origin https://github.com/Jacob-Met/tastetable
2026-10-08T13:58:29.4475593Z ##[endgroup]
2026-10-08T13:58:29.4476491Z ##[group]Disabling automatic garbage collection
2026-10-08T13:58:29.4479502Z [command]/usr/bin/git config --local gc.auto 0
2026-10-08T13:58:29.4511880Z ##[endgroup]
2026-10-08T13:58:29.4513360Z ##[group]Setting up auth
2026-10-08T13:58:29.4518345Z Removing SSH command configuration
2026-10-08T13:58:29.4526670Z [command]/usr/bin/git config --local --name-only --get-regexp core\.sshCommand
2026-10-08T13:58:29.4554549Z [command]/usr/bin/git submodule foreach --recursive sh -c "git config --local --name-only --get-regexp 'core\.sshCommand' && git config --local --unset-all 'core.sshCommand' || :"
2026-10-08T13:58:29.4922345Z Removing HTTP extra header
2026-10-08T13:58:29.4930513Z [command]/usr/bin/git config --local --name-only --get-regexp http\.https\:\/\/github\.com\/\.extraheader
2026-10-08T13:58:29.4979855Z [command]/usr/bin/git submodule foreach --recursive sh -c "git config --local --name-only --get-regexp 'http\.https\:\/\/github\.com\/\.extraheader' && git config --local --unset-all 'http.https://github.com/.extraheader' || :"
2026-10-08T13:58:29.5221665Z Removing includeIf entries pointing to credentials config files
2026-10-08T13:58:29.5227330Z [command]/usr/bin/git config --local --name-only --get-regexp ^includeIf\.gitdir:
2026-10-08T13:58:29.5263387Z [command]/usr/bin/git submodule foreach --recursive git config --local --show-origin --name-only --get-regexp remote.origin.url
2026-10-08T13:58:29.5500141Z [command]/usr/bin/git config --file /home/runner/work/_temp/git-credentials-e261a6fb-6966-4429-8333-ab44572c5918.config http.https://github.com/.extraheader AUTHORIZATION: basic ***
2026-10-08T13:58:29.5541490Z [command]/usr/bin/git config --local includeIf.gitdir:/home/runner/work/tastetable/tastetable/.git.path /home/runner/work/_temp/git-credentials-e261a6fb-6966-4429-8333-ab44572c5918.config
2026-10-08T13:58:29.5576125Z [command]/usr/bin/git config --local includeIf.gitdir:/home/runner/work/tastetable/tastetable/.git/worktrees/*.path /home/runner/work/_temp/git-credentials-e261a6fb-6966-4429-8333-ab44572c5918.config
2026-10-08T13:58:29.5615590Z [command]/usr/bin/git config --local includeIf.gitdir:/github/workspace/.git.path /github/runner_temp/git-credentials-e261a6fb-6966-4429-8333-ab44572c5918.config
2026-10-08T13:58:29.5652499Z [command]/usr/bin/git config --local includeIf.gitdir:/github/workspace/.git/worktrees/*.path /github/runner_temp/git-credentials-e261a6fb-6966-4429-8333-ab44572c5918.config
2026-10-08T13:58:29.5683608Z ##[endgroup]
2026-10-08T13:58:29.5684487Z ##[group]Fetching the repository
2026-10-08T13:58:29.5690721Z [command]/usr/bin/git -c protocol.version=2 fetch --no-tags --prune --no-recurse-submodules --depth=1 origin +a77175501199ace765cb7ca57742b267351d3e79:refs/remotes/origin/main
2026-10-08T13:58:30.9874077Z From https://github.com/Jacob-Met/tastetable
2026-10-08T13:58:30.9877461Z  * [new ref]         a77175501199ace765cb7ca57742b267351d3e79 -> origin/main
2026-10-08T13:58:30.9885112Z [command]/usr/bin/git branch --list --remote origin/main
2026-10-08T13:58:30.9917915Z   origin/main
2026-10-08T13:58:30.9926992Z [command]/usr/bin/git rev-parse refs/remotes/origin/main
2026-10-08T13:58:30.9956755Z a77175501199ace765cb7ca57742b267351d3e79
2026-10-08T13:58:30.9961530Z ##[endgroup]
2026-10-08T13:58:30.9963110Z ##[group]Determining the checkout info
2026-10-08T13:58:30.9965337Z ##[endgroup]
2026-10-08T13:58:30.9966763Z [command]/usr/bin/git sparse-checkout disable
2026-10-08T13:58:31.0021469Z [command]/usr/bin/git config --local --unset-all extensions.worktreeConfig
2026-10-08T13:58:31.0057379Z ##[group]Checking out the ref
2026-10-08T13:58:31.0061427Z [command]/usr/bin/git checkout --progress --force -B main refs/remotes/origin/main
2026-10-08T13:58:31.0466489Z Switched to a new branch 'main'
2026-10-08T13:58:31.0477000Z branch 'main' set up to track 'origin/main'.
2026-10-08T13:58:31.0485536Z ##[endgroup]
2026-10-08T13:58:31.0534590Z [command]/usr/bin/git log -1 --format=%H
2026-10-08T13:58:31.0564009Z a77175501199ace765cb7ca57742b267351d3e79
2026-10-08T13:58:31.0966443Z ##[group]Run actions/setup-python@5fda3b95a4ea91299a34e894583c3862153e4b97
2026-10-08T13:58:31.0968240Z with:
2026-10-08T13:58:31.0969137Z   python-version: 3.12
2026-10-08T13:58:31.0970179Z   check-latest: false
2026-10-08T13:58:31.0980561Z   token: ***
2026-10-08T13:58:31.0981517Z   update-environment: true
2026-10-08T13:58:31.0982754Z   allow-prereleases: false
2026-10-08T13:58:31.0983857Z   freethreaded: false
2026-10-08T13:58:31.0984837Z ##[endgroup]
2026-10-08T13:58:31.2186187Z ##[group]Installed versions
2026-10-08T13:58:31.2267969Z Successfully set up CPython (3.12.15)
2026-10-08T13:58:31.2275580Z ##[endgroup]
2026-10-08T13:58:31.2553739Z ##[group]Run pip install -r requirements.txt
2026-10-08T13:58:31.2556297Z [36;1mpip install -r requirements.txt[0m
2026-10-08T13:58:31.2936696Z shell: /usr/bin/bash -e {0}
2026-10-08T13:58:31.2937880Z env:
2026-10-08T13:58:31.2939027Z   pythonLocation: /opt/hostedtoolcache/Python/3.12.15/x64
2026-10-08T13:58:31.2940913Z   PKG_CONFIG_PATH: /opt/hostedtoolcache/Python/3.12.15/x64/lib/pkgconfig
2026-10-08T13:58:31.2942982Z   Python_ROOT_DIR: /opt/hostedtoolcache/Python/3.12.15/x64
2026-10-08T13:58:31.2944665Z   Python2_ROOT_DIR: /opt/hostedtoolcache/Python/3.12.15/x64
2026-10-08T13:58:31.2946397Z   Python3_ROOT_DIR: /opt/hostedtoolcache/Python/3.12.15/x64
2026-10-08T13:58:31.2948128Z   LD_LIBRARY_PATH: /opt/hostedtoolcache/Python/3.12.15/x64/lib
2026-10-08T13:58:31.2949570Z ##[endgroup]
2026-10-08T13:58:34.0754428Z Collecting fastapi>=0.110 (from -r requirements.txt (line 1))
2026-10-08T13:58:34.1230141Z   Downloading fastapi-0.143.0-py3-none-any.whl.metadata (26 kB)
2026-10-08T13:58:34.1595822Z Collecting uvicorn>=0.29 (from -r requirements.txt (line 2))
2026-10-08T13:58:34.1721653Z   Downloading uvicorn-0.54.0-py3-none-any.whl.metadata (6.6 kB)
2026-10-08T13:58:34.1907077Z Collecting httpx>=0.27 (from -r requirements.txt (line 3))
2026-10-08T13:58:34.1940826Z   Downloading httpx-0.28.1-py3-none-any.whl.metadata (7.1 kB)
2026-10-08T13:58:34.2205790Z Collecting pytest>=8 (from -r requirements.txt (line 4))
2026-10-08T13:58:34.2240964Z   Downloading pytest-9.1.1-py3-none-any.whl.metadata (7.6 kB)
2026-10-08T13:58:34.2597988Z Collecting starlette>=0.46.0 (from fastapi>=0.110->-r requirements.txt (line 1))
2026-10-08T13:58:34.2631294Z   Downloading starlette-1.7.0-py3-none-any.whl.metadata (6.6 kB)
2026-10-08T13:58:34.3729401Z Collecting pydantic>=2.9.0 (from fastapi>=0.110->-r requirements.txt (line 1))
2026-10-08T13:58:34.3763471Z   Downloading pydantic-2.13.5-py3-none-any.whl.metadata (110 kB)
2026-10-08T13:58:34.4014588Z Collecting typing-extensions>=4.8.0 (from fastapi>=0.110->-r requirements.txt (line 1))
2026-10-08T13:58:34.4048987Z   Downloading typing_extensions-4.16.0-py3-none-any.whl.metadata (3.3 kB)
2026-10-08T13:58:34.4151085Z Collecting typing-inspection>=0.4.2 (from fastapi>=0.110->-r requirements.txt (line 1))
2026-10-08T13:58:34.4200123Z   Downloading typing_inspection-0.4.4-py3-none-any.whl.metadata (2.6 kB)
2026-10-08T13:58:34.4291813Z Collecting annotated-doc>=0.0.2 (from fastapi>=0.110->-r requirements.txt (line 1))
2026-10-08T13:58:34.4325379Z   Downloading annotated_doc-0.0.5-py3-none-any.whl.metadata (6.5 kB)
2026-10-08T13:58:34.4491572Z Collecting opentelemetry-api>=1.44.0 (from fastapi>=0.110->-r requirements.txt (line 1))
2026-10-08T13:58:34.4537066Z   Downloading opentelemetry_api-1.45.1-py3-none-any.whl.metadata (1.4 kB)
2026-10-08T13:58:34.4698241Z Collecting click>=7.0 (from uvicorn>=0.29->-r requirements.txt (line 2))
2026-10-08T13:58:34.4741542Z   Downloading click-8.5.0-py3-none-any.whl.metadata (2.6 kB)
2026-10-08T13:58:34.4853396Z Collecting h11>=0.8 (from uvicorn>=0.29->-r requirements.txt (line 2))
2026-10-08T13:58:34.4885326Z   Downloading h11-0.16.0-py3-none-any.whl.metadata (8.3 kB)
2026-10-08T13:58:34.5074145Z Collecting anyio (from httpx>=0.27->-r requirements.txt (line 3))
2026-10-08T13:58:34.5106143Z   Downloading anyio-4.15.1-py3-none-any.whl.metadata (4.7 kB)
2026-10-08T13:58:34.5299753Z Collecting certifi (from httpx>=0.27->-r requirements.txt (line 3))
2026-10-08T13:58:34.5332064Z   Downloading certifi-2026.7.22-py3-none-any.whl.metadata (2.5 kB)
2026-10-08T13:58:34.5475889Z Collecting httpcore==1.* (from httpx>=0.27->-r requirements.txt (line 3))
2026-10-08T13:58:34.5510216Z   Downloading httpcore-1.0.9-py3-none-any.whl.metadata (21 kB)
2026-10-08T13:58:34.5759740Z Collecting idna (from httpx>=0.27->-r requirements.txt (line 3))
2026-10-08T13:58:34.5845579Z   Downloading idna-3.20-py3-none-any.whl.metadata (7.2 kB)
2026-10-08T13:58:34.6029236Z Collecting iniconfig>=1.0.1 (from pytest>=8->-r requirements.txt (line 4))
2026-10-08T13:58:34.6085802Z   Downloading iniconfig-2.3.1-py3-none-any.whl.metadata (2.8 kB)
2026-10-08T13:58:34.6228181Z Collecting packaging>=22 (from pytest>=8->-r requirements.txt (line 4))
2026-10-08T13:58:34.6264503Z   Downloading packaging-26.3-py3-none-any.whl.metadata (3.5 kB)
2026-10-08T13:58:34.6376237Z Collecting pluggy<2,>=1.5 (from pytest>=8->-r requirements.txt (line 4))
2026-10-08T13:58:34.6408243Z   Downloading pluggy-1.6.0-py3-none-any.whl.metadata (4.8 kB)
2026-10-08T13:58:34.6583208Z Collecting pygments>=2.7.2 (from pytest>=8->-r requirements.txt (line 4))
2026-10-08T13:58:34.6616521Z   Downloading pygments-2.21.0-py3-none-any.whl.metadata (2.5 kB)
2026-10-08T13:58:34.6760050Z Collecting annotated-types>=0.6.0 (from pydantic>=2.9.0->fastapi>=0.110->-r requirements.txt (line 1))
2026-10-08T13:58:34.6793915Z   Downloading annotated_types-0.8.0-py3-none-any.whl.metadata (15 kB)
2026-10-08T13:58:35.3413964Z Collecting pydantic-core==2.46.5 (from pydantic>=2.9.0->fastapi>=0.110->-r requirements.txt (line 1))
2026-10-08T13:58:35.3450217Z   Downloading pydantic_core-2.46.5-cp312-cp312-manylinux_2_17_x86_64.manylinux2014_x86_64.whl.metadata (6.6 kB)
2026-10-08T13:58:35.3616161Z Downloading fastapi-0.143.0-py3-none-any.whl (144 kB)
2026-10-08T13:58:35.3683442Z Downloading uvicorn-0.54.0-py3-none-any.whl (87 kB)
2026-10-08T13:58:35.3740265Z Downloading httpx-0.28.1-py3-none-any.whl (73 kB)
2026-10-08T13:58:35.3875781Z Downloading httpcore-1.0.9-py3-none-any.whl (78 kB)
2026-10-08T13:58:35.3929882Z Downloading pytest-9.1.1-py3-none-any.whl (386 kB)
2026-10-08T13:58:35.4006104Z Downloading pluggy-1.6.0-py3-none-any.whl (20 kB)
2026-10-08T13:58:35.4057889Z Downloading annotated_doc-0.0.5-py3-none-any.whl (5.3 kB)
2026-10-08T13:58:35.4111897Z Downloading click-8.5.0-py3-none-any.whl (125 kB)
2026-10-08T13:58:35.4167685Z Downloading h11-0.16.0-py3-none-any.whl (37 kB)
2026-10-08T13:58:35.4217598Z Downloading iniconfig-2.3.1-py3-none-any.whl (7.6 kB)
2026-10-08T13:58:35.4269146Z Downloading opentelemetry_api-1.45.1-py3-none-any.whl (60 kB)
2026-10-08T13:58:35.4320529Z Downloading packaging-26.3-py3-none-any.whl (129 kB)
2026-10-08T13:58:35.4381581Z Downloading pydantic-2.13.5-py3-none-any.whl (472 kB)
2026-10-08T13:58:35.4450492Z Downloading pydantic_core-2.46.5-cp312-cp312-manylinux_2_17_x86_64.manylinux2014_x86_64.whl (2.1 MB)
2026-10-08T13:58:35.4552488Z    ━━━━━━━━━━━━━━━━━━━━━━━━━━━━━━━━━━━━━━━━ 2.1/2.1 MB 250.4 MB/s  0:00:00
2026-10-08T13:58:35.4586845Z Downloading annotated_types-0.8.0-py3-none-any.whl (13 kB)
2026-10-08T13:58:35.4639044Z Downloading pygments-2.21.0-py3-none-any.whl (1.3 MB)
2026-10-08T13:58:35.4712224Z    ━━━━━━━━━━━━━━━━━━━━━━━━━━━━━━━━━━━━━━━━ 1.3/1.3 MB 204.3 MB/s  0:00:00
2026-10-08T13:58:35.4743651Z Downloading starlette-1.7.0-py3-none-any.whl (78 kB)
2026-10-08T13:58:35.4798414Z Downloading anyio-4.15.1-py3-none-any.whl (132 kB)
2026-10-08T13:58:35.4889536Z Downloading idna-3.20-py3-none-any.whl (69 kB)
2026-10-08T13:58:35.4947278Z Downloading typing_extensions-4.16.0-py3-none-any.whl (45 kB)
2026-10-08T13:58:35.4997644Z Downloading typing_inspection-0.4.4-py3-none-any.whl (14 kB)
2026-10-08T13:58:35.5052197Z Downloading certifi-2026.7.22-py3-none-any.whl (136 kB)
2026-10-08T13:58:35.7424536Z Installing collected packages: typing-extensions, pygments, pluggy, packaging, iniconfig, idna, h11, click, certifi, annotated-types, annotated-doc, uvicorn, typing-inspection, pytest, pydantic-core, opentelemetry-api, httpcore, anyio, starlette, pydantic, httpx, fastapi
2026-10-08T13:58:37.9600510Z 
2026-10-08T13:58:37.9626280Z Successfully installed annotated-doc-0.0.5 annotated-types-0.8.0 anyio-4.15.1 certifi-2026.7.22 click-8.5.0 fastapi-0.143.0 h11-0.16.0 httpcore-1.0.9 httpx-0.28.1 idna-3.20 iniconfig-2.3.1 opentelemetry-api-1.45.1 packaging-26.3 pluggy-1.6.0 pydantic-2.13.5 pydantic-core-2.46.5 pygments-2.21.0 pytest-9.1.1 starlette-1.7.0 typing-extensions-4.16.0 typing-inspection-0.4.4 uvicorn-0.54.0
2026-10-08T13:58:38.0500761Z ##[group]Run python -m pytest -q
2026-10-08T13:58:38.0501102Z [36;1mpython -m pytest -q[0m
2026-10-08T13:58:38.0569117Z shell: /usr/bin/bash -e {0}
2026-10-08T13:58:38.0569374Z env:
2026-10-08T13:58:38.0569651Z   pythonLocation: /opt/hostedtoolcache/Python/3.12.15/x64
2026-10-08T13:58:38.0570121Z   PKG_CONFIG_PATH: /opt/hostedtoolcache/Python/3.12.15/x64/lib/pkgconfig
2026-10-08T13:58:38.0570565Z   Python_ROOT_DIR: /opt/hostedtoolcache/Python/3.12.15/x64
2026-10-08T13:58:38.0570954Z   Python2_ROOT_DIR: /opt/hostedtoolcache/Python/3.12.15/x64
2026-10-08T13:58:38.0571355Z   Python3_ROOT_DIR: /opt/hostedtoolcache/Python/3.12.15/x64
2026-10-08T13:58:38.0571759Z   LD_LIBRARY_PATH: /opt/hostedtoolcache/Python/3.12.15/x64/lib
2026-10-08T13:58:38.0572095Z ##[endgroup]
2026-10-08T13:58:40.2096010Z ............................................. [ 29%]
2026-10-08T13:58:49.1862467Z ................................................. [ 61%]
2026-10-08T13:58:49.3722910Z ............................................ [ 90%]
2026-10-08T13:58:49.4562134Z ...............                                                          [100%]
2026-10-08T13:58:49.4563504Z =============================== warnings summary ===============================
2026-10-08T13:58:49.4564383Z ../../../../../opt/hostedtoolcache/Python/3.12.15/x64/lib/python3.12/site-packages/fastapi/testclient.py:1
2026-10-08T13:58:49.4566213Z   /opt/hostedtoolcache/Python/3.12.15/x64/lib/python3.12/site-packages/fastapi/testclient.py:1: StarletteDeprecationWarning: Using `httpx` with `starlette.testclient` is deprecated; install `httpx2` instead.
2026-10-08T13:58:49.4567762Z     from starlette.testclient import TestClient as TestClient  # noqa
2026-10-08T13:58:49.4568210Z 
2026-10-08T13:58:49.4568551Z -- Docs: https://docs.pytest.org/en/stable/how-to/capture-warnings.html
2026-10-08T13:58:49.4569239Z 153 passed, 1 warning, 150 subtests passed in 10.16s
2026-10-08T13:58:49.5523396Z Post job cleanup.
2026-10-08T13:58:49.6904878Z Post job cleanup.
2026-10-08T13:58:49.7805779Z [command]/usr/bin/git version
2026-10-08T13:58:49.7853018Z git version 2.55.0
2026-10-08T13:58:49.7901881Z Temporarily overriding HOME='/home/runner/work/_temp/33a71949-fc11-49d0-b2fc-cc30a625b118' before making global git config changes
2026-10-08T13:58:49.7903890Z Adding repository directory to the temporary git global config as a safe directory
2026-10-08T13:58:49.7907361Z [command]/usr/bin/git config --global --add safe.directory /home/runner/work/tastetable/tastetable
2026-10-08T13:58:49.7943677Z Removing SSH command configuration
2026-10-08T13:58:49.7950645Z [command]/usr/bin/git config --local --name-only --get-regexp core\.sshCommand
2026-10-08T13:58:49.7991549Z [command]/usr/bin/git submodule foreach --recursive sh -c "git config --local --name-only --get-regexp 'core\.sshCommand' && git config --local --unset-all 'core.sshCommand' || :"
2026-10-08T13:58:49.8252439Z Removing HTTP extra header
2026-10-08T13:58:49.8260199Z [command]/usr/bin/git config --local --name-only --get-regexp http\.https\:\/\/github\.com\/\.extraheader
2026-10-08T13:58:49.8303982Z [command]/usr/bin/git submodule foreach --recursive sh -c "git config --local --name-only --get-regexp 'http\.https\:\/\/github\.com\/\.extraheader' && git config --local --unset-all 'http.https://github.com/.extraheader' || :"
2026-10-08T13:58:49.8599734Z Removing includeIf entries pointing to credentials config files
2026-10-08T13:58:49.8600694Z [command]/usr/bin/git config --local --name-only --get-regexp ^includeIf\.gitdir:
2026-10-08T13:58:49.8639796Z includeif.gitdir:/home/runner/work/tastetable/tastetable/.git.path
2026-10-08T13:58:49.8658199Z includeif.gitdir:/home/runner/work/tastetable/tastetable/.git/worktrees/*.path
2026-10-08T13:58:49.8670608Z includeif.gitdir:/github/workspace/.git.path
2026-10-08T13:58:49.8671877Z includeif.gitdir:/github/workspace/.git/worktrees/*.path
2026-10-08T13:58:49.8675888Z [command]/usr/bin/git config --local --get-all includeif.gitdir:/home/runner/work/tastetable/tastetable/.git.path
2026-10-08T13:58:49.8697072Z /home/runner/work/_temp/git-credentials-e261a6fb-6966-4429-8333-ab44572c5918.config
2026-10-08T13:58:49.8725579Z [command]/usr/bin/git config --local --unset includeif.gitdir:/home/runner/work/tastetable/tastetable/.git.path \/home\/runner\/work\/_temp\/git\-credentials\-e261a6fb\-6966\-4429\-8333\-ab44572c5918\.config
2026-10-08T13:58:49.8794445Z [command]/usr/bin/git config --local --get-all includeif.gitdir:/home/runner/work/tastetable/tastetable/.git/worktrees/*.path
2026-10-08T13:58:49.8811204Z /home/runner/work/_temp/git-credentials-e261a6fb-6966-4429-8333-ab44572c5918.config
2026-10-08T13:58:49.8827618Z [command]/usr/bin/git config --local --unset includeif.gitdir:/home/runner/work/tastetable/tastetable/.git/worktrees/*.path \/home\/runner\/work\/_temp\/git\-credentials\-e261a6fb\-6966\-4429\-8333\-ab44572c5918\.config
2026-10-08T13:58:49.8883127Z [command]/usr/bin/git config --local --get-all includeif.gitdir:/github/workspace/.git.path
2026-10-08T13:58:49.8915119Z /github/runner_temp/git-credentials-e261a6fb-6966-4429-8333-ab44572c5918.config
2026-10-08T13:58:49.8924460Z [command]/usr/bin/git config --local --unset includeif.gitdir:/github/workspace/.git.path \/github\/runner_temp\/git\-credentials\-e261a6fb\-6966\-4429\-8333\-ab44572c5918\.config
2026-10-08T13:58:49.8969399Z [command]/usr/bin/git config --local --get-all includeif.gitdir:/github/workspace/.git/worktrees/*.path
2026-10-08T13:58:49.9001025Z /github/runner_temp/git-credentials-e261a6fb-6966-4429-8333-ab44572c5918.config
2026-10-08T13:58:49.9043999Z [command]/usr/bin/git config --local --unset includeif.gitdir:/github/workspace/.git/worktrees/*.path \/github\/runner_temp\/git\-credentials\-e261a6fb\-6966\-4429\-8333\-ab44572c5918\.config
2026-10-08T13:58:49.9090436Z [command]/usr/bin/git submodule foreach --recursive git config --local --show-origin --name-only --get-regexp remote.origin.url
2026-10-08T13:58:49.9340062Z Removing credentials config '/home/runner/work/_temp/git-credentials-e261a6fb-6966-4429-8333-ab44572c5918.config'
2026-10-08T13:58:49.9516538Z Cleaning up orphan processes
