2026-10-08T19:07:38.2351394Z Current runner version: '2.337.0'
2026-10-08T19:07:38.2376834Z ##[group]Runner Image Provisioner
2026-10-08T19:07:38.2378284Z Hosted Compute Agent
2026-10-08T19:07:38.2379347Z Version: 20261002.596
2026-10-08T19:07:38.2380558Z Commit: c3d12f3313a95f25162a1503be624f3b0617f8c0
2026-10-08T19:07:38.2382198Z Build Date: 2026-10-02T22:28:27Z
2026-10-08T19:07:38.2383581Z Worker ID: {2a7736ab-fc38-47d8-8e17-76e3e7603ff0}
2026-10-08T19:07:38.2385010Z Region: centralus
2026-10-08T19:07:38.2385974Z Cloud: Azure
2026-10-08T19:07:38.2387163Z ##[endgroup]
2026-10-08T19:07:38.2389538Z ##[group]Operating System
2026-10-08T19:07:38.2390604Z Ubuntu
2026-10-08T19:07:38.2391928Z 24.04.5
2026-10-08T19:07:38.2392882Z LTS
2026-10-08T19:07:38.2393903Z ##[endgroup]
2026-10-08T19:07:38.2394876Z ##[group]Runner Image
2026-10-08T19:07:38.2396027Z Image: ubuntu-24.04
2026-10-08T19:07:38.2397074Z Version: 20261004.327.1
2026-10-08T19:07:38.2399200Z Included Software: https://github.com/actions/runner-images/blob/ubuntu24/20261004.327/images/ubuntu/Ubuntu2404-Readme.md
2026-10-08T19:07:38.2402382Z Image Release: https://github.com/actions/runner-images/releases/tag/ubuntu24%2F20261004.327
2026-10-08T19:07:38.2404153Z ##[endgroup]
2026-10-08T19:07:38.2406183Z ##[group]GITHUB_TOKEN Permissions
2026-10-08T19:07:38.2409120Z Contents: read
2026-10-08T19:07:38.2409912Z Metadata: read
2026-10-08T19:07:38.2410507Z ##[endgroup]
2026-10-08T19:07:38.2413335Z Secret source: Actions
2026-10-08T19:07:38.2414294Z Cache mode: write
2026-10-08T19:07:38.2415235Z Prepare workflow directory
2026-10-08T19:07:38.2757586Z Prepare all required actions
2026-10-08T19:07:38.2805120Z Getting action download info
2026-10-08T19:07:38.5552518Z Download action repository 'actions/checkout@3d3c42e5aac5ba805825da76410c181273ba90b1' (SHA:3d3c42e5aac5ba805825da76410c181273ba90b1)
2026-10-08T19:07:38.6773556Z Download action repository 'actions/setup-python@5fda3b95a4ea91299a34e894583c3862153e4b97' (SHA:5fda3b95a4ea91299a34e894583c3862153e4b97)
2026-10-08T19:07:38.8592471Z Complete job name: test
2026-10-08T19:07:38.9378000Z ##[group]Run actions/checkout@3d3c42e5aac5ba805825da76410c181273ba90b1
2026-10-08T19:07:38.9379101Z with:
2026-10-08T19:07:38.9379568Z   repository: Jacob-Met/tastetable
2026-10-08T19:07:38.9383561Z   token: ***
2026-10-08T19:07:38.9384012Z   ssh-strict: true
2026-10-08T19:07:38.9384454Z   ssh-user: git
2026-10-08T19:07:38.9384909Z   persist-credentials: true
2026-10-08T19:07:38.9385405Z   clean: true
2026-10-08T19:07:38.9385861Z   sparse-checkout-cone-mode: true
2026-10-08T19:07:38.9386389Z   fetch-depth: 1
2026-10-08T19:07:38.9386831Z   fetch-tags: false
2026-10-08T19:07:38.9387278Z   show-progress: true
2026-10-08T19:07:38.9387732Z   lfs: false
2026-10-08T19:07:38.9388157Z   submodules: false
2026-10-08T19:07:38.9388616Z   set-safe-directory: true
2026-10-08T19:07:38.9389130Z   allow-unsafe-pr-checkout: false
2026-10-08T19:07:38.9389915Z ##[endgroup]
2026-10-08T19:07:39.0398056Z Syncing repository: Jacob-Met/tastetable
2026-10-08T19:07:39.0400659Z ##[group]Getting Git version info
2026-10-08T19:07:39.0402166Z Working directory is '/home/runner/work/tastetable/tastetable'
2026-10-08T19:07:39.0403992Z [command]/usr/bin/git version
2026-10-08T19:07:39.0475602Z git version 2.55.0
2026-10-08T19:07:39.0505449Z ##[endgroup]
2026-10-08T19:07:39.0519558Z Temporarily overriding HOME='/home/runner/work/_temp/41a8ddf0-fa10-47cb-8c3a-1688b411eb64' before making global git config changes
2026-10-08T19:07:39.0522330Z Adding repository directory to the temporary git global config as a safe directory
2026-10-08T19:07:39.0524656Z [command]/usr/bin/git config --global --add safe.directory /home/runner/work/tastetable/tastetable
2026-10-08T19:07:39.0573842Z Deleting the contents of '/home/runner/work/tastetable/tastetable'
2026-10-08T19:07:39.0577399Z ##[group]Determining repository object format
2026-10-08T19:07:39.0579093Z ##[endgroup]
2026-10-08T19:07:39.0580376Z ##[group]Initializing the repository
2026-10-08T19:07:39.0584564Z [command]/usr/bin/git init /home/runner/work/tastetable/tastetable
2026-10-08T19:07:39.0703152Z hint: Using 'master' as the name for the initial branch. This default branch name
2026-10-08T19:07:39.0704894Z hint: will change to "main" in Git 3.0. To configure the initial branch name
2026-10-08T19:07:39.0707518Z hint: to use in all of your new repositories, which will suppress this warning,
2026-10-08T19:07:39.0708777Z hint: call:
2026-10-08T19:07:39.0709406Z hint:
2026-10-08T19:07:39.0710212Z hint: 	git config --global init.defaultBranch <name>
2026-10-08T19:07:39.0711258Z hint:
2026-10-08T19:07:39.0712462Z hint: Names commonly chosen instead of 'master' are 'main', 'trunk' and
2026-10-08T19:07:39.0713972Z hint: 'development'. The just-created branch can be renamed via this command:
2026-10-08T19:07:39.0715168Z hint:
2026-10-08T19:07:39.0715822Z hint: 	git branch -m <name>
2026-10-08T19:07:39.0716656Z hint:
2026-10-08T19:07:39.0717719Z hint: Disable this message with "git config set advice.defaultBranchName false"
2026-10-08T19:07:39.0719423Z Initialized empty Git repository in /home/runner/work/tastetable/tastetable/.git/
2026-10-08T19:07:39.0722296Z [command]/usr/bin/git remote add origin https://github.com/Jacob-Met/tastetable
2026-10-08T19:07:39.0775817Z ##[endgroup]
2026-10-08T19:07:39.0777106Z ##[group]Disabling automatic garbage collection
2026-10-08T19:07:39.0779348Z [command]/usr/bin/git config --local gc.auto 0
2026-10-08T19:07:39.0853919Z ##[endgroup]
2026-10-08T19:07:39.0863302Z ##[group]Setting up auth
2026-10-08T19:07:39.0864252Z Removing SSH command configuration
2026-10-08T19:07:39.0865529Z [command]/usr/bin/git config --local --name-only --get-regexp core\.sshCommand
2026-10-08T19:07:39.0904140Z [command]/usr/bin/git submodule foreach --recursive sh -c "git config --local --name-only --get-regexp 'core\.sshCommand' && git config --local --unset-all 'core.sshCommand' || :"
2026-10-08T19:07:39.1246383Z Removing HTTP extra header
2026-10-08T19:07:39.1252253Z [command]/usr/bin/git config --local --name-only --get-regexp http\.https\:\/\/github\.com\/\.extraheader
2026-10-08T19:07:39.1292697Z [command]/usr/bin/git submodule foreach --recursive sh -c "git config --local --name-only --get-regexp 'http\.https\:\/\/github\.com\/\.extraheader' && git config --local --unset-all 'http.https://github.com/.extraheader' || :"
2026-10-08T19:07:39.1514656Z Removing includeIf entries pointing to credentials config files
2026-10-08T19:07:39.1520185Z [command]/usr/bin/git config --local --name-only --get-regexp ^includeIf\.gitdir:
2026-10-08T19:07:39.1563200Z [command]/usr/bin/git submodule foreach --recursive git config --local --show-origin --name-only --get-regexp remote.origin.url
2026-10-08T19:07:39.1792480Z [command]/usr/bin/git config --file /home/runner/work/_temp/git-credentials-9756d36f-7154-49fd-b851-75a262db39fa.config http.https://github.com/.extraheader AUTHORIZATION: basic ***
2026-10-08T19:07:39.1832920Z [command]/usr/bin/git config --local includeIf.gitdir:/home/runner/work/tastetable/tastetable/.git.path /home/runner/work/_temp/git-credentials-9756d36f-7154-49fd-b851-75a262db39fa.config
2026-10-08T19:07:39.1869876Z [command]/usr/bin/git config --local includeIf.gitdir:/home/runner/work/tastetable/tastetable/.git/worktrees/*.path /home/runner/work/_temp/git-credentials-9756d36f-7154-49fd-b851-75a262db39fa.config
2026-10-08T19:07:39.1912911Z [command]/usr/bin/git config --local includeIf.gitdir:/github/workspace/.git.path /github/runner_temp/git-credentials-9756d36f-7154-49fd-b851-75a262db39fa.config
2026-10-08T19:07:39.1948286Z [command]/usr/bin/git config --local includeIf.gitdir:/github/workspace/.git/worktrees/*.path /github/runner_temp/git-credentials-9756d36f-7154-49fd-b851-75a262db39fa.config
2026-10-08T19:07:39.1980383Z ##[endgroup]
2026-10-08T19:07:39.1981845Z ##[group]Fetching the repository
2026-10-08T19:07:39.1986529Z [command]/usr/bin/git -c protocol.version=2 fetch --no-tags --prune --no-recurse-submodules --depth=1 origin +2162a14ed49ed1fe5291add56bfde3fdbcdaa8cf:refs/remotes/pull/46/merge
2026-10-08T19:07:40.5051094Z From https://github.com/Jacob-Met/tastetable
2026-10-08T19:07:40.5054793Z  * [new ref]         2162a14ed49ed1fe5291add56bfde3fdbcdaa8cf -> pull/46/merge
2026-10-08T19:07:40.5063579Z ##[endgroup]
2026-10-08T19:07:40.5064703Z ##[group]Determining the checkout info
2026-10-08T19:07:40.5076884Z ##[endgroup]
2026-10-08T19:07:40.5077699Z [command]/usr/bin/git sparse-checkout disable
2026-10-08T19:07:40.5126422Z [command]/usr/bin/git config --local --unset-all extensions.worktreeConfig
2026-10-08T19:07:40.5164693Z ##[group]Checking out the ref
2026-10-08T19:07:40.5172696Z [command]/usr/bin/git checkout --progress --force refs/remotes/pull/46/merge
2026-10-08T19:07:40.5848354Z Note: switching to 'refs/remotes/pull/46/merge'.
2026-10-08T19:07:40.5849566Z 
2026-10-08T19:07:40.5850467Z You are in 'detached HEAD' state. You can look around, make experimental
2026-10-08T19:07:40.5852496Z changes and commit them, and you can discard any commits you make in this
2026-10-08T19:07:40.5854354Z state without impacting any branches by switching back to a branch.
2026-10-08T19:07:40.5855265Z 
2026-10-08T19:07:40.5855844Z If you want to create a new branch to retain commits you create, you may
2026-10-08T19:07:40.5857791Z do so (now or later) by using -c with the switch command. Example:
2026-10-08T19:07:40.5859213Z 
2026-10-08T19:07:40.5859794Z   git switch -c <new-branch-name>
2026-10-08T19:07:40.5860731Z 
2026-10-08T19:07:40.5861246Z Or undo this operation with:
2026-10-08T19:07:40.5862279Z 
2026-10-08T19:07:40.5862764Z   git switch -
2026-10-08T19:07:40.5863481Z 
2026-10-08T19:07:40.5864642Z Turn off this advice by setting config variable advice.detachedHead to false
2026-10-08T19:07:40.5866449Z 
2026-10-08T19:07:40.5868326Z HEAD is now at 2162a14 Merge eb3228b7c9bccff0419002133b935ea93e1a34fd into 2b347cee4ff4e2b806362730a8520a3360b45f5a
2026-10-08T19:07:40.5872986Z ##[endgroup]
2026-10-08T19:07:40.5915563Z [command]/usr/bin/git log -1 --format=%H
2026-10-08T19:07:40.5944785Z 2162a14ed49ed1fe5291add56bfde3fdbcdaa8cf
2026-10-08T19:07:40.6354001Z ##[group]Run actions/setup-python@5fda3b95a4ea91299a34e894583c3862153e4b97
2026-10-08T19:07:40.6355800Z with:
2026-10-08T19:07:40.6356738Z   python-version: 3.12
2026-10-08T19:07:40.6357804Z   check-latest: false
2026-10-08T19:07:40.6368309Z   token: ***
2026-10-08T19:07:40.6369315Z   update-environment: true
2026-10-08T19:07:40.6435338Z   allow-prereleases: false
2026-10-08T19:07:40.6436694Z   freethreaded: false
2026-10-08T19:07:40.6437781Z ##[endgroup]
2026-10-08T19:07:40.7610647Z ##[group]Installed versions
2026-10-08T19:07:40.7698407Z Successfully set up CPython (3.12.15)
2026-10-08T19:07:40.7701216Z ##[endgroup]
2026-10-08T19:07:40.7933728Z ##[group]Run pip install -r requirements.txt
2026-10-08T19:07:40.7935812Z [36;1mpip install -r requirements.txt[0m
2026-10-08T19:07:40.8244408Z shell: /usr/bin/bash -e {0}
2026-10-08T19:07:40.8245510Z env:
2026-10-08T19:07:40.8246582Z   pythonLocation: /opt/hostedtoolcache/Python/3.12.15/x64
2026-10-08T19:07:40.8248368Z   PKG_CONFIG_PATH: /opt/hostedtoolcache/Python/3.12.15/x64/lib/pkgconfig
2026-10-08T19:07:40.8250220Z   Python_ROOT_DIR: /opt/hostedtoolcache/Python/3.12.15/x64
2026-10-08T19:07:40.8251992Z   Python2_ROOT_DIR: /opt/hostedtoolcache/Python/3.12.15/x64
2026-10-08T19:07:40.8253574Z   Python3_ROOT_DIR: /opt/hostedtoolcache/Python/3.12.15/x64
2026-10-08T19:07:40.8255185Z   LD_LIBRARY_PATH: /opt/hostedtoolcache/Python/3.12.15/x64/lib
2026-10-08T19:07:40.8256503Z ##[endgroup]
2026-10-08T19:07:41.7477647Z Collecting fastapi>=0.110 (from -r requirements.txt (line 1))
2026-10-08T19:07:41.8246398Z   Downloading fastapi-0.143.0-py3-none-any.whl.metadata (26 kB)
2026-10-08T19:07:41.8742243Z Collecting uvicorn>=0.29 (from -r requirements.txt (line 2))
2026-10-08T19:07:41.8874332Z   Downloading uvicorn-0.54.0-py3-none-any.whl.metadata (6.6 kB)
2026-10-08T19:07:41.9156078Z Collecting httpx>=0.27 (from -r requirements.txt (line 3))
2026-10-08T19:07:41.9287178Z   Downloading httpx-0.28.1-py3-none-any.whl.metadata (7.1 kB)
2026-10-08T19:07:41.9686243Z Collecting pytest>=8 (from -r requirements.txt (line 4))
2026-10-08T19:07:41.9819395Z   Downloading pytest-9.1.1-py3-none-any.whl.metadata (7.6 kB)
2026-10-08T19:07:42.0298163Z Collecting starlette>=0.46.0 (from fastapi>=0.110->-r requirements.txt (line 1))
2026-10-08T19:07:42.0428370Z   Downloading starlette-1.7.0-py3-none-any.whl.metadata (6.6 kB)
2026-10-08T19:07:42.1803674Z Collecting pydantic>=2.9.0 (from fastapi>=0.110->-r requirements.txt (line 1))
2026-10-08T19:07:42.1940633Z   Downloading pydantic-2.14.0-py3-none-any.whl.metadata (131 kB)
2026-10-08T19:07:42.2538314Z Collecting typing-extensions>=4.8.0 (from fastapi>=0.110->-r requirements.txt (line 1))
2026-10-08T19:07:42.2673228Z   Downloading typing_extensions-4.16.0-py3-none-any.whl.metadata (3.3 kB)
2026-10-08T19:07:42.2878786Z Collecting typing-inspection>=0.4.2 (from fastapi>=0.110->-r requirements.txt (line 1))
2026-10-08T19:07:42.3010319Z   Downloading typing_inspection-0.4.4-py3-none-any.whl.metadata (2.6 kB)
2026-10-08T19:07:42.3211409Z Collecting annotated-doc>=0.0.2 (from fastapi>=0.110->-r requirements.txt (line 1))
2026-10-08T19:07:42.3343335Z   Downloading annotated_doc-0.0.5-py3-none-any.whl.metadata (6.5 kB)
2026-10-08T19:07:42.3635541Z Collecting opentelemetry-api>=1.44.0 (from fastapi>=0.110->-r requirements.txt (line 1))
2026-10-08T19:07:42.3769923Z   Downloading opentelemetry_api-1.45.1-py3-none-any.whl.metadata (1.4 kB)
2026-10-08T19:07:42.4044571Z Collecting click>=7.0 (from uvicorn>=0.29->-r requirements.txt (line 2))
2026-10-08T19:07:42.4177820Z   Downloading click-8.5.0-py3-none-any.whl.metadata (2.6 kB)
2026-10-08T19:07:42.4392440Z Collecting h11>=0.8 (from uvicorn>=0.29->-r requirements.txt (line 2))
2026-10-08T19:07:42.4530794Z   Downloading h11-0.16.0-py3-none-any.whl.metadata (8.3 kB)
2026-10-08T19:07:42.4840754Z Collecting anyio (from httpx>=0.27->-r requirements.txt (line 3))
2026-10-08T19:07:42.4975551Z   Downloading anyio-4.15.1-py3-none-any.whl.metadata (4.7 kB)
2026-10-08T19:07:42.5291208Z Collecting certifi (from httpx>=0.27->-r requirements.txt (line 3))
2026-10-08T19:07:42.5424132Z   Downloading certifi-2026.7.22-py3-none-any.whl.metadata (2.5 kB)
2026-10-08T19:07:42.5691428Z Collecting httpcore==1.* (from httpx>=0.27->-r requirements.txt (line 3))
2026-10-08T19:07:42.5824918Z   Downloading httpcore-1.0.9-py3-none-any.whl.metadata (21 kB)
2026-10-08T19:07:42.6090579Z Collecting idna (from httpx>=0.27->-r requirements.txt (line 3))
2026-10-08T19:07:42.6223776Z   Downloading idna-3.20-py3-none-any.whl.metadata (7.2 kB)
2026-10-08T19:07:42.6447509Z Collecting iniconfig>=1.0.1 (from pytest>=8->-r requirements.txt (line 4))
2026-10-08T19:07:42.6579282Z   Downloading iniconfig-2.3.1-py3-none-any.whl.metadata (2.8 kB)
2026-10-08T19:07:42.6837179Z Collecting packaging>=22 (from pytest>=8->-r requirements.txt (line 4))
2026-10-08T19:07:42.6979329Z   Downloading packaging-26.3-py3-none-any.whl.metadata (3.5 kB)
2026-10-08T19:07:42.7199780Z Collecting pluggy<2,>=1.5 (from pytest>=8->-r requirements.txt (line 4))
2026-10-08T19:07:42.7330589Z   Downloading pluggy-1.6.0-py3-none-any.whl.metadata (4.8 kB)
2026-10-08T19:07:42.7623928Z Collecting pygments>=2.7.2 (from pytest>=8->-r requirements.txt (line 4))
2026-10-08T19:07:42.7755182Z   Downloading pygments-2.21.0-py3-none-any.whl.metadata (2.5 kB)
2026-10-08T19:07:42.7997632Z Collecting annotated-types>=0.6.0 (from pydantic>=2.9.0->fastapi>=0.110->-r requirements.txt (line 1))
2026-10-08T19:07:42.8129468Z   Downloading annotated_types-0.8.0-py3-none-any.whl.metadata (15 kB)
2026-10-08T19:07:43.6054208Z Collecting pydantic-core==2.50.0 (from pydantic>=2.9.0->fastapi>=0.110->-r requirements.txt (line 1))
2026-10-08T19:07:43.6190828Z   Downloading pydantic_core-2.50.0-cp312-cp312-manylinux_2_17_x86_64.manylinux2014_x86_64.whl.metadata (6.5 kB)
2026-10-08T19:07:43.6460263Z Downloading fastapi-0.143.0-py3-none-any.whl (144 kB)
2026-10-08T19:07:43.6739628Z Downloading uvicorn-0.54.0-py3-none-any.whl (87 kB)
2026-10-08T19:07:43.6893993Z Downloading httpx-0.28.1-py3-none-any.whl (73 kB)
2026-10-08T19:07:43.7046918Z Downloading httpcore-1.0.9-py3-none-any.whl (78 kB)
2026-10-08T19:07:43.7203934Z Downloading pytest-9.1.1-py3-none-any.whl (386 kB)
2026-10-08T19:07:43.7489078Z Downloading pluggy-1.6.0-py3-none-any.whl (20 kB)
2026-10-08T19:07:43.7639960Z Downloading annotated_doc-0.0.5-py3-none-any.whl (5.3 kB)
2026-10-08T19:07:43.7789035Z Downloading click-8.5.0-py3-none-any.whl (125 kB)
2026-10-08T19:07:43.7941643Z Downloading h11-0.16.0-py3-none-any.whl (37 kB)
2026-10-08T19:07:43.8099634Z Downloading iniconfig-2.3.1-py3-none-any.whl (7.6 kB)
2026-10-08T19:07:43.8252852Z Downloading opentelemetry_api-1.45.1-py3-none-any.whl (60 kB)
2026-10-08T19:07:43.8404885Z Downloading packaging-26.3-py3-none-any.whl (129 kB)
2026-10-08T19:07:43.8558012Z Downloading pydantic-2.14.0-py3-none-any.whl (487 kB)
2026-10-08T19:07:43.8749046Z Downloading pydantic_core-2.50.0-cp312-cp312-manylinux_2_17_x86_64.manylinux2014_x86_64.whl (2.2 MB)
2026-10-08T19:07:43.9077856Z    ━━━━━━━━━━━━━━━━━━━━━━━━━━━━━━━━━━━━━━━━ 2.2/2.2 MB 63.1 MB/s  0:00:00
2026-10-08T19:07:43.9212253Z Downloading annotated_types-0.8.0-py3-none-any.whl (13 kB)
2026-10-08T19:07:43.9360707Z Downloading pygments-2.21.0-py3-none-any.whl (1.3 MB)
2026-10-08T19:07:43.9429224Z    ━━━━━━━━━━━━━━━━━━━━━━━━━━━━━━━━━━━━━━━━ 1.3/1.3 MB 213.9 MB/s  0:00:00
2026-10-08T19:07:43.9559181Z Downloading starlette-1.7.0-py3-none-any.whl (78 kB)
2026-10-08T19:07:43.9710457Z Downloading anyio-4.15.1-py3-none-any.whl (132 kB)
2026-10-08T19:07:43.9862053Z Downloading idna-3.20-py3-none-any.whl (69 kB)
2026-10-08T19:07:44.0016809Z Downloading typing_extensions-4.16.0-py3-none-any.whl (45 kB)
2026-10-08T19:07:44.0168621Z Downloading typing_inspection-0.4.4-py3-none-any.whl (14 kB)
2026-10-08T19:07:44.0320622Z Downloading certifi-2026.7.22-py3-none-any.whl (136 kB)
2026-10-08T19:07:44.1628242Z Installing collected packages: typing-extensions, pygments, pluggy, packaging, iniconfig, idna, h11, click, certifi, annotated-types, annotated-doc, uvicorn, typing-inspection, pytest, pydantic-core, opentelemetry-api, httpcore, anyio, starlette, pydantic, httpx, fastapi
2026-10-08T19:07:46.3659107Z 
2026-10-08T19:07:46.3684138Z Successfully installed annotated-doc-0.0.5 annotated-types-0.8.0 anyio-4.15.1 certifi-2026.7.22 click-8.5.0 fastapi-0.143.0 h11-0.16.0 httpcore-1.0.9 httpx-0.28.1 idna-3.20 iniconfig-2.3.1 opentelemetry-api-1.45.1 packaging-26.3 pluggy-1.6.0 pydantic-2.14.0 pydantic-core-2.50.0 pygments-2.21.0 pytest-9.1.1 starlette-1.7.0 typing-extensions-4.16.0 typing-inspection-0.4.4 uvicorn-0.54.0
2026-10-08T19:07:46.4543434Z ##[group]Run python -m pytest -q
2026-10-08T19:07:46.4543766Z [36;1mpython -m pytest -q[0m
2026-10-08T19:07:46.4610488Z shell: /usr/bin/bash -e {0}
2026-10-08T19:07:46.4610742Z env:
2026-10-08T19:07:46.4611008Z   pythonLocation: /opt/hostedtoolcache/Python/3.12.15/x64
2026-10-08T19:07:46.4611459Z   PKG_CONFIG_PATH: /opt/hostedtoolcache/Python/3.12.15/x64/lib/pkgconfig
2026-10-08T19:07:46.4612204Z   Python_ROOT_DIR: /opt/hostedtoolcache/Python/3.12.15/x64
2026-10-08T19:07:46.4612595Z   Python2_ROOT_DIR: /opt/hostedtoolcache/Python/3.12.15/x64
2026-10-08T19:07:46.4613005Z   Python3_ROOT_DIR: /opt/hostedtoolcache/Python/3.12.15/x64
2026-10-08T19:07:46.4613395Z   LD_LIBRARY_PATH: /opt/hostedtoolcache/Python/3.12.15/x64/lib
2026-10-08T19:07:46.4613721Z ##[endgroup]
2026-10-08T19:07:47.9773112Z ............................................. [ 24%]
2026-10-08T19:08:01.1580766Z ................................................F.......F..................................... [ 75%]
2026-10-08T19:08:01.3724787Z ............................................         [100%]
2026-10-08T19:08:01.3725811Z =================================== FAILURES ===================================
2026-10-08T19:08:01.3726624Z _ SavedWeekCalendarTests.test_existing_identity_cannot_be_replaced_even_explicitly _
2026-10-08T19:08:01.3727196Z 
2026-10-08T19:08:01.3727813Z self = <test_saved_week_calendar.SavedWeekCalendarTests testMethod=test_existing_identity_cannot_be_replaced_even_explicitly>
2026-10-08T19:08:01.3728608Z 
2026-10-08T19:08:01.3729305Z     def test_existing_identity_cannot_be_replaced_even_explicitly(self):
2026-10-08T19:08:01.3730295Z         result = self.command(["--input", str(self.input), "--output", str(self.output), "--new-calendar"])
2026-10-08T19:08:01.3731000Z         self.refused(result)
2026-10-08T19:08:01.3731518Z         self.assertIn(b"already has a calendar identity", result.stderr)
2026-10-08T19:08:01.3732545Z         fixed = self.envelope["calendarId"]
2026-10-08T19:08:01.3733217Z >       response = self.api(self.input.read_text(), {"newCalendarId": fixed})
2026-10-08T19:08:01.3733871Z                    ^^^^^^^^^^^^^^^^^^^^^^^^^^^^^^^^^^^^^^^^^^^^^^^^^^^^^^^^^^
2026-10-08T19:08:01.3734223Z 
2026-10-08T19:08:01.3734387Z tests/test_saved_week_calendar.py:266: 
2026-10-08T19:08:01.3734909Z _ _ _ _ _ _ _ _ _ _ _ _ _ _ _ _ _ _ _ _ _ _ _ _ _ _ _ _ _ _ _ _ _ _ _ _ _ _ _ _ 
2026-10-08T19:08:01.3735463Z tests/test_saved_week_calendar.py:201: in api
2026-10-08T19:08:01.3736163Z     self.assertEqual(result.returncode, 0, result.stderr.decode("utf-8", "replace"))
2026-10-08T19:08:01.3737032Z E   AssertionError: 2 != 0 : tastetable-calendar: --input is required. Use --help.
2026-10-08T19:08:01.3737939Z _ SavedWeekCalendarTests.test_pure_api_with_explicit_new_identity_matches_unchanged_writer _
2026-10-08T19:08:01.3738540Z 
2026-10-08T19:08:01.3739201Z self = <test_saved_week_calendar.SavedWeekCalendarTests testMethod=test_pure_api_with_explicit_new_identity_matches_unchanged_writer>
2026-10-08T19:08:01.3740042Z 
2026-10-08T19:08:01.3740374Z     def test_pure_api_with_explicit_new_identity_matches_unchanged_writer(self):
2026-10-08T19:08:01.3741047Z         value = copy.deepcopy(self.envelope)
2026-10-08T19:08:01.3741496Z         value["calendarId"] = None
2026-10-08T19:08:01.3742124Z         raw = self.fixture(value)
2026-10-08T19:08:01.3742574Z         identity = "fedcba9876543210fedcba9876543210"
2026-10-08T19:08:01.3743156Z >       result = self.api(raw.decode(), {"newCalendarId": identity})
2026-10-08T19:08:01.3743739Z                  ^^^^^^^^^^^^^^^^^^^^^^^^^^^^^^^^^^^^^^^^^^^^^^^^^^^
2026-10-08T19:08:01.3744057Z 
2026-10-08T19:08:01.3744212Z tests/test_saved_week_calendar.py:274: 
2026-10-08T19:08:01.3744713Z _ _ _ _ _ _ _ _ _ _ _ _ _ _ _ _ _ _ _ _ _ _ _ _ _ _ _ _ _ _ _ _ _ _ _ _ _ _ _ _ 
2026-10-08T19:08:01.3745281Z tests/test_saved_week_calendar.py:201: in api
2026-10-08T19:08:01.3745949Z     self.assertEqual(result.returncode, 0, result.stderr.decode("utf-8", "replace"))
2026-10-08T19:08:01.3747098Z E   AssertionError: 2 != 0 : tastetable-calendar: --input is required. Use --help.
2026-10-08T19:08:01.3747832Z =============================== warnings summary ===============================
2026-10-08T19:08:01.3748652Z ../../../../../opt/hostedtoolcache/Python/3.12.15/x64/lib/python3.12/site-packages/fastapi/testclient.py:1
2026-10-08T19:08:01.3750319Z   /opt/hostedtoolcache/Python/3.12.15/x64/lib/python3.12/site-packages/fastapi/testclient.py:1: StarletteDeprecationWarning: Using `httpx` with `starlette.testclient` is deprecated; install `httpx2` instead.
2026-10-08T19:08:01.3752017Z     from starlette.testclient import TestClient as TestClient  # noqa
2026-10-08T19:08:01.3752455Z 
2026-10-08T19:08:01.3752781Z -- Docs: https://docs.pytest.org/en/stable/how-to/capture-warnings.html
2026-10-08T19:08:01.3753482Z =========================== short test summary info ============================
2026-10-08T19:08:01.3755019Z FAILED tests/test_saved_week_calendar.py::SavedWeekCalendarTests::test_existing_identity_cannot_be_replaced_even_explicitly - AssertionError: 2 != 0 : tastetable-calendar: --input is required. Use --help.
2026-10-08T19:08:01.3757199Z FAILED tests/test_saved_week_calendar.py::SavedWeekCalendarTests::test_pure_api_with_explicit_new_identity_matches_unchanged_writer - AssertionError: 2 != 0 : tastetable-calendar: --input is required. Use --help.
2026-10-08T19:08:01.3758652Z 2 failed, 181 passed, 1 warning, 241 subtests passed in 14.27s
2026-10-08T19:08:01.4553236Z ##[error]Process completed with exit code 1.
2026-10-08T19:08:01.4704529Z Post job cleanup.
2026-10-08T19:08:01.5543061Z [command]/usr/bin/git version
2026-10-08T19:08:01.5595839Z git version 2.55.0
2026-10-08T19:08:01.5634913Z Temporarily overriding HOME='/home/runner/work/_temp/706cf860-5a50-4a4d-ae3b-7a635c0f597c' before making global git config changes
2026-10-08T19:08:01.5636532Z Adding repository directory to the temporary git global config as a safe directory
2026-10-08T19:08:01.5640352Z [command]/usr/bin/git config --global --add safe.directory /home/runner/work/tastetable/tastetable
2026-10-08T19:08:01.5675628Z Removing SSH command configuration
2026-10-08T19:08:01.5682701Z [command]/usr/bin/git config --local --name-only --get-regexp core\.sshCommand
2026-10-08T19:08:01.5720731Z [command]/usr/bin/git submodule foreach --recursive sh -c "git config --local --name-only --get-regexp 'core\.sshCommand' && git config --local --unset-all 'core.sshCommand' || :"
2026-10-08T19:08:01.5983402Z Removing HTTP extra header
2026-10-08T19:08:01.5989188Z [command]/usr/bin/git config --local --name-only --get-regexp http\.https\:\/\/github\.com\/\.extraheader
2026-10-08T19:08:01.6034967Z [command]/usr/bin/git submodule foreach --recursive sh -c "git config --local --name-only --get-regexp 'http\.https\:\/\/github\.com\/\.extraheader' && git config --local --unset-all 'http.https://github.com/.extraheader' || :"
2026-10-08T19:08:01.6297443Z Removing includeIf entries pointing to credentials config files
2026-10-08T19:08:01.6306446Z [command]/usr/bin/git config --local --name-only --get-regexp ^includeIf\.gitdir:
2026-10-08T19:08:01.6346947Z includeif.gitdir:/home/runner/work/tastetable/tastetable/.git.path
2026-10-08T19:08:01.6348062Z includeif.gitdir:/home/runner/work/tastetable/tastetable/.git/worktrees/*.path
2026-10-08T19:08:01.6348678Z includeif.gitdir:/github/workspace/.git.path
2026-10-08T19:08:01.6349171Z includeif.gitdir:/github/workspace/.git/worktrees/*.path
2026-10-08T19:08:01.6357661Z [command]/usr/bin/git config --local --get-all includeif.gitdir:/home/runner/work/tastetable/tastetable/.git.path
2026-10-08T19:08:01.6387613Z /home/runner/work/_temp/git-credentials-9756d36f-7154-49fd-b851-75a262db39fa.config
2026-10-08T19:08:01.6409862Z [command]/usr/bin/git config --local --unset includeif.gitdir:/home/runner/work/tastetable/tastetable/.git.path \/home\/runner\/work\/_temp\/git\-credentials\-9756d36f\-7154\-49fd\-b851\-75a262db39fa\.config
2026-10-08T19:08:01.6448717Z [command]/usr/bin/git config --local --get-all includeif.gitdir:/home/runner/work/tastetable/tastetable/.git/worktrees/*.path
2026-10-08T19:08:01.6493389Z /home/runner/work/_temp/git-credentials-9756d36f-7154-49fd-b851-75a262db39fa.config
2026-10-08T19:08:01.6504017Z [command]/usr/bin/git config --local --unset includeif.gitdir:/home/runner/work/tastetable/tastetable/.git/worktrees/*.path \/home\/runner\/work\/_temp\/git\-credentials\-9756d36f\-7154\-49fd\-b851\-75a262db39fa\.config
2026-10-08T19:08:01.6547140Z [command]/usr/bin/git config --local --get-all includeif.gitdir:/github/workspace/.git.path
2026-10-08T19:08:01.6575526Z /github/runner_temp/git-credentials-9756d36f-7154-49fd-b851-75a262db39fa.config
2026-10-08T19:08:01.6584883Z [command]/usr/bin/git config --local --unset includeif.gitdir:/github/workspace/.git.path \/github\/runner_temp\/git\-credentials\-9756d36f\-7154\-49fd\-b851\-75a262db39fa\.config
2026-10-08T19:08:01.6626340Z [command]/usr/bin/git config --local --get-all includeif.gitdir:/github/workspace/.git/worktrees/*.path
2026-10-08T19:08:01.6652440Z /github/runner_temp/git-credentials-9756d36f-7154-49fd-b851-75a262db39fa.config
2026-10-08T19:08:01.6660666Z [command]/usr/bin/git config --local --unset includeif.gitdir:/github/workspace/.git/worktrees/*.path \/github\/runner_temp\/git\-credentials\-9756d36f\-7154\-49fd\-b851\-75a262db39fa\.config
2026-10-08T19:08:01.6698133Z [command]/usr/bin/git submodule foreach --recursive git config --local --show-origin --name-only --get-regexp remote.origin.url
2026-10-08T19:08:01.6922368Z Removing credentials config '/home/runner/work/_temp/git-credentials-9756d36f-7154-49fd-b851-75a262db39fa.config'
2026-10-08T19:08:01.7065785Z Cleaning up orphan processes
