2026-10-08T15:36:38.8953685Z Current runner version: '2.337.0'
2026-10-08T15:36:38.8979436Z ##[group]Runner Image Provisioner
2026-10-08T15:36:38.8980305Z Hosted Compute Agent
2026-10-08T15:36:38.8981050Z Version: 20261002.596
2026-10-08T15:36:38.8981808Z Commit: c3d12f3313a95f25162a1503be624f3b0617f8c0
2026-10-08T15:36:38.8982535Z Build Date: 2026-10-02T22:28:27Z
2026-10-08T15:36:38.8983308Z Worker ID: {a715f58f-ea68-47e6-94a8-918d30773bfc}
2026-10-08T15:36:38.8984036Z Region: eastus
2026-10-08T15:36:38.8984728Z Cloud: Azure
2026-10-08T15:36:38.8985293Z ##[endgroup]
2026-10-08T15:36:38.8987006Z ##[group]Operating System
2026-10-08T15:36:38.8987774Z Ubuntu
2026-10-08T15:36:38.8988321Z 24.04.5
2026-10-08T15:36:38.8988945Z LTS
2026-10-08T15:36:38.8989482Z ##[endgroup]
2026-10-08T15:36:38.8990040Z ##[group]Runner Image
2026-10-08T15:36:38.8990683Z Image: ubuntu-24.04
2026-10-08T15:36:38.8991258Z Version: 20261004.327.1
2026-10-08T15:36:38.8992646Z Included Software: https://github.com/actions/runner-images/blob/ubuntu24/20261004.327/images/ubuntu/Ubuntu2404-Readme.md
2026-10-08T15:36:38.8994290Z Image Release: https://github.com/actions/runner-images/releases/tag/ubuntu24%2F20261004.327
2026-10-08T15:36:38.8995404Z ##[endgroup]
2026-10-08T15:36:38.8996929Z ##[group]GITHUB_TOKEN Permissions
2026-10-08T15:36:38.8999285Z Contents: read
2026-10-08T15:36:38.8999939Z Metadata: read
2026-10-08T15:36:38.9000585Z ##[endgroup]
2026-10-08T15:36:38.9003229Z Secret source: Actions
2026-10-08T15:36:38.9004336Z Cache mode: write
2026-10-08T15:36:38.9005304Z Prepare workflow directory
2026-10-08T15:36:38.9347896Z Prepare all required actions
2026-10-08T15:36:38.9396235Z Getting action download info
2026-10-08T15:36:39.1481087Z Download action repository 'actions/checkout@3d3c42e5aac5ba805825da76410c181273ba90b1' (SHA:3d3c42e5aac5ba805825da76410c181273ba90b1)
2026-10-08T15:36:39.4945801Z Download action repository 'actions/upload-artifact@ea165f8d65b6e75b540449e92b4886f43607fa02' (SHA:ea165f8d65b6e75b540449e92b4886f43607fa02)
2026-10-08T15:36:39.7509852Z Complete job name: receive-week
2026-10-08T15:36:39.8479267Z ##[group]Run actions/checkout@3d3c42e5aac5ba805825da76410c181273ba90b1
2026-10-08T15:36:39.8480467Z with:
2026-10-08T15:36:39.8480984Z   repository: Jacob-Met/tastetable
2026-10-08T15:36:39.8484873Z   token: ***
2026-10-08T15:36:39.8485366Z   ssh-strict: true
2026-10-08T15:36:39.8485853Z   ssh-user: git
2026-10-08T15:36:39.8486352Z   persist-credentials: true
2026-10-08T15:36:39.8487218Z   clean: true
2026-10-08T15:36:39.8487730Z   sparse-checkout-cone-mode: true
2026-10-08T15:36:39.8488307Z   fetch-depth: 1
2026-10-08T15:36:39.8488787Z   fetch-tags: false
2026-10-08T15:36:39.8489287Z   show-progress: true
2026-10-08T15:36:39.8489782Z   lfs: false
2026-10-08T15:36:39.8490255Z   submodules: false
2026-10-08T15:36:39.8490770Z   set-safe-directory: true
2026-10-08T15:36:39.8491332Z   allow-unsafe-pr-checkout: false
2026-10-08T15:36:39.8492230Z ##[endgroup]
2026-10-08T15:36:39.9670677Z Syncing repository: Jacob-Met/tastetable
2026-10-08T15:36:39.9674159Z ##[group]Getting Git version info
2026-10-08T15:36:39.9675741Z Working directory is '/home/runner/work/tastetable/tastetable'
2026-10-08T15:36:39.9678423Z [command]/usr/bin/git version
2026-10-08T15:36:40.0828998Z git version 2.55.0
2026-10-08T15:36:40.0852094Z ##[endgroup]
2026-10-08T15:36:40.0864167Z Temporarily overriding HOME='/home/runner/work/_temp/8d339a5d-39f8-4e45-a40f-e8b41b1c86a4' before making global git config changes
2026-10-08T15:36:40.0867202Z Adding repository directory to the temporary git global config as a safe directory
2026-10-08T15:36:40.0869481Z [command]/usr/bin/git config --global --add safe.directory /home/runner/work/tastetable/tastetable
2026-10-08T15:36:40.1127556Z Deleting the contents of '/home/runner/work/tastetable/tastetable'
2026-10-08T15:36:40.1131473Z ##[group]Determining repository object format
2026-10-08T15:36:40.1133328Z ##[endgroup]
2026-10-08T15:36:40.1134406Z ##[group]Initializing the repository
2026-10-08T15:36:40.1138096Z [command]/usr/bin/git init /home/runner/work/tastetable/tastetable
2026-10-08T15:36:40.1616307Z hint: Using 'master' as the name for the initial branch. This default branch name
2026-10-08T15:36:40.1619544Z hint: will change to "main" in Git 3.0. To configure the initial branch name
2026-10-08T15:36:40.1622228Z hint: to use in all of your new repositories, which will suppress this warning,
2026-10-08T15:36:40.1624156Z hint: call:
2026-10-08T15:36:40.1624846Z hint:
2026-10-08T15:36:40.1625787Z hint: 	git config --global init.defaultBranch <name>
2026-10-08T15:36:40.1627328Z hint:
2026-10-08T15:36:40.1628703Z hint: Names commonly chosen instead of 'master' are 'main', 'trunk' and
2026-10-08T15:36:40.1629841Z hint: 'development'. The just-created branch can be renamed via this command:
2026-10-08T15:36:40.1630674Z hint:
2026-10-08T15:36:40.1631449Z hint: 	git branch -m <name>
2026-10-08T15:36:40.1632487Z hint:
2026-10-08T15:36:40.1633778Z hint: Disable this message with "git config set advice.defaultBranchName false"
2026-10-08T15:36:40.1635135Z Initialized empty Git repository in /home/runner/work/tastetable/tastetable/.git/
2026-10-08T15:36:40.1637452Z [command]/usr/bin/git remote add origin https://github.com/Jacob-Met/tastetable
2026-10-08T15:36:40.1916451Z ##[endgroup]
2026-10-08T15:36:40.1918253Z ##[group]Disabling automatic garbage collection
2026-10-08T15:36:40.1920091Z [command]/usr/bin/git config --local gc.auto 0
2026-10-08T15:36:40.1957837Z ##[endgroup]
2026-10-08T15:36:40.1959187Z ##[group]Setting up auth
2026-10-08T15:36:40.1962780Z Removing SSH command configuration
2026-10-08T15:36:40.1964282Z [command]/usr/bin/git config --local --name-only --get-regexp core\.sshCommand
2026-10-08T15:36:40.1999829Z [command]/usr/bin/git submodule foreach --recursive sh -c "git config --local --name-only --get-regexp 'core\.sshCommand' && git config --local --unset-all 'core.sshCommand' || :"
2026-10-08T15:36:40.3937810Z Removing HTTP extra header
2026-10-08T15:36:40.3943237Z [command]/usr/bin/git config --local --name-only --get-regexp http\.https\:\/\/github\.com\/\.extraheader
2026-10-08T15:36:40.3979817Z [command]/usr/bin/git submodule foreach --recursive sh -c "git config --local --name-only --get-regexp 'http\.https\:\/\/github\.com\/\.extraheader' && git config --local --unset-all 'http.https://github.com/.extraheader' || :"
2026-10-08T15:36:40.4200764Z Removing includeIf entries pointing to credentials config files
2026-10-08T15:36:40.4213741Z [command]/usr/bin/git config --local --name-only --get-regexp ^includeIf\.gitdir:
2026-10-08T15:36:40.4254071Z [command]/usr/bin/git submodule foreach --recursive git config --local --show-origin --name-only --get-regexp remote.origin.url
2026-10-08T15:36:40.4488444Z [command]/usr/bin/git config --file /home/runner/work/_temp/git-credentials-c81f9796-7cce-4787-8037-e4aabb258f43.config http.https://github.com/.extraheader AUTHORIZATION: basic ***
2026-10-08T15:36:40.4531672Z [command]/usr/bin/git config --local includeIf.gitdir:/home/runner/work/tastetable/tastetable/.git.path /home/runner/work/_temp/git-credentials-c81f9796-7cce-4787-8037-e4aabb258f43.config
2026-10-08T15:36:40.4567408Z [command]/usr/bin/git config --local includeIf.gitdir:/home/runner/work/tastetable/tastetable/.git/worktrees/*.path /home/runner/work/_temp/git-credentials-c81f9796-7cce-4787-8037-e4aabb258f43.config
2026-10-08T15:36:40.4607021Z [command]/usr/bin/git config --local includeIf.gitdir:/github/workspace/.git.path /github/runner_temp/git-credentials-c81f9796-7cce-4787-8037-e4aabb258f43.config
2026-10-08T15:36:40.4642481Z [command]/usr/bin/git config --local includeIf.gitdir:/github/workspace/.git/worktrees/*.path /github/runner_temp/git-credentials-c81f9796-7cce-4787-8037-e4aabb258f43.config
2026-10-08T15:36:40.4674071Z ##[endgroup]
2026-10-08T15:36:40.4675941Z ##[group]Fetching the repository
2026-10-08T15:36:40.4680364Z [command]/usr/bin/git -c protocol.version=2 fetch --no-tags --prune --no-recurse-submodules --depth=1 origin +e036da44da49b69ff49ec3f11571664a2228a581:refs/remotes/pull/33/merge
2026-10-08T15:36:41.3845853Z From https://github.com/Jacob-Met/tastetable
2026-10-08T15:36:41.3848681Z  * [new ref]         e036da44da49b69ff49ec3f11571664a2228a581 -> pull/33/merge
2026-10-08T15:36:41.3856445Z ##[endgroup]
2026-10-08T15:36:41.3857349Z ##[group]Determining the checkout info
2026-10-08T15:36:41.3857980Z ##[endgroup]
2026-10-08T15:36:41.3865360Z [command]/usr/bin/git sparse-checkout disable
2026-10-08T15:36:41.4034826Z [command]/usr/bin/git config --local --unset-all extensions.worktreeConfig
2026-10-08T15:36:41.4071424Z ##[group]Checking out the ref
2026-10-08T15:36:41.4075874Z [command]/usr/bin/git checkout --progress --force refs/remotes/pull/33/merge
2026-10-08T15:36:41.4568260Z Note: switching to 'refs/remotes/pull/33/merge'.
2026-10-08T15:36:41.4569019Z 
2026-10-08T15:36:41.4569597Z You are in 'detached HEAD' state. You can look around, make experimental
2026-10-08T15:36:41.4570705Z changes and commit them, and you can discard any commits you make in this
2026-10-08T15:36:41.4572088Z state without impacting any branches by switching back to a branch.
2026-10-08T15:36:41.4572781Z 
2026-10-08T15:36:41.4573263Z If you want to create a new branch to retain commits you create, you may
2026-10-08T15:36:41.4574522Z do so (now or later) by using -c with the switch command. Example:
2026-10-08T15:36:41.4575254Z 
2026-10-08T15:36:41.4575565Z   git switch -c <new-branch-name>
2026-10-08T15:36:41.4576079Z 
2026-10-08T15:36:41.4576403Z Or undo this operation with:
2026-10-08T15:36:41.4577131Z 
2026-10-08T15:36:41.4577421Z   git switch -
2026-10-08T15:36:41.4577833Z 
2026-10-08T15:36:41.4578460Z Turn off this advice by setting config variable advice.detachedHead to false
2026-10-08T15:36:41.4579214Z 
2026-10-08T15:36:41.4580034Z HEAD is now at e036da4 Merge 9e3b074abfebfd63a4d9563088ab16c39df17f00 into 1a609bfdd77dc07222eb70f8a4a1f565a8bc8fa0
2026-10-08T15:36:41.4583042Z ##[endgroup]
2026-10-08T15:36:41.4629271Z [command]/usr/bin/git log -1 --format=%H
2026-10-08T15:36:41.4659643Z e036da44da49b69ff49ec3f11571664a2228a581
2026-10-08T15:36:41.4892458Z ##[group]Run set -euo pipefail
2026-10-08T15:36:41.4892976Z [36;1mset -euo pipefail[0m
2026-10-08T15:36:41.4893306Z [36;1mNATIVE_WEEK_NODE=[0m
2026-10-08T15:36:41.4893727Z [36;1mfor NATIVE_WEEK_NODE_DIR in "${RUNNER_TOOL_CACHE}/node"/22.*; do[0m
2026-10-08T15:36:41.4894385Z [36;1m  if [[ -x "${NATIVE_WEEK_NODE_DIR}/x64/bin/node" && -f "${NATIVE_WEEK_NODE_DIR}/x64.complete" ]]; then[0m
2026-10-08T15:36:41.4894994Z [36;1m    NATIVE_WEEK_NODE="${NATIVE_WEEK_NODE_DIR}/x64/bin/node"[0m
2026-10-08T15:36:41.4895401Z [36;1m  fi[0m
2026-10-08T15:36:41.4895683Z [36;1mdone[0m
2026-10-08T15:36:41.4896121Z [36;1m[[ -n "${NATIVE_WEEK_NODE}" ]] || { echo "A complete cached Node 22 is required."; exit 1; }[0m
2026-10-08T15:36:41.4896939Z [36;1mNATIVE_WEEK_BROWSER=[0m
2026-10-08T15:36:41.4897476Z [36;1mfor NATIVE_WEEK_BROWSER_NAME in google-chrome google-chrome-stable chromium chromium-browser; do[0m
2026-10-08T15:36:41.4898180Z [36;1m  if command -v "${NATIVE_WEEK_BROWSER_NAME}" >/dev/null 2>&1; then[0m
2026-10-08T15:36:41.4898727Z [36;1m    NATIVE_WEEK_BROWSER="$(command -v "${NATIVE_WEEK_BROWSER_NAME}")"[0m
2026-10-08T15:36:41.4899155Z [36;1m    break[0m
2026-10-08T15:36:41.4899412Z [36;1m  fi[0m
2026-10-08T15:36:41.4899657Z [36;1mdone[0m
2026-10-08T15:36:41.4900173Z [36;1m[[ -n "${NATIVE_WEEK_BROWSER}" ]] || { echo "An installed Chrome/Chromium is required."; exit 1; }[0m
2026-10-08T15:36:41.4900795Z [36;1mNATIVE_WEEK_PYTHON="$(command -v python3)"[0m
2026-10-08T15:36:41.4901188Z [36;1m"${NATIVE_WEEK_NODE}" --version[0m
2026-10-08T15:36:41.4901556Z [36;1m"${NATIVE_WEEK_BROWSER}" --version[0m
2026-10-08T15:36:41.4901925Z [36;1m"${NATIVE_WEEK_PYTHON}" --version[0m
2026-10-08T15:36:41.4902584Z [36;1mprintf 'node=%s\nbrowser=%s\npython=%s\n' "${NATIVE_WEEK_NODE}" "${NATIVE_WEEK_BROWSER}" "${NATIVE_WEEK_PYTHON}" >> "${GITHUB_OUTPUT}"[0m
2026-10-08T15:36:41.6086887Z shell: /usr/bin/bash --noprofile --norc -e -o pipefail {0}
2026-10-08T15:36:41.6087562Z ##[endgroup]
2026-10-08T15:36:42.5272005Z v22.23.3
2026-10-08T15:36:44.4065122Z Google Chrome 154.0.8037.97 
2026-10-08T15:36:44.4419114Z Python 3.12.3
2026-10-08T15:36:44.4514466Z ##[group]Run "/opt/hostedtoolcache/node/22.23.3/x64/bin/node" tools/check_native_plan_week_browser.mjs --browser "/usr/bin/google-chrome" --output "${RUNNER_TEMP}/native-plan-week-receiving"
2026-10-08T15:36:44.4515763Z [36;1m"/opt/hostedtoolcache/node/22.23.3/x64/bin/node" tools/check_native_plan_week_browser.mjs --browser "/usr/bin/google-chrome" --output "${RUNNER_TEMP}/native-plan-week-receiving"[0m
2026-10-08T15:36:44.4578968Z shell: /usr/bin/bash -e {0}
2026-10-08T15:36:44.4579230Z env:
2026-10-08T15:36:44.4579448Z   NATIVE_WEEK_PYTHON: /usr/bin/python3
2026-10-08T15:36:44.4579743Z ##[endgroup]
2026-10-08T15:36:46.1765132Z PASS actual original Python producer and new converter preserve authored and empty native results
2026-10-08T15:37:06.3553455Z Error: Timed out: native saved-week file chooser
2026-10-08T15:37:06.3554836Z     at waitFor (file:///home/runner/work/tastetable/tastetable/tools/check_native_plan_week_browser.mjs:89:9)
2026-10-08T15:37:06.3556832Z     at async chooseFile (file:///home/runner/work/tastetable/tastetable/tools/check_native_plan_week_browser.mjs:180:3)
2026-10-08T15:37:06.3557983Z     at async file:///home/runner/work/tastetable/tastetable/tools/check_native_plan_week_browser.mjs:372:3
2026-10-08T15:37:06.6829113Z NATIVE_WEEK_BROWSER_RESULT FAILED checks=1 artifacts=7 source_unchanged=true
2026-10-08T15:37:06.6887911Z NATIVE_WEEK_BROWSER_RECEIPT {"schema":"tastetable.native-plan-week-browser/1","status":"failed","project":"/home/runner/work/tastetable/tastetable","executable":"/usr/bin/google-chrome","node":"v22.23.3","checkout":"e036da44da49b69ff49ec3f11571664a2228a581","claim":"https://github.com/Jacob-Met/tastetable/issues/25","bootstrap":"Unchanged application files; authored GET-only /api/health mock and /api/personas empty responses. No FastAPI/deployment claim.","fileSelection":"Actual Open saved week keyboard control, Page.fileChooserOpened and DOM.setFileInputFiles; native File.text is unchanged.","checks":["actual original Python producer and new converter preserve authored and empty native results"],"artifacts":[{"name":"authored-profile.json","bytes":197,"sha256":"344dddbf74cb2dac1a2b6958f55821ef78be440c2f807b8018788693c4c83065","kind":"authored native input"},{"name":"authored-native.json","bytes":9063,"sha256":"1d1d0d56c13796a229b13f5171b80c306a74cb998d5b7dc0f6d488d57f9ff48f","kind":"actual Python CLI stdout"},{"name":"authored-converted-week.json","bytes":9179,"sha256":"7611f4028fba251aa7580b6a382204ad5061d7f912f8babcc9361b527e0b017a","kind":"actual create-only converter output"},{"name":"empty-profile.json","bytes":213,"sha256":"70ec9404c123ad0018291e329e92f12e51fb591ea1b7828edd7d19dfe867fcc8","kind":"authored native input"},{"name":"empty-native.json","bytes":7154,"sha256":"7321a1a9e55deb6f715974549f359b8789e27b9e34e2c2cf447fad555effe3c3","kind":"actual Python CLI stdout"},{"name":"empty-converted-week.json","bytes":7131,"sha256":"84ec237268781fbf2adc78f1a422673619dce2f79bd506305471cf86e6f7d41c","kind":"actual create-only converter output"},{"name":"failed-state.png","bytes":92166,"sha256":"b7e12135e76e0cb33868f40063c015787c831a9c7f43ddcee3caa89a83f18805","kind":"actual Chrome screenshot"}],"programs":[{"label":"authored native producer","executable":"/usr/bin/python3","args":["/home/runner/work/tastetable/tastetable/tastetable_cli.py","--profile","/home/runner/work/_temp/native-plan-week-receiving/authored-profile.json"],"status":0,"signal":null,"stdoutSha256":"1d1d0d56c13796a229b13f5171b80c306a74cb998d5b7dc0f6d488d57f9ff48f","stderr":"","error":null},{"label":"authored actual converter","executable":"/opt/hostedtoolcache/node/22.23.3/x64/bin/node","args":["/home/runner/work/tastetable/tastetable/tools/native_plan_to_week.mjs","--input","/home/runner/work/_temp/native-plan-week-receiving/authored-native.json","--week","2026-12-30","--output","/home/runner/work/_temp/native-plan-week-receiving/authored-converted-week.json"],"status":0,"signal":null,"stdoutSha256":"dad6e5b5b56060cf298d7f4e7d8b69636d0afed7d7f1da46055cc9eea3516f3e","stderr":"","error":null},{"label":"empty native producer","executable":"/usr/bin/python3","args":["/home/runner/work/tastetable/tastetable/tastetable_cli.py","--profile","/home/runner/work/_temp/native-plan-week-receiving/empty-profile.json"],"status":0,"signal":null,"stdoutSha256":"7321a1a9e55deb6f715974549f359b8789e27b9e34e2c2cf447fad555effe3c3","stderr":"","error":null},{"label":"empty actual converter","executable":"/opt/hostedtoolcache/node/22.23.3/x64/bin/node","args":["/home/runner/work/tastetable/tastetable/tools/native_plan_to_week.mjs","--input","/home/runner/work/_temp/native-plan-week-receiving/empty-native.json","--week","2026-12-30","--output","/home/runner/work/_temp/native-plan-week-receiving/empty-converted-week.json"],"status":0,"signal":null,"stdoutSha256":"34ff0829f1127792829f57d0c94e34a83b26621afddd3d7b473e8ae86be65679","stderr":"","error":null}],"requests":[{"url":"http://127.0.0.1:40725/","method":"GET"},{"url":"http://127.0.0.1:40725/static/style.css","method":"GET"},{"url":"http://127.0.0.1:40725/static/calendar.css","method":"GET"},{"url":"http://127.0.0.1:40725/static/venue_followup.css","method":"GET"},{"url":"http://127.0.0.1:40725/static/plan-request.js","method":"GET"},{"url":"http://127.0.0.1:40725/static/calendar.js","method":"GET"},{"url":"http://127.0.0.1:40725/static/app.js","method":"GET"},{"url":"http://127.0.0.1:40725/static/week_plan.mjs","method":"GET"},{"url":"http://127.0.0.1:40725/static/week_file.mjs","method":"GET"},{"url":"http://127.0.0.1:40725/static/venue_followup.mjs","method":"GET"},{"url":"http://127.0.0.1:40725/favicon.ico","method":"GET"}],"externalRequests":[],"serverRequests":[{"method":"GET","path":"/"},{"method":"GET","path":"/static/style.css"},{"method":"GET","path":"/static/calendar.css"},{"method":"GET","path":"/static/venue_followup.css"},{"method":"GET","path":"/static/plan-request.js"},{"method":"GET","path":"/static/calendar.js"},{"method":"GET","path":"/static/app.js"},{"method":"GET","path":"/static/week_plan.mjs"},{"method":"GET","path":"/static/week_file.mjs"},{"method":"GET","path":"/static/venue_followup.mjs"},{"method":"GET","path":"/favicon.ico"}],"sourceSha256":{"tastetable_cli.py":"5244b5d5108eb60a5c79dbe76d5abc352a9145915a5851c2f69a57e90aa71e3f","agent.py":"fae9eced334ec58c23af301166f6c62dd2b6ff1991bebc6e8e4d9139d3f5b4b3","constraints.py":"a7ad868ece3cb83b15b02f8f059a94da749059bb96a8c97f7fb207ccb85d604c","qloo_client.py":"88d951b6271460f17aa307d4979fe23d8cf3a674afa30dd7324f95424dd0ec9b","personas.py":"caef501a8af8abc5f9553e425eaf4ecaadcaf94e0d5c5b6e74d821dac86b24e2","fixtures/qloo_fixtures.json":"5eaa5d2f32a6e4522ecc4f6c69e84dc110be031c3cdf5737ac52f9fabb99fed0","static/week_plan.mjs":"e739adc10d9ae9ba1cb82c6d800c453e8f7bec53e343e0685adeabe98e6f4809","static/week_file.mjs":"914291b97250a97f6e09f47e6fed58b607b3b1ed9e4c60e3242ff39546913614","static/calendar.js":"09dfe98a95da6c7fd0b7ee531c3ec4cf9ae5697dc730fab6cffdd07d8bd94b3b","static/calendar.css":"36c217b55b7f05e0dc446980f024e0cf0b771f496e162ead1bbe8ef05deb4733","static/app.js":"d6c742457a4824acaad929d3db37f8d4c30a26e2ae326cac3ad41e30c4a3941d","static/index.html":"57d222afffc0fa36f50bf542e8e032134b449adf840aa546b804cf6fe5ae1a1e","static/style.css":"0dcea471f360b3085a70da9154537708bc9c282c5c08b974657dab41224cfc96","static/plan-request.js":"b35d09ca6270cf6150bcc40501d2d6a6728aa592597bb8d3e49aa3ae26cdf995","tools/native_plan_to_week.mjs":"bbdf06cf5f358ef5eb3d0875d6f2182382a625b246f0c39df159b6b15b025563","tests/test_native_plan_week.py":"dc1e65ff357672218799adf0152baf9d7041e2f15d74a1e9c9c614e3f87e964a","tools/check_native_plan_week_browser.mjs":"94fd51532bb24109af0b5406ea7de2ad6a8153f99a739625d3419e9cee70a08b",".github/workflows/native-plan-week-browser.yml":"b40992512e13d653c51fb8b4dfb0d15ad0a090ae4754c4082a18ab20ca62ace3"},"sourceUnchanged":true,"browser":{"protocolVersion":"1.3","product":"Chrome/154.0.8037.97","revision":"@b510e9d7cd3a2fbd78d0ddc42234103206c5f78d","userAgent":"Mozilla/5.0 (X11; Linux x86_64) AppleWebKit/537.36 (KHTML, like Gecko) HeadlessChrome/154.0.0.0 Safari/537.36","jsVersion":"15.4.80.20"},"error":"Error: Timed out: native saved-week file chooser\n    at waitFor (file:///home/runner/work/tastetable/tastetable/tools/check_native_plan_week_browser.mjs:89:9)\n    at async chooseFile (file:///home/runner/work/tastetable/tastetable/tools/check_native_plan_week_browser.mjs:180:3)\n    at async file:///home/runner/work/tastetable/tastetable/tools/check_native_plan_week_browser.mjs:372:3","browserLog":"[2352:2376:1008/153649.385512:ERROR:dbus/bus.cc:405] Failed to connect to the bus: Could not parse server address: Unknown address type (examples of valid types are \"tcp\" and on UNIX \"unix\")\n[2352:2376:1008/153649.394697:ERROR:dbus/bus.cc:405] Failed to connect to the bus: Could not parse server address: Unknown address type (examples of valid types are \"tcp\" and on UNIX \"unix\")\n[2352:2376:1008/153650.846934:ERROR:dbus/bus.cc:405] Failed to connect to the bus: Could not parse server address: Unknown address type (examples of valid types are \"tcp\" and on UNIX \"unix\")\n[2352:2376:1008/153651.139470:ERROR:dbus/bus.cc:405] Failed to connect to the bus: Could not parse server address: Unknown address type (examples of valid types are \"tcp\" and on UNIX \"unix\")\n\nDevTools listening on ws://127.0.0.1:35877/devtools/browser/f23a539a-bfa7-483a-9a20-328f974eeffa\n[2352:2352:1008/153652.724919:ERROR:dbus/object_proxy.cc:572] Failed to call method: org.freedesktop.DBus.NameHasOwner: object_path= /org/freedesktop/DBus: unknown error type: \n[2352:2352:1008/153652.724975:ERROR:dbus/object_proxy.cc:572] Failed to call method: org.freedesktop.DBus.NameHasOwner: object_path= /org/freedesktop/DBus: unknown error type: \n[2352:2376:1008/153652.724993:ERROR:dbus/bus.cc:405] Failed to connect to the bus: Could not parse server address: Unknown address type (examples of valid types are \"tcp\" and on UNIX \"unix\")\n[2352:2376:1008/153652.725009:ERROR:dbus/bus.cc:405] Failed to connect to the bus: Could not parse server address: Unknown address type (examples of valid types are \"tcp\" and on UNIX \"unix\")\n[2352:2352:1008/153652.756094:ERROR:dbus/object_proxy.cc:572] Failed to call method: org.freedesktop.DBus.NameHasOwner: object_path= /org/freedesktop/DBus: unknown error type: \n[2352:2352:1008/153652.807889:ERROR:dbus/object_proxy.cc:572] Failed to call method: org.freedesktop.DBus.NameHasOwner: object_path= /org/freedesktop/DBus: unknown error type: \n[2352:2376:1008/153652.814711:ERROR:dbus/bus.cc:405] Failed to connect to the bus: Could not parse server address: Unknown address type (examples of valid types are \"tcp\" and on UNIX \"unix\")\n[2352:2352:1008/153653.022881:ERROR:dbus/object_proxy.cc:572] Failed to call method: org.freedesktop.DBus.NameHasOwner: object_path= /org/freedesktop/DBus: unknown error type: \n[2352:2352:1008/153653.040700:ERROR:dbus/object_proxy.cc:572] Failed to call method: org.freedesktop.DBus.NameHasOwner: object_path= /org/freedesktop/DBus: unknown error type: \n[2352:2376:1008/153653.040919:ERROR:dbus/bus.cc:405] Failed to connect to the bus: Could not parse server address: Unknown address type (examples of valid types are \"tcp\" and on UNIX \"unix\")\n[2352:2352:1008/153653.059114:ERROR:dbus/object_proxy.cc:572] Failed to call method: org.freedesktop.DBus.NameHasOwner: object_path= /org/freedesktop/DBus: unknown error type: \n[2352:2352:1008/153653.213560:ERROR:dbus/object_proxy.cc:572] Failed to call method: org.freedesktop.DBus.Properties.GetAll: object_path= /org/freedesktop/UPower/devices/DisplayDevice: org.freedesktop.DBus.Error.ServiceUnknown: The name org.freedesktop.UPower was not provided by any .service files\n[2352:2352:1008/153653.213963:ERROR:dbus/object_proxy.cc:572] Failed to call method: org.freedesktop.DBus.NameHasOwner: object_path= /org/freedesktop/DBus: unknown error type: \n[2352:2376:1008/153653.214237:ERROR:dbus/bus.cc:405] Failed to connect to the bus: Could not parse server address: Unknown address type (examples of valid types are \"tcp\" and on UNIX \"unix\")\n[2352:2352:1008/153653.398520:ERROR:dbus/object_proxy.cc:572] Failed to call method: org.freedesktop.DBus.NameHasOwner: object_path= /org/freedesktop/DBus: unknown error type: \n[2352:2376:1008/153653.398612:ERROR:dbus/bus.cc:405] Failed to connect to the bus: Could not parse server address: Unknown address type (examples of valid types are \"tcp\" and on UNIX \"unix\")\n[2352:2352:1008/153653.525576:ERROR:dbus/object_proxy.cc:572] Failed to call method: org.freedesktop.DBus.NameHasOwner: object_path= /org/freedesktop/DBus: unknown error type: \n[2352:2377:1008/153656.888574:ERROR:google_apis/gcm/engine/registration_request.cc:291] Registration response error message: DEPRECATED_ENDPOINT\nCreated TensorFlow Lite XNNPACK delegate for CPU.\n","lastPage":{"url":"http://127.0.0.1:40725/","focus":"<button id=\"openWeek\" type=\"button\">Open saved week</button>","text":"TasteTable\n\nA weekly plan of restaurants + one cultural outing, grounded in Qloo taste data and checked against care constraints.\n\nNot medical or dietary advice. Constraint checks are heuristics over public venue tags and menu keywords. Always confirm accessibility, texture and sodium needs with the venue and the person's care team. Sample personas are fictional; do not enter real health information.\n1. Tastes & constraints\nOpen saved week\nTry a sample persona\nFavourite cuisines \nMusic they love (artists / era) \nFavourite films \nCity \nConstraints\n Soft foods  Low sodium  Wheelchair access\nPlan my week\n\nMIT licensed · Uses Qloo's Taste AI insights. Qloo results describe aggregate affinities, not facts about any individual."},"pageErrors":[],"nativeFileChooserEvents":0,"totalArtifactBytes":125103}
2026-10-08T15:37:06.6942571Z ##[error]Process completed with exit code 1.
2026-10-08T15:37:06.7025764Z ##[group]Run actions/upload-artifact@ea165f8d65b6e75b540449e92b4886f43607fa02
2026-10-08T15:37:06.7026193Z with:
2026-10-08T15:37:06.7026434Z   name: native-plan-week-receiving-37802166908
2026-10-08T15:37:06.7027030Z   path: /home/runner/work/_temp/native-plan-week-receiving
2026-10-08T15:37:06.7027381Z   if-no-files-found: warn
2026-10-08T15:37:06.7027604Z   retention-days: 14
2026-10-08T15:37:06.7027822Z   compression-level: 6
2026-10-08T15:37:06.7028035Z   overwrite: false
2026-10-08T15:37:06.7028251Z   include-hidden-files: false
2026-10-08T15:37:06.7028486Z ##[endgroup]
2026-10-08T15:37:06.8677153Z (node:2578) [DEP0040] DeprecationWarning: The `punycode` module is deprecated. Please use a userland alternative instead.
2026-10-08T15:37:06.8678327Z (Use `node --trace-deprecation ...` to show where the warning was created)
2026-10-08T15:37:06.8756442Z With the provided path, there will be 8 files uploaded
2026-10-08T15:37:06.8762168Z Artifact name is valid!
2026-10-08T15:37:06.8763005Z Root directory input is valid!
2026-10-08T15:37:07.0959873Z Beginning upload of artifact content to blob storage
2026-10-08T15:37:07.1332611Z (node:2578) [DEP0169] DeprecationWarning: `url.parse()` behavior is not standardized and prone to errors that have security implications. Use the WHATWG URL API instead. CVEs are not issued for `url.parse()` vulnerabilities.
2026-10-08T15:37:07.1679902Z Uploaded bytes 96808
2026-10-08T15:37:07.1845468Z Finished uploading artifact content to blob storage!
2026-10-08T15:37:07.1847133Z SHA256 digest of uploaded artifact zip is f50426addde5d73c5eb0858519994165ee71b4df15947e501474cca6733c4d61
2026-10-08T15:37:07.1849410Z Finalizing artifact upload
2026-10-08T15:37:07.4126375Z Artifact native-plan-week-receiving-37802166908.zip successfully finalized. Artifact ID 11561301860
2026-10-08T15:37:07.4128069Z Artifact native-plan-week-receiving-37802166908 has been successfully uploaded! Final size is 96808 bytes. Artifact ID is 11561301860
2026-10-08T15:37:07.4133372Z Artifact download URL: https://github.com/Jacob-Met/tastetable/actions/runs/37802166908/artifacts/11561301860
2026-10-08T15:37:07.4363032Z Post job cleanup.
2026-10-08T15:37:07.5209178Z [command]/usr/bin/git version
2026-10-08T15:37:07.5268716Z git version 2.55.0
2026-10-08T15:37:07.5312786Z Temporarily overriding HOME='/home/runner/work/_temp/d3c6eb86-a7b3-4ca0-8f4d-dd89700c8e48' before making global git config changes
2026-10-08T15:37:07.5314525Z Adding repository directory to the temporary git global config as a safe directory
2026-10-08T15:37:07.5319471Z [command]/usr/bin/git config --global --add safe.directory /home/runner/work/tastetable/tastetable
2026-10-08T15:37:07.5355381Z Removing SSH command configuration
2026-10-08T15:37:07.5362861Z [command]/usr/bin/git config --local --name-only --get-regexp core\.sshCommand
2026-10-08T15:37:07.5407695Z [command]/usr/bin/git submodule foreach --recursive sh -c "git config --local --name-only --get-regexp 'core\.sshCommand' && git config --local --unset-all 'core.sshCommand' || :"
2026-10-08T15:37:07.5688762Z Removing HTTP extra header
2026-10-08T15:37:07.5692447Z [command]/usr/bin/git config --local --name-only --get-regexp http\.https\:\/\/github\.com\/\.extraheader
2026-10-08T15:37:07.5732699Z [command]/usr/bin/git submodule foreach --recursive sh -c "git config --local --name-only --get-regexp 'http\.https\:\/\/github\.com\/\.extraheader' && git config --local --unset-all 'http.https://github.com/.extraheader' || :"
2026-10-08T15:37:07.5989894Z Removing includeIf entries pointing to credentials config files
2026-10-08T15:37:07.5997959Z [command]/usr/bin/git config --local --name-only --get-regexp ^includeIf\.gitdir:
2026-10-08T15:37:07.6029368Z includeif.gitdir:/home/runner/work/tastetable/tastetable/.git.path
2026-10-08T15:37:07.6030551Z includeif.gitdir:/home/runner/work/tastetable/tastetable/.git/worktrees/*.path
2026-10-08T15:37:07.6031631Z includeif.gitdir:/github/workspace/.git.path
2026-10-08T15:37:07.6032436Z includeif.gitdir:/github/workspace/.git/worktrees/*.path
2026-10-08T15:37:07.6039065Z [command]/usr/bin/git config --local --get-all includeif.gitdir:/home/runner/work/tastetable/tastetable/.git.path
2026-10-08T15:37:07.6066049Z /home/runner/work/_temp/git-credentials-c81f9796-7cce-4787-8037-e4aabb258f43.config
2026-10-08T15:37:07.6079542Z [command]/usr/bin/git config --local --unset includeif.gitdir:/home/runner/work/tastetable/tastetable/.git.path \/home\/runner\/work\/_temp\/git\-credentials\-c81f9796\-7cce\-4787\-8037\-e4aabb258f43\.config
2026-10-08T15:37:07.6146142Z [command]/usr/bin/git config --local --get-all includeif.gitdir:/home/runner/work/tastetable/tastetable/.git/worktrees/*.path
2026-10-08T15:37:07.6179377Z /home/runner/work/_temp/git-credentials-c81f9796-7cce-4787-8037-e4aabb258f43.config
2026-10-08T15:37:07.6197261Z [command]/usr/bin/git config --local --unset includeif.gitdir:/home/runner/work/tastetable/tastetable/.git/worktrees/*.path \/home\/runner\/work\/_temp\/git\-credentials\-c81f9796\-7cce\-4787\-8037\-e4aabb258f43\.config
2026-10-08T15:37:07.6238804Z [command]/usr/bin/git config --local --get-all includeif.gitdir:/github/workspace/.git.path
2026-10-08T15:37:07.6266832Z /github/runner_temp/git-credentials-c81f9796-7cce-4787-8037-e4aabb258f43.config
2026-10-08T15:37:07.6275761Z [command]/usr/bin/git config --local --unset includeif.gitdir:/github/workspace/.git.path \/github\/runner_temp\/git\-credentials\-c81f9796\-7cce\-4787\-8037\-e4aabb258f43\.config
2026-10-08T15:37:07.6313857Z [command]/usr/bin/git config --local --get-all includeif.gitdir:/github/workspace/.git/worktrees/*.path
2026-10-08T15:37:07.6340943Z /github/runner_temp/git-credentials-c81f9796-7cce-4787-8037-e4aabb258f43.config
2026-10-08T15:37:07.6348840Z [command]/usr/bin/git config --local --unset includeif.gitdir:/github/workspace/.git/worktrees/*.path \/github\/runner_temp\/git\-credentials\-c81f9796\-7cce\-4787\-8037\-e4aabb258f43\.config
2026-10-08T15:37:07.6388737Z [command]/usr/bin/git submodule foreach --recursive git config --local --show-origin --name-only --get-regexp remote.origin.url
2026-10-08T15:37:07.6608262Z Removing credentials config '/home/runner/work/_temp/git-credentials-c81f9796-7cce-4787-8037-e4aabb258f43.config'
2026-10-08T15:37:07.6759601Z Cleaning up orphan processes
2026-10-08T15:37:07.7078389Z ##[warning]Node.js 20 is deprecated. The following actions target Node.js 20 but are being forced to run on Node.js 24: actions/upload-artifact@ea165f8d65b6e75b540449e92b4886f43607fa02. For more information see: https://github.blog/changelog/2025-09-19-deprecation-of-node-20-on-github-actions-runners/
