2026-10-08T19:16:10.1398722Z Current runner version: '2.337.0'
2026-10-08T19:16:10.1422710Z ##[group]Runner Image Provisioner
2026-10-08T19:16:10.1423534Z Hosted Compute Agent
2026-10-08T19:16:10.1424540Z Version: 20261002.596
2026-10-08T19:16:10.1425174Z Commit: c3d12f3313a95f25162a1503be624f3b0617f8c0
2026-10-08T19:16:10.1425962Z Build Date: 2026-10-02T22:28:27Z
2026-10-08T19:16:10.1426656Z Worker ID: {b40cd5c8-f1c2-4378-9b23-62a59c6b1e6f}
2026-10-08T19:16:10.1427360Z Region: westus
2026-10-08T19:16:10.1427947Z Cloud: Azure
2026-10-08T19:16:10.1428480Z ##[endgroup]
2026-10-08T19:16:10.1430069Z ##[group]Operating System
2026-10-08T19:16:10.1430729Z Ubuntu
2026-10-08T19:16:10.1431244Z 24.04.5
2026-10-08T19:16:10.1431797Z LTS
2026-10-08T19:16:10.1432308Z ##[endgroup]
2026-10-08T19:16:10.1432876Z ##[group]Runner Image
2026-10-08T19:16:10.1433539Z Image: ubuntu-24.04
2026-10-08T19:16:10.1434330Z Version: 20261004.327.1
2026-10-08T19:16:10.1435619Z Included Software: https://github.com/actions/runner-images/blob/ubuntu24/20261004.327/images/ubuntu/Ubuntu2404-Readme.md
2026-10-08T19:16:10.1437149Z Image Release: https://github.com/actions/runner-images/releases/tag/ubuntu24%2F20261004.327
2026-10-08T19:16:10.1438169Z ##[endgroup]
2026-10-08T19:16:10.1439246Z ##[group]GITHUB_TOKEN Permissions
2026-10-08T19:16:10.1441153Z Contents: read
2026-10-08T19:16:10.1441789Z Metadata: read
2026-10-08T19:16:10.1442415Z ##[endgroup]
2026-10-08T19:16:10.1444837Z Secret source: Actions
2026-10-08T19:16:10.1445884Z Cache mode: write
2026-10-08T19:16:10.1446612Z Prepare workflow directory
2026-10-08T19:16:10.1836097Z Prepare all required actions
2026-10-08T19:16:10.1883576Z Getting action download info
2026-10-08T19:16:10.5247596Z Download action repository 'actions/checkout@3d3c42e5aac5ba805825da76410c181273ba90b1' (SHA:3d3c42e5aac5ba805825da76410c181273ba90b1)
2026-10-08T19:16:10.6128175Z Download action repository 'actions/setup-python@5fda3b95a4ea91299a34e894583c3862153e4b97' (SHA:5fda3b95a4ea91299a34e894583c3862153e4b97)
2026-10-08T19:16:10.7916411Z Complete job name: test
2026-10-08T19:16:10.8786862Z ##[group]Run actions/checkout@3d3c42e5aac5ba805825da76410c181273ba90b1
2026-10-08T19:16:10.8787931Z with:
2026-10-08T19:16:10.8788377Z   repository: Jacob-Met/tastetable
2026-10-08T19:16:10.8792109Z   token: ***
2026-10-08T19:16:10.8792603Z   ssh-strict: true
2026-10-08T19:16:10.8793045Z   ssh-user: git
2026-10-08T19:16:10.8793487Z   persist-credentials: true
2026-10-08T19:16:10.8794194Z   clean: true
2026-10-08T19:16:10.8794650Z   sparse-checkout-cone-mode: true
2026-10-08T19:16:10.8795160Z   fetch-depth: 1
2026-10-08T19:16:10.8795588Z   fetch-tags: false
2026-10-08T19:16:10.8796022Z   show-progress: true
2026-10-08T19:16:10.8796460Z   lfs: false
2026-10-08T19:16:10.8796872Z   submodules: false
2026-10-08T19:16:10.8797309Z   set-safe-directory: true
2026-10-08T19:16:10.8797810Z   allow-unsafe-pr-checkout: false
2026-10-08T19:16:10.8798589Z ##[endgroup]
2026-10-08T19:16:10.9854981Z Syncing repository: Jacob-Met/tastetable
2026-10-08T19:16:10.9856884Z ##[group]Getting Git version info
2026-10-08T19:16:10.9857658Z Working directory is '/home/runner/work/tastetable/tastetable'
2026-10-08T19:16:10.9858676Z [command]/usr/bin/git version
2026-10-08T19:16:10.9952238Z git version 2.55.0
2026-10-08T19:16:11.0007987Z ##[endgroup]
2026-10-08T19:16:11.0028438Z Temporarily overriding HOME='/home/runner/work/_temp/490c9c96-ec60-4be9-94d6-03acffd36f21' before making global git config changes
2026-10-08T19:16:11.0029947Z Adding repository directory to the temporary git global config as a safe directory
2026-10-08T19:16:11.0034427Z [command]/usr/bin/git config --global --add safe.directory /home/runner/work/tastetable/tastetable
2026-10-08T19:16:11.0091375Z Deleting the contents of '/home/runner/work/tastetable/tastetable'
2026-10-08T19:16:11.0096366Z ##[group]Determining repository object format
2026-10-08T19:16:11.0097997Z ##[endgroup]
2026-10-08T19:16:11.0098931Z ##[group]Initializing the repository
2026-10-08T19:16:11.0103216Z [command]/usr/bin/git init /home/runner/work/tastetable/tastetable
2026-10-08T19:16:11.0235235Z hint: Using 'master' as the name for the initial branch. This default branch name
2026-10-08T19:16:11.0236987Z hint: will change to "main" in Git 3.0. To configure the initial branch name
2026-10-08T19:16:11.0238542Z hint: to use in all of your new repositories, which will suppress this warning,
2026-10-08T19:16:11.0239730Z hint: call:
2026-10-08T19:16:11.0240355Z hint:
2026-10-08T19:16:11.0241136Z hint: 	git config --global init.defaultBranch <name>
2026-10-08T19:16:11.0242171Z hint:
2026-10-08T19:16:11.0243151Z hint: Names commonly chosen instead of 'master' are 'main', 'trunk' and
2026-10-08T19:16:11.0244901Z hint: 'development'. The just-created branch can be renamed via this command:
2026-10-08T19:16:11.0246097Z hint:
2026-10-08T19:16:11.0246798Z hint: 	git branch -m <name>
2026-10-08T19:16:11.0247620Z hint:
2026-10-08T19:16:11.0248624Z hint: Disable this message with "git config set advice.defaultBranchName false"
2026-10-08T19:16:11.0255293Z Initialized empty Git repository in /home/runner/work/tastetable/tastetable/.git/
2026-10-08T19:16:11.0267639Z [command]/usr/bin/git remote add origin https://github.com/Jacob-Met/tastetable
2026-10-08T19:16:11.0335245Z ##[endgroup]
2026-10-08T19:16:11.0336559Z ##[group]Disabling automatic garbage collection
2026-10-08T19:16:11.0339741Z [command]/usr/bin/git config --local gc.auto 0
2026-10-08T19:16:11.0375790Z ##[endgroup]
2026-10-08T19:16:11.0377176Z ##[group]Setting up auth
2026-10-08T19:16:11.0378166Z Removing SSH command configuration
2026-10-08T19:16:11.0385565Z [command]/usr/bin/git config --local --name-only --get-regexp core\.sshCommand
2026-10-08T19:16:11.0423343Z [command]/usr/bin/git submodule foreach --recursive sh -c "git config --local --name-only --get-regexp 'core\.sshCommand' && git config --local --unset-all 'core.sshCommand' || :"
2026-10-08T19:16:11.0801329Z Removing HTTP extra header
2026-10-08T19:16:11.0807713Z [command]/usr/bin/git config --local --name-only --get-regexp http\.https\:\/\/github\.com\/\.extraheader
2026-10-08T19:16:11.0843270Z [command]/usr/bin/git submodule foreach --recursive sh -c "git config --local --name-only --get-regexp 'http\.https\:\/\/github\.com\/\.extraheader' && git config --local --unset-all 'http.https://github.com/.extraheader' || :"
2026-10-08T19:16:11.1077857Z Removing includeIf entries pointing to credentials config files
2026-10-08T19:16:11.1086053Z [command]/usr/bin/git config --local --name-only --get-regexp ^includeIf\.gitdir:
2026-10-08T19:16:11.1128688Z [command]/usr/bin/git submodule foreach --recursive git config --local --show-origin --name-only --get-regexp remote.origin.url
2026-10-08T19:16:11.1360062Z [command]/usr/bin/git config --file /home/runner/work/_temp/git-credentials-39dd348d-6106-4ddd-9814-c959f921fd0a.config http.https://github.com/.extraheader AUTHORIZATION: basic ***
2026-10-08T19:16:11.1401163Z [command]/usr/bin/git config --local includeIf.gitdir:/home/runner/work/tastetable/tastetable/.git.path /home/runner/work/_temp/git-credentials-39dd348d-6106-4ddd-9814-c959f921fd0a.config
2026-10-08T19:16:11.1435452Z [command]/usr/bin/git config --local includeIf.gitdir:/home/runner/work/tastetable/tastetable/.git/worktrees/*.path /home/runner/work/_temp/git-credentials-39dd348d-6106-4ddd-9814-c959f921fd0a.config
2026-10-08T19:16:11.1474520Z [command]/usr/bin/git config --local includeIf.gitdir:/github/workspace/.git.path /github/runner_temp/git-credentials-39dd348d-6106-4ddd-9814-c959f921fd0a.config
2026-10-08T19:16:11.1511423Z [command]/usr/bin/git config --local includeIf.gitdir:/github/workspace/.git/worktrees/*.path /github/runner_temp/git-credentials-39dd348d-6106-4ddd-9814-c959f921fd0a.config
2026-10-08T19:16:11.1545377Z ##[endgroup]
2026-10-08T19:16:11.1546166Z ##[group]Fetching the repository
2026-10-08T19:16:11.1551878Z [command]/usr/bin/git -c protocol.version=2 fetch --no-tags --prune --no-recurse-submodules --depth=1 origin +5d1b333993b601882da92defc0ac652e09230f8f:refs/remotes/pull/46/merge
2026-10-08T19:16:12.3865493Z From https://github.com/Jacob-Met/tastetable
2026-10-08T19:16:12.3868379Z  * [new ref]         5d1b333993b601882da92defc0ac652e09230f8f -> pull/46/merge
2026-10-08T19:16:12.3873901Z ##[endgroup]
2026-10-08T19:16:12.3876404Z ##[group]Determining the checkout info
2026-10-08T19:16:12.3879048Z ##[endgroup]
2026-10-08T19:16:12.3880426Z [command]/usr/bin/git sparse-checkout disable
2026-10-08T19:16:12.3935334Z [command]/usr/bin/git config --local --unset-all extensions.worktreeConfig
2026-10-08T19:16:12.3968022Z ##[group]Checking out the ref
2026-10-08T19:16:12.3973660Z [command]/usr/bin/git checkout --progress --force refs/remotes/pull/46/merge
2026-10-08T19:16:12.4707266Z Note: switching to 'refs/remotes/pull/46/merge'.
2026-10-08T19:16:12.4709083Z 
2026-10-08T19:16:12.4710556Z You are in 'detached HEAD' state. You can look around, make experimental
2026-10-08T19:16:12.4713224Z changes and commit them, and you can discard any commits you make in this
2026-10-08T19:16:12.4716093Z state without impacting any branches by switching back to a branch.
2026-10-08T19:16:12.4718444Z 
2026-10-08T19:16:12.4719684Z If you want to create a new branch to retain commits you create, you may
2026-10-08T19:16:12.4723129Z do so (now or later) by using -c with the switch command. Example:
2026-10-08T19:16:12.4724971Z 
2026-10-08T19:16:12.4725711Z   git switch -c <new-branch-name>
2026-10-08T19:16:12.4726899Z 
2026-10-08T19:16:12.4727703Z Or undo this operation with:
2026-10-08T19:16:12.4728630Z 
2026-10-08T19:16:12.4729190Z   git switch -
2026-10-08T19:16:12.4729835Z 
2026-10-08T19:16:12.4730755Z Turn off this advice by setting config variable advice.detachedHead to false
2026-10-08T19:16:12.4732088Z 
2026-10-08T19:16:12.4733585Z HEAD is now at 5d1b333 Merge 72e1009b28d58c2c4be51e037eb32516e2be630e into 7a0c55c4e608ae4e910745a97270fde966575cd0
2026-10-08T19:16:12.4738986Z ##[endgroup]
2026-10-08T19:16:12.4771598Z [command]/usr/bin/git log -1 --format=%H
2026-10-08T19:16:12.4800451Z 5d1b333993b601882da92defc0ac652e09230f8f
2026-10-08T19:16:12.5286207Z ##[group]Run actions/setup-python@5fda3b95a4ea91299a34e894583c3862153e4b97
2026-10-08T19:16:12.5288030Z with:
2026-10-08T19:16:12.5288951Z   python-version: 3.12
2026-10-08T19:16:12.5289997Z   check-latest: false
2026-10-08T19:16:12.5300594Z   token: ***
2026-10-08T19:16:12.5301579Z   update-environment: true
2026-10-08T19:16:12.5302692Z   allow-prereleases: false
2026-10-08T19:16:12.5303832Z   freethreaded: false
2026-10-08T19:16:12.5305112Z ##[endgroup]
2026-10-08T19:16:12.6470586Z ##[group]Installed versions
2026-10-08T19:16:12.6556649Z Successfully set up CPython (3.12.15)
2026-10-08T19:16:12.6559843Z ##[endgroup]
2026-10-08T19:16:12.6802941Z ##[group]Run pip install -r requirements.txt
2026-10-08T19:16:12.6806206Z [36;1mpip install -r requirements.txt[0m
2026-10-08T19:16:12.7114992Z shell: /usr/bin/bash -e {0}
2026-10-08T19:16:12.7116191Z env:
2026-10-08T19:16:12.7117349Z   pythonLocation: /opt/hostedtoolcache/Python/3.12.15/x64
2026-10-08T19:16:12.7119241Z   PKG_CONFIG_PATH: /opt/hostedtoolcache/Python/3.12.15/x64/lib/pkgconfig
2026-10-08T19:16:12.7121182Z   Python_ROOT_DIR: /opt/hostedtoolcache/Python/3.12.15/x64
2026-10-08T19:16:12.7122883Z   Python2_ROOT_DIR: /opt/hostedtoolcache/Python/3.12.15/x64
2026-10-08T19:16:12.7124793Z   Python3_ROOT_DIR: /opt/hostedtoolcache/Python/3.12.15/x64
2026-10-08T19:16:12.7126530Z   LD_LIBRARY_PATH: /opt/hostedtoolcache/Python/3.12.15/x64/lib
2026-10-08T19:16:12.7128000Z ##[endgroup]
2026-10-08T19:16:13.5676621Z Collecting fastapi>=0.110 (from -r requirements.txt (line 1))
2026-10-08T19:16:13.6135536Z   Downloading fastapi-0.143.0-py3-none-any.whl.metadata (26 kB)
2026-10-08T19:16:13.6446906Z Collecting uvicorn>=0.29 (from -r requirements.txt (line 2))
2026-10-08T19:16:13.6473667Z   Downloading uvicorn-0.54.0-py3-none-any.whl.metadata (6.6 kB)
2026-10-08T19:16:13.6640977Z Collecting httpx>=0.27 (from -r requirements.txt (line 3))
2026-10-08T19:16:13.6666867Z   Downloading httpx-0.28.1-py3-none-any.whl.metadata (7.1 kB)
2026-10-08T19:16:13.6920799Z Collecting pytest>=8 (from -r requirements.txt (line 4))
2026-10-08T19:16:13.6956207Z   Downloading pytest-9.1.1-py3-none-any.whl.metadata (7.6 kB)
2026-10-08T19:16:13.7307042Z Collecting starlette>=0.46.0 (from fastapi>=0.110->-r requirements.txt (line 1))
2026-10-08T19:16:13.7334007Z   Downloading starlette-1.7.0-py3-none-any.whl.metadata (6.6 kB)
2026-10-08T19:16:13.8347922Z Collecting pydantic>=2.9.0 (from fastapi>=0.110->-r requirements.txt (line 1))
2026-10-08T19:16:13.8380825Z   Downloading pydantic-2.14.0-py3-none-any.whl.metadata (131 kB)
2026-10-08T19:16:13.8787428Z Collecting typing-extensions>=4.8.0 (from fastapi>=0.110->-r requirements.txt (line 1))
2026-10-08T19:16:13.8819346Z   Downloading typing_extensions-4.16.0-py3-none-any.whl.metadata (3.3 kB)
2026-10-08T19:16:13.8925082Z Collecting typing-inspection>=0.4.2 (from fastapi>=0.110->-r requirements.txt (line 1))
2026-10-08T19:16:13.8979613Z   Downloading typing_inspection-0.4.4-py3-none-any.whl.metadata (2.6 kB)
2026-10-08T19:16:13.9082632Z Collecting annotated-doc>=0.0.2 (from fastapi>=0.110->-r requirements.txt (line 1))
2026-10-08T19:16:13.9109194Z   Downloading annotated_doc-0.0.5-py3-none-any.whl.metadata (6.5 kB)
2026-10-08T19:16:13.9282485Z Collecting opentelemetry-api>=1.44.0 (from fastapi>=0.110->-r requirements.txt (line 1))
2026-10-08T19:16:13.9310104Z   Downloading opentelemetry_api-1.45.1-py3-none-any.whl.metadata (1.4 kB)
2026-10-08T19:16:13.9469483Z Collecting click>=7.0 (from uvicorn>=0.29->-r requirements.txt (line 2))
2026-10-08T19:16:13.9497655Z   Downloading click-8.5.0-py3-none-any.whl.metadata (2.6 kB)
2026-10-08T19:16:13.9594953Z Collecting h11>=0.8 (from uvicorn>=0.29->-r requirements.txt (line 2))
2026-10-08T19:16:13.9624634Z   Downloading h11-0.16.0-py3-none-any.whl.metadata (8.3 kB)
2026-10-08T19:16:13.9818251Z Collecting anyio (from httpx>=0.27->-r requirements.txt (line 3))
2026-10-08T19:16:13.9844288Z   Downloading anyio-4.15.1-py3-none-any.whl.metadata (4.7 kB)
2026-10-08T19:16:14.0031766Z Collecting certifi (from httpx>=0.27->-r requirements.txt (line 3))
2026-10-08T19:16:14.0058001Z   Downloading certifi-2026.7.22-py3-none-any.whl.metadata (2.5 kB)
2026-10-08T19:16:14.0204705Z Collecting httpcore==1.* (from httpx>=0.27->-r requirements.txt (line 3))
2026-10-08T19:16:14.0234665Z   Downloading httpcore-1.0.9-py3-none-any.whl.metadata (21 kB)
2026-10-08T19:16:14.0375881Z Collecting idna (from httpx>=0.27->-r requirements.txt (line 3))
2026-10-08T19:16:14.0414791Z   Downloading idna-3.20-py3-none-any.whl.metadata (7.2 kB)
2026-10-08T19:16:14.0528548Z Collecting iniconfig>=1.0.1 (from pytest>=8->-r requirements.txt (line 4))
2026-10-08T19:16:14.0556802Z   Downloading iniconfig-2.3.1-py3-none-any.whl.metadata (2.8 kB)
2026-10-08T19:16:14.0689869Z Collecting packaging>=22 (from pytest>=8->-r requirements.txt (line 4))
2026-10-08T19:16:14.0730093Z   Downloading packaging-26.3-py3-none-any.whl.metadata (3.5 kB)
2026-10-08T19:16:14.0837105Z Collecting pluggy<2,>=1.5 (from pytest>=8->-r requirements.txt (line 4))
2026-10-08T19:16:14.0862746Z   Downloading pluggy-1.6.0-py3-none-any.whl.metadata (4.8 kB)
2026-10-08T19:16:14.1043397Z Collecting pygments>=2.7.2 (from pytest>=8->-r requirements.txt (line 4))
2026-10-08T19:16:14.1076117Z   Downloading pygments-2.21.0-py3-none-any.whl.metadata (2.5 kB)
2026-10-08T19:16:14.1211105Z Collecting annotated-types>=0.6.0 (from pydantic>=2.9.0->fastapi>=0.110->-r requirements.txt (line 1))
2026-10-08T19:16:14.1258578Z   Downloading annotated_types-0.8.0-py3-none-any.whl.metadata (15 kB)
2026-10-08T19:16:14.7941480Z Collecting pydantic-core==2.50.0 (from pydantic>=2.9.0->fastapi>=0.110->-r requirements.txt (line 1))
2026-10-08T19:16:14.7972289Z   Downloading pydantic_core-2.50.0-cp312-cp312-manylinux_2_17_x86_64.manylinux2014_x86_64.whl.metadata (6.5 kB)
2026-10-08T19:16:14.8135212Z Downloading fastapi-0.143.0-py3-none-any.whl (144 kB)
2026-10-08T19:16:14.8190465Z Downloading uvicorn-0.54.0-py3-none-any.whl (87 kB)
2026-10-08T19:16:14.8240314Z Downloading httpx-0.28.1-py3-none-any.whl (73 kB)
2026-10-08T19:16:14.8296933Z Downloading httpcore-1.0.9-py3-none-any.whl (78 kB)
2026-10-08T19:16:14.8348061Z Downloading pytest-9.1.1-py3-none-any.whl (386 kB)
2026-10-08T19:16:14.8471145Z Downloading pluggy-1.6.0-py3-none-any.whl (20 kB)
2026-10-08T19:16:14.8538587Z Downloading annotated_doc-0.0.5-py3-none-any.whl (5.3 kB)
2026-10-08T19:16:14.8591704Z Downloading click-8.5.0-py3-none-any.whl (125 kB)
2026-10-08T19:16:14.8643746Z Downloading h11-0.16.0-py3-none-any.whl (37 kB)
2026-10-08T19:16:14.8711842Z Downloading iniconfig-2.3.1-py3-none-any.whl (7.6 kB)
2026-10-08T19:16:14.8759557Z Downloading opentelemetry_api-1.45.1-py3-none-any.whl (60 kB)
2026-10-08T19:16:14.8811166Z Downloading packaging-26.3-py3-none-any.whl (129 kB)
2026-10-08T19:16:14.8863284Z Downloading pydantic-2.14.0-py3-none-any.whl (487 kB)
2026-10-08T19:16:14.8940280Z Downloading pydantic_core-2.50.0-cp312-cp312-manylinux_2_17_x86_64.manylinux2014_x86_64.whl (2.2 MB)
2026-10-08T19:16:14.9081916Z    ━━━━━━━━━━━━━━━━━━━━━━━━━━━━━━━━━━━━━━━━ 2.2/2.2 MB 179.6 MB/s  0:00:00
2026-10-08T19:16:14.9109055Z Downloading annotated_types-0.8.0-py3-none-any.whl (13 kB)
2026-10-08T19:16:14.9161793Z Downloading pygments-2.21.0-py3-none-any.whl (1.3 MB)
2026-10-08T19:16:14.9243860Z    ━━━━━━━━━━━━━━━━━━━━━━━━━━━━━━━━━━━━━━━━ 1.3/1.3 MB 165.9 MB/s  0:00:00
2026-10-08T19:16:14.9272175Z Downloading starlette-1.7.0-py3-none-any.whl (78 kB)
2026-10-08T19:16:14.9327590Z Downloading anyio-4.15.1-py3-none-any.whl (132 kB)
2026-10-08T19:16:14.9382142Z Downloading idna-3.20-py3-none-any.whl (69 kB)
2026-10-08T19:16:14.9433594Z Downloading typing_extensions-4.16.0-py3-none-any.whl (45 kB)
2026-10-08T19:16:14.9483682Z Downloading typing_inspection-0.4.4-py3-none-any.whl (14 kB)
2026-10-08T19:16:14.9529375Z Downloading certifi-2026.7.22-py3-none-any.whl (136 kB)
2026-10-08T19:16:15.0805233Z Installing collected packages: typing-extensions, pygments, pluggy, packaging, iniconfig, idna, h11, click, certifi, annotated-types, annotated-doc, uvicorn, typing-inspection, pytest, pydantic-core, opentelemetry-api, httpcore, anyio, starlette, pydantic, httpx, fastapi
2026-10-08T19:16:17.2675840Z 
2026-10-08T19:16:17.2702548Z Successfully installed annotated-doc-0.0.5 annotated-types-0.8.0 anyio-4.15.1 certifi-2026.7.22 click-8.5.0 fastapi-0.143.0 h11-0.16.0 httpcore-1.0.9 httpx-0.28.1 idna-3.20 iniconfig-2.3.1 opentelemetry-api-1.45.1 packaging-26.3 pluggy-1.6.0 pydantic-2.14.0 pydantic-core-2.50.0 pygments-2.21.0 pytest-9.1.1 starlette-1.7.0 typing-extensions-4.16.0 typing-inspection-0.4.4 uvicorn-0.54.0
2026-10-08T19:16:17.3537280Z ##[group]Run python -m pytest -q
2026-10-08T19:16:17.3537605Z [36;1mpython -m pytest -q[0m
2026-10-08T19:16:17.3603368Z shell: /usr/bin/bash -e {0}
2026-10-08T19:16:17.3603624Z env:
2026-10-08T19:16:17.3604057Z   pythonLocation: /opt/hostedtoolcache/Python/3.12.15/x64
2026-10-08T19:16:17.3604526Z   PKG_CONFIG_PATH: /opt/hostedtoolcache/Python/3.12.15/x64/lib/pkgconfig
2026-10-08T19:16:17.3604994Z   Python_ROOT_DIR: /opt/hostedtoolcache/Python/3.12.15/x64
2026-10-08T19:16:17.3605414Z   Python2_ROOT_DIR: /opt/hostedtoolcache/Python/3.12.15/x64
2026-10-08T19:16:17.3605837Z   Python3_ROOT_DIR: /opt/hostedtoolcache/Python/3.12.15/x64
2026-10-08T19:16:17.3606246Z   LD_LIBRARY_PATH: /opt/hostedtoolcache/Python/3.12.15/x64/lib
2026-10-08T19:16:17.3606590Z ##[endgroup]
2026-10-08T19:16:18.8787679Z ............................................. [ 24%]
2026-10-08T19:16:33.0035931Z ..........................................................................................................................................   [100%]
2026-10-08T19:16:33.0037099Z =============================== warnings summary ===============================
2026-10-08T19:16:33.0037846Z ../../../../../opt/hostedtoolcache/Python/3.12.15/x64/lib/python3.12/site-packages/fastapi/testclient.py:1
2026-10-08T19:16:33.0039276Z   /opt/hostedtoolcache/Python/3.12.15/x64/lib/python3.12/site-packages/fastapi/testclient.py:1: StarletteDeprecationWarning: Using `httpx` with `starlette.testclient` is deprecated; install `httpx2` instead.
2026-10-08T19:16:33.0040886Z     from starlette.testclient import TestClient as TestClient  # noqa
2026-10-08T19:16:33.0041271Z 
2026-10-08T19:16:33.0041553Z -- Docs: https://docs.pytest.org/en/stable/how-to/capture-warnings.html
2026-10-08T19:16:33.0042144Z 183 passed, 1 warning, 247 subtests passed in 15.03s
2026-10-08T19:16:33.0881474Z Post job cleanup.
2026-10-08T19:16:33.2210477Z Post job cleanup.
2026-10-08T19:16:33.3128649Z [command]/usr/bin/git version
2026-10-08T19:16:33.3183765Z git version 2.55.0
2026-10-08T19:16:33.3222368Z Temporarily overriding HOME='/home/runner/work/_temp/9764bfbc-1a96-46b6-bb92-6487c0ae6ab7' before making global git config changes
2026-10-08T19:16:33.3223701Z Adding repository directory to the temporary git global config as a safe directory
2026-10-08T19:16:33.3228234Z [command]/usr/bin/git config --global --add safe.directory /home/runner/work/tastetable/tastetable
2026-10-08T19:16:33.3262723Z Removing SSH command configuration
2026-10-08T19:16:33.3269913Z [command]/usr/bin/git config --local --name-only --get-regexp core\.sshCommand
2026-10-08T19:16:33.3307888Z [command]/usr/bin/git submodule foreach --recursive sh -c "git config --local --name-only --get-regexp 'core\.sshCommand' && git config --local --unset-all 'core.sshCommand' || :"
2026-10-08T19:16:33.3570474Z Removing HTTP extra header
2026-10-08T19:16:33.3577073Z [command]/usr/bin/git config --local --name-only --get-regexp http\.https\:\/\/github\.com\/\.extraheader
2026-10-08T19:16:33.3626832Z [command]/usr/bin/git submodule foreach --recursive sh -c "git config --local --name-only --get-regexp 'http\.https\:\/\/github\.com\/\.extraheader' && git config --local --unset-all 'http.https://github.com/.extraheader' || :"
2026-10-08T19:16:33.3883040Z Removing includeIf entries pointing to credentials config files
2026-10-08T19:16:33.3891245Z [command]/usr/bin/git config --local --name-only --get-regexp ^includeIf\.gitdir:
2026-10-08T19:16:33.3923637Z includeif.gitdir:/home/runner/work/tastetable/tastetable/.git.path
2026-10-08T19:16:33.3924956Z includeif.gitdir:/home/runner/work/tastetable/tastetable/.git/worktrees/*.path
2026-10-08T19:16:33.3926012Z includeif.gitdir:/github/workspace/.git.path
2026-10-08T19:16:33.3926961Z includeif.gitdir:/github/workspace/.git/worktrees/*.path
2026-10-08T19:16:33.3933818Z [command]/usr/bin/git config --local --get-all includeif.gitdir:/home/runner/work/tastetable/tastetable/.git.path
2026-10-08T19:16:33.3962348Z /home/runner/work/_temp/git-credentials-39dd348d-6106-4ddd-9814-c959f921fd0a.config
2026-10-08T19:16:33.3977884Z [command]/usr/bin/git config --local --unset includeif.gitdir:/home/runner/work/tastetable/tastetable/.git.path \/home\/runner\/work\/_temp\/git\-credentials\-39dd348d\-6106\-4ddd\-9814\-c959f921fd0a\.config
2026-10-08T19:16:33.4019608Z [command]/usr/bin/git config --local --get-all includeif.gitdir:/home/runner/work/tastetable/tastetable/.git/worktrees/*.path
2026-10-08T19:16:33.4057282Z /home/runner/work/_temp/git-credentials-39dd348d-6106-4ddd-9814-c959f921fd0a.config
2026-10-08T19:16:33.4069551Z [command]/usr/bin/git config --local --unset includeif.gitdir:/home/runner/work/tastetable/tastetable/.git/worktrees/*.path \/home\/runner\/work\/_temp\/git\-credentials\-39dd348d\-6106\-4ddd\-9814\-c959f921fd0a\.config
2026-10-08T19:16:33.4110012Z [command]/usr/bin/git config --local --get-all includeif.gitdir:/github/workspace/.git.path
2026-10-08T19:16:33.4137054Z /github/runner_temp/git-credentials-39dd348d-6106-4ddd-9814-c959f921fd0a.config
2026-10-08T19:16:33.4144547Z [command]/usr/bin/git config --local --unset includeif.gitdir:/github/workspace/.git.path \/github\/runner_temp\/git\-credentials\-39dd348d\-6106\-4ddd\-9814\-c959f921fd0a\.config
2026-10-08T19:16:33.4181357Z [command]/usr/bin/git config --local --get-all includeif.gitdir:/github/workspace/.git/worktrees/*.path
2026-10-08T19:16:33.4233272Z /github/runner_temp/git-credentials-39dd348d-6106-4ddd-9814-c959f921fd0a.config
2026-10-08T19:16:33.4235728Z [command]/usr/bin/git config --local --unset includeif.gitdir:/github/workspace/.git/worktrees/*.path \/github\/runner_temp\/git\-credentials\-39dd348d\-6106\-4ddd\-9814\-c959f921fd0a\.config
2026-10-08T19:16:33.4258302Z [command]/usr/bin/git submodule foreach --recursive git config --local --show-origin --name-only --get-regexp remote.origin.url
2026-10-08T19:16:33.4485079Z Removing credentials config '/home/runner/work/_temp/git-credentials-39dd348d-6106-4ddd-9814-c959f921fd0a.config'
2026-10-08T19:16:33.4642006Z Cleaning up orphan processes
